Archive member included to satisfy reference by file (symbol)

C:/ST/STM32CubeIDE_1.16.0/STM32CubeIDE/plugins/com.st.stm32cube.ide.mcu.externaltools.gnu-tools-for-stm32.12.3.rel1.win32_1.0.200.202406191623/tools/bin/../lib/gcc/arm-none-eabi/12.3.1/../../../../arm-none-eabi/lib/thumb/v7-m/nofp\libc_nano.a(libc_a-atoi.o)
                              ./Core/Src/main.o (atoi)
C:/ST/STM32CubeIDE_1.16.0/STM32CubeIDE/plugins/com.st.stm32cube.ide.mcu.externaltools.gnu-tools-for-stm32.12.3.rel1.win32_1.0.200.202406191623/tools/bin/../lib/gcc/arm-none-eabi/12.3.1/../../../../arm-none-eabi/lib/thumb/v7-m/nofp\libc_nano.a(libc_a-exit.o)
                              C:/ST/STM32CubeIDE_1.16.0/STM32CubeIDE/plugins/com.st.stm32cube.ide.mcu.externaltools.gnu-tools-for-stm32.12.3.rel1.win32_1.0.200.202406191623/tools/bin/../lib/gcc/arm-none-eabi/12.3.1/../../../../arm-none-eabi/lib/thumb/v7-m/nofp/crt0.o (exit)
C:/ST/STM32CubeIDE_1.16.0/STM32CubeIDE/plugins/com.st.stm32cube.ide.mcu.externaltools.gnu-tools-for-stm32.12.3.rel1.win32_1.0.200.202406191623/tools/bin/../lib/gcc/arm-none-eabi/12.3.1/../../../../arm-none-eabi/lib/thumb/v7-m/nofp\libc_nano.a(libc_a-strtol.o)
                              C:/ST/STM32CubeIDE_1.16.0/STM32CubeIDE/plugins/com.st.stm32cube.ide.mcu.externaltools.gnu-tools-for-stm32.12.3.rel1.win32_1.0.200.202406191623/tools/bin/../lib/gcc/arm-none-eabi/12.3.1/../../../../arm-none-eabi/lib/thumb/v7-m/nofp\libc_nano.a(libc_a-atoi.o) (_strtol_r)
C:/ST/STM32CubeIDE_1.16.0/STM32CubeIDE/plugins/com.st.stm32cube.ide.mcu.externaltools.gnu-tools-for-stm32.12.3.rel1.win32_1.0.200.202406191623/tools/bin/../lib/gcc/arm-none-eabi/12.3.1/../../../../arm-none-eabi/lib/thumb/v7-m/nofp\libc_nano.a(libc_a-ctype_.o)
                              C:/ST/STM32CubeIDE_1.16.0/STM32CubeIDE/plugins/com.st.stm32cube.ide.mcu.externaltools.gnu-tools-for-stm32.12.3.rel1.win32_1.0.200.202406191623/tools/bin/../lib/gcc/arm-none-eabi/12.3.1/../../../../arm-none-eabi/lib/thumb/v7-m/nofp\libc_nano.a(libc_a-strtol.o) (_ctype_)
C:/ST/STM32CubeIDE_1.16.0/STM32CubeIDE/plugins/com.st.stm32cube.ide.mcu.externaltools.gnu-tools-for-stm32.12.3.rel1.win32_1.0.200.202406191623/tools/bin/../lib/gcc/arm-none-eabi/12.3.1/../../../../arm-none-eabi/lib/thumb/v7-m/nofp\libc_nano.a(libc_a-nano-vfprintf_float.o)
                              (_printf_float)
C:/ST/STM32CubeIDE_1.16.0/STM32CubeIDE/plugins/com.st.stm32cube.ide.mcu.externaltools.gnu-tools-for-stm32.12.3.rel1.win32_1.0.200.202406191623/tools/bin/../lib/gcc/arm-none-eabi/12.3.1/../../../../arm-none-eabi/lib/thumb/v7-m/nofp\libc_nano.a(libc_a-nano-vfprintf_i.o)
                              C:/ST/STM32CubeIDE_1.16.0/STM32CubeIDE/plugins/com.st.stm32cube.ide.mcu.externaltools.gnu-tools-for-stm32.12.3.rel1.win32_1.0.200.202406191623/tools/bin/../lib/gcc/arm-none-eabi/12.3.1/../../../../arm-none-eabi/lib/thumb/v7-m/nofp\libc_nano.a(libc_a-nano-vfprintf_float.o) (_printf_common)
C:/ST/STM32CubeIDE_1.16.0/STM32CubeIDE/plugins/com.st.stm32cube.ide.mcu.externaltools.gnu-tools-for-stm32.12.3.rel1.win32_1.0.200.202406191623/tools/bin/../lib/gcc/arm-none-eabi/12.3.1/../../../../arm-none-eabi/lib/thumb/v7-m/nofp\libc_nano.a(libc_a-findfp.o)
                              C:/ST/STM32CubeIDE_1.16.0/STM32CubeIDE/plugins/com.st.stm32cube.ide.mcu.externaltools.gnu-tools-for-stm32.12.3.rel1.win32_1.0.200.202406191623/tools/bin/../lib/gcc/arm-none-eabi/12.3.1/../../../../arm-none-eabi/lib/thumb/v7-m/nofp\libc_nano.a(libc_a-exit.o) (__stdio_exit_handler)
C:/ST/STM32CubeIDE_1.16.0/STM32CubeIDE/plugins/com.st.stm32cube.ide.mcu.externaltools.gnu-tools-for-stm32.12.3.rel1.win32_1.0.200.202406191623/tools/bin/../lib/gcc/arm-none-eabi/12.3.1/../../../../arm-none-eabi/lib/thumb/v7-m/nofp\libc_nano.a(libc_a-fwalk.o)
                              C:/ST/STM32CubeIDE_1.16.0/STM32CubeIDE/plugins/com.st.stm32cube.ide.mcu.externaltools.gnu-tools-for-stm32.12.3.rel1.win32_1.0.200.202406191623/tools/bin/../lib/gcc/arm-none-eabi/12.3.1/../../../../arm-none-eabi/lib/thumb/v7-m/nofp\libc_nano.a(libc_a-findfp.o) (_fwalk_sglue)
C:/ST/STM32CubeIDE_1.16.0/STM32CubeIDE/plugins/com.st.stm32cube.ide.mcu.externaltools.gnu-tools-for-stm32.12.3.rel1.win32_1.0.200.202406191623/tools/bin/../lib/gcc/arm-none-eabi/12.3.1/../../../../arm-none-eabi/lib/thumb/v7-m/nofp\libc_nano.a(libc_a-printf.o)
                              ./Middlewares/ST/STM32_USB_Device_Library/Core/Src/usbd_core.o (printf)
C:/ST/STM32CubeIDE_1.16.0/STM32CubeIDE/plugins/com.st.stm32cube.ide.mcu.externaltools.gnu-tools-for-stm32.12.3.rel1.win32_1.0.200.202406191623/tools/bin/../lib/gcc/arm-none-eabi/12.3.1/../../../../arm-none-eabi/lib/thumb/v7-m/nofp\libc_nano.a(libc_a-putchar.o)
                              ./Middlewares/ST/STM32_USB_Device_Library/Core/Src/usbd_core.o (putchar)
[...]
Memory Configuration

Name             Origin             Length             Attributes
RAM              0x20000000         0x00005000         xrw
FLASH            0x08000000         0x00010000         xr
*default*        0x00000000         0xffffffff

Linker script and memory map

LOAD C:/ST/STM32CubeIDE_1.16.0/STM32CubeIDE/plugins/com.st.stm32cube.ide.mcu.externaltools.gnu-tools-for-stm32.12.3.rel1.win32_1.0.200.202406191623/tools/bin/../lib/gcc/arm-none-eabi/12.3.1/thumb/v7-m/nofp/crti.o
LOAD C:/ST/STM32CubeIDE_1.16.0/STM32CubeIDE/plugins/com.st.stm32cube.ide.mcu.externaltools.gnu-tools-for-stm32.12.3.rel1.win32_1.0.200.202406191623/tools/bin/../lib/gcc/arm-none-eabi/12.3.1/thumb/v7-m/nofp/crtbegin.o
LOAD C:/ST/STM32CubeIDE_1.16.0/STM32CubeIDE/plugins/com.st.stm32cube.ide.mcu.externaltools.gnu-tools-for-stm32.12.3.rel1.win32_1.0.200.202406191623/tools/bin/../lib/gcc/arm-none-eabi/12.3.1/../../../../arm-none-eabi/lib/thumb/v7-m/nofp/crt0.o
LOAD ./Core/Src/ads1256.o
LOAD ./Core/Src/fatfs_sd.o
LOAD ./Core/Src/file.o
LOAD ./Core/Src/lcd.o
LOAD ./Core/Src/main.o
LOAD ./Core/Src/stm32f1xx_hal_msp.o
LOAD ./Core/Src/stm32f1xx_it.o
LOAD ./Core/Src/syscalls.o
LOAD ./Core/Src/sysmem.o
LOAD ./Core/Src/system_stm32f1xx.o
LOAD ./Core/Startup/startup_stm32f103c8tx.o
LOAD ./Drivers/STM32F1xx_HAL_Driver/Src/stm32f1xx_hal.o
LOAD ./Drivers/STM32F1xx_HAL_Driver/Src/stm32f1xx_hal_adc.o
LOAD ./Drivers/STM32F1xx_HAL_Driver/Src/stm32f1xx_hal_adc_ex.o
LOAD ./Drivers/STM32F1xx_HAL_Driver/Src/stm32f1xx_hal_cortex.o
LOAD ./Drivers/STM32F1xx_HAL_Driver/Src/stm32f1xx_hal_dma.o
LOAD ./Drivers/STM32F1xx_HAL_Driver/Src/stm32f1xx_hal_exti.o
LOAD ./Drivers/STM32F1xx_HAL_Driver/Src/stm32f1xx_hal_flash.o
LOAD ./Drivers/STM32F1xx_HAL_Driver/Src/stm32f1xx_hal_flash_ex.o
LOAD ./Drivers/STM32F1xx_HAL_Driver/Src/stm32f1xx_hal_gpio.o
LOAD ./Drivers/STM32F1xx_HAL_Driver/Src/stm32f1xx_hal_gpio_ex.o
LOAD ./Drivers/STM32F1xx_HAL_Driver/Src/stm32f1xx_hal_i2c.o
LOAD ./Drivers/STM32F1xx_HAL_Driver/Src/stm32f1xx_hal_iwdg.o
LOAD ./Drivers/STM32F1xx_HAL_Driver/Src/stm32f1xx_hal_pcd.o
LOAD ./Drivers/STM32F1xx_HAL_Driver/Src/stm32f1xx_hal_pcd_ex.o
LOAD ./Drivers/STM32F1xx_HAL_Driver/Src/stm32f1xx_hal_pwr.o
LOAD ./Drivers/STM32F1xx_HAL_Driver/Src/stm32f1xx_hal_rcc.o
LOAD ./Drivers/STM32F1xx_HAL_Driver/Src/stm32f1xx_hal_rcc_ex.o
LOAD ./Drivers/STM32F1xx_HAL_Driver/Src/stm32f1xx_hal_spi.o
LOAD ./Drivers/STM32F1xx_HAL_Driver/Src/stm32f1xx_hal_tim.o
LOAD ./Drivers/STM32F1xx_HAL_Driver/Src/stm32f1xx_hal_tim_ex.o
LOAD ./Drivers/STM32F1xx_HAL_Driver/Src/stm32f1xx_hal_uart.o
LOAD ./Drivers/STM32F1xx_HAL_Driver/Src/stm32f1xx_ll_usb.o
LOAD ./FATFS/App/fatfs.o
LOAD ./FATFS/Target/user_diskio.o
LOAD ./Middlewares/ST/STM32_USB_Device_Library/Class/CDC/Src/usbd_cdc.o
LOAD ./Middlewares/ST/STM32_USB_Device_Library/Core/Src/usbd_core.o
LOAD ./Middlewares/ST/STM32_USB_Device_Library/Core/Src/usbd_ctlreq.o
LOAD ./Middlewares/ST/STM32_USB_Device_Library/Core/Src/usbd_ioreq.o
LOAD ./Middlewares/Third_Party/FatFs/src/diskio.o
LOAD ./Middlewares/Third_Party/FatFs/src/ff.o
LOAD ./Middlewares/Third_Party/FatFs/src/ff_gen_drv.o
LOAD ./Middlewares/Third_Party/FatFs/src/option/ccsbcs.o
LOAD ./Middlewares/Third_Party/FatFs/src/option/syscall.o
LOAD ./USB_DEVICE/App/usb_device.o
LOAD ./USB_DEVICE/App/usbd_cdc_if.o
LOAD ./USB_DEVICE/App/usbd_desc.o
LOAD ./USB_DEVICE/Target/usbd_conf.o
START GROUP
LOAD C:/ST/STM32CubeIDE_1.16.0/STM32CubeIDE/plugins/com.st.stm32cube.ide.mcu.externaltools.gnu-tools-for-stm32.12.3.rel1.win32_1.0.200.202406191623/tools/bin/../lib/gcc/arm-none-eabi/12.3.1/../../../../arm-none-eabi/lib/thumb/v7-m/nofp\libc_nano.a
LOAD C:/ST/STM32CubeIDE_1.16.0/STM32CubeIDE/plugins/com.st.stm32cube.ide.mcu.externaltools.gnu-tools-for-stm32.12.3.rel1.win32_1.0.200.202406191623/tools/bin/../lib/gcc/arm-none-eabi/12.3.1/../../../../arm-none-eabi/lib/thumb/v7-m/nofp\libm.a
END GROUP
START GROUP
LOAD C:/ST/STM32CubeIDE_1.16.0/STM32CubeIDE/plugins/com.st.stm32cube.ide.mcu.externaltools.gnu-tools-for-stm32.12.3.rel1.win32_1.0.200.202406191623/tools/bin/../lib/gcc/arm-none-eabi/12.3.1/thumb/v7-m/nofp\libgcc.a
LOAD C:/ST/STM32CubeIDE_1.16.0/STM32CubeIDE/plugins/com.st.stm32cube.ide.mcu.externaltools.gnu-tools-for-stm32.12.3.rel1.win32_1.0.200.202406191623/tools/bin/../lib/gcc/arm-none-eabi/12.3.1/../../../../arm-none-eabi/lib/thumb/v7-m/nofp\libc_nano.a
END GROUP
START GROUP
LOAD C:/ST/STM32CubeIDE_1.16.0/STM32CubeIDE/plugins/com.st.stm32cube.ide.mcu.externaltools.gnu-tools-for-stm32.12.3.rel1.win32_1.0.200.202406191623/tools/bin/../lib/gcc/arm-none-eabi/12.3.1/thumb/v7-m/nofp\libgcc.a
LOAD C:/ST/STM32CubeIDE_1.16.0/STM32CubeIDE/plugins/com.st.stm32cube.ide.mcu.externaltools.gnu-tools-for-stm32.12.3.rel1.win32_1.0.200.202406191623/tools/bin/../lib/gcc/arm-none-eabi/12.3.1/../../../../arm-none-eabi/lib/thumb/v7-m/nofp\libc_nano.a
LOAD C:/ST/STM32CubeIDE_1.16.0/STM32CubeIDE/plugins/com.st.stm32cube.ide.mcu.externaltools.gnu-tools-for-stm32.12.3.rel1.win32_1.0.200.202406191623/tools/bin/../lib/gcc/arm-none-eabi/12.3.1/../../../../arm-none-eabi/lib/thumb/v7-m/nofp\libnosys.a
END GROUP
START GROUP
LOAD C:/ST/STM32CubeIDE_1.16.0/STM32CubeIDE/plugins/com.st.stm32cube.ide.mcu.externaltools.gnu-tools-for-stm32.12.3.rel1.win32_1.0.200.202406191623/tools/bin/../lib/gcc/arm-none-eabi/12.3.1/thumb/v7-m/nofp\libgcc.a
LOAD C:/ST/STM32CubeIDE_1.16.0/STM32CubeIDE/plugins/com.st.stm32cube.ide.mcu.externaltools.gnu-tools-for-stm32.12.3.rel1.win32_1.0.200.202406191623/tools/bin/../lib/gcc/arm-none-eabi/12.3.1/../../../../arm-none-eabi/lib/thumb/v7-m/nofp\libc_nano.a
LOAD C:/ST/STM32CubeIDE_1.16.0/STM32CubeIDE/plugins/com.st.stm32cube.ide.mcu.externaltools.gnu-tools-for-stm32.12.3.rel1.win32_1.0.200.202406191623/tools/bin/../lib/gcc/arm-none-eabi/12.3.1/../../../../arm-none-eabi/lib/thumb/v7-m/nofp\libnosys.a
END GROUP
LOAD C:/ST/STM32CubeIDE_1.16.0/STM32CubeIDE/plugins/com.st.stm32cube.ide.mcu.externaltools.gnu-tools-for-stm32.12.3.rel1.win32_1.0.200.202406191623/tools/bin/../lib/gcc/arm-none-eabi/12.3.1/thumb/v7-m/nofp/crtend.o
LOAD C:/ST/STM32CubeIDE_1.16.0/STM32CubeIDE/plugins/com.st.stm32cube.ide.mcu.externaltools.gnu-tools-for-stm32.12.3.rel1.win32_1.0.200.202406191623/tools/bin/../lib/gcc/arm-none-eabi/12.3.1/thumb/v7-m/nofp/crtn.o
                0x20005000                        _estack = (ORIGIN (RAM) + LENGTH (RAM))
                0x00000200                        _Min_Heap_Size = 0x200
                0x00000400                        _Min_Stack_Size = 0x400

.isr_vector     0x08000000      0x10c
                0x08000000                        . = ALIGN (0x4)
 *(.isr_vector)
 .isr_vector    0x08000000      0x10c ./Core/Startup/startup_stm32f103c8tx.o
                0x08000000                g_pfnVectors
                0x0800010c                        . = ALIGN (0x4)

.text           0x08000110     0xd060
                0x08000110                        . = ALIGN (0x4)
 *(.text)
 .text          0x08000110       0x40 C:/ST/STM32CubeIDE_1.16.0/STM32CubeIDE/plugins/com.st.stm32cube.ide.mcu.externaltools.gnu-tools-for-stm32.12.3.rel1.win32_1.0.200.202406191623/tools/bin/../lib/gcc/arm-none-eabi/12.3.1/thumb/v7-m/nofp/crtbegin.o
 .text          0x08000150       0x10 C:/ST/STM32CubeIDE_1.16.0/STM32CubeIDE/plugins/com.st.stm32cube.ide.mcu.externaltools.gnu-tools-for-stm32.12.3.rel1.win32_1.0.200.202406191623/tools/bin/../lib/gcc/arm-none-eabi/12.3.1/../../../../arm-none-eabi/lib/thumb/v7-m/nofp\libc_nano.a(libc_a-strlen.o)
                0x08000150                strlen
 .text          0x08000160      0x378 C:/ST/STM32CubeIDE_1.16.0/STM32CubeIDE/plugins/com.st.stm32cube.ide.mcu.externaltools.gnu-tools-for-stm32.12.3.rel1.win32_1.0.200.202406191623/tools/bin/../lib/gcc/arm-none-eabi/12.3.1/thumb/v7-m/nofp\libgcc.a(_arm_addsubdf3.o)
                0x08000160                __aeabi_drsub
                0x08000168                __aeabi_dsub
                0x08000168                __subdf3
                0x0800016c                __aeabi_dadd
                0x0800016c                __adddf3
                0x080003e4                __floatunsidf
                0x080003e4                __aeabi_ui2d
                0x08000404                __floatsidf
                0x08000404                __aeabi_i2d
                0x08000428                __aeabi_f2d
                0x08000428                __extendsfdf2
                0x0800046c                __floatundidf
                0x0800046c                __aeabi_ul2d
                0x0800047c                __floatdidf
                0x0800047c                __aeabi_l2d
 .text          0x080004d8      0x424 C:/ST/STM32CubeIDE_1.16.0/STM32CubeIDE/plugins/com.st.stm32cube.ide.mcu.externaltools.gnu-tools-for-stm32.12.3.rel1.win32_1.0.200.202406191623/tools/bin/../lib/gcc/arm-none-eabi/12.3.1/thumb/v7-m/nofp\libgcc.a(_arm_muldivdf3.o)
                0x080004d8                __aeabi_dmul
                0x080004d8                __muldf3
                0x0800072c                __divdf3
                0x0800072c                __aeabi_ddiv
 .text          0x080008fc      0x110 C:/ST/STM32CubeIDE_1.16.0/STM32CubeIDE/plugins/com.st.stm32cube.ide.mcu.externaltools.gnu-tools-for-stm32.12.3.rel1.win32_1.0.200.202406191623/tools/bin/../lib/gcc/arm-none-eabi/12.3.1/thumb/v7-m/nofp\libgcc.a(_arm_cmpdf2.o)
                0x080008fc                __gtdf2
                0x080008fc                __gedf2
                0x08000904                __ltdf2
                0x08000904                __ledf2
                0x0800090c                __nedf2
                0x0800090c                __eqdf2
                0x0800090c                __cmpdf2
                0x08000988                __aeabi_cdrcmple
                0x08000998                __aeabi_cdcmpeq
                0x08000998                __aeabi_cdcmple
                0x080009a8                __aeabi_dcmpeq
                0x080009bc                __aeabi_dcmplt
                0x080009d0                __aeabi_dcmple
                0x080009e4                __aeabi_dcmpge
                0x080009f8                __aeabi_dcmpgt
 .text          0x08000a0c       0x2c C:/ST/STM32CubeIDE_1.16.0/STM32CubeIDE/plugins/com.st.stm32cube.ide.mcu.externaltools.gnu-tools-for-stm32.12.3.rel1.win32_1.0.200.202406191623/tools/bin/../lib/gcc/arm-none-eabi/12.3.1/thumb/v7-m/nofp\libgcc.a(_arm_unorddf2.o)
                0x08000a0c                __unorddf2
                0x08000a0c                __aeabi_dcmpun
 .text          0x08000a38       0x50 C:/ST/STM32CubeIDE_1.16.0/STM32CubeIDE/plugins/com.st.stm32cube.ide.mcu.externaltools.gnu-tools-for-stm32.12.3.rel1.win32_1.0.200.202406191623/tools/bin/../lib/gcc/arm-none-eabi/12.3.1/thumb/v7-m/nofp\libgcc.a(_arm_fixdfsi.o)
                0x08000a38                __aeabi_d2iz
                0x08000a38                __fixdfsi
 .text          0x08000a88       0xa0 C:/ST/STM32CubeIDE_1.16.0/STM32CubeIDE/plugins/com.st.stm32cube.ide.mcu.externaltools.gnu-tools-for-stm32.12.3.rel1.win32_1.0.200.202406191623/tools/bin/../lib/gcc/arm-none-eabi/12.3.1/thumb/v7-m/nofp\libgcc.a(_arm_truncdfsf2.o)
                0x08000a88                __truncdfsf2
                0x08000a88                __aeabi_d2f
 .text          0x08000b28      0x21c C:/ST/STM32CubeIDE_1.16.0/STM32CubeIDE/plugins/com.st.stm32cube.ide.mcu.externaltools.gnu-tools-for-stm32.12.3.rel1.win32_1.0.200.202406191623/tools/bin/../lib/gcc/arm-none-eabi/12.3.1/thumb/v7-m/nofp\libgcc.a(_arm_addsubsf3.o)
                0x08000b28                __aeabi_frsub
                0x08000b30                __subsf3
                0x08000b30                __aeabi_fsub
                0x08000b34                __aeabi_fadd
                0x08000b34                __addsf3
                0x08000c94                __aeabi_ui2f
                0x08000c94                __floatunsisf
                0x08000c9c                __aeabi_i2f
                0x08000c9c                __floatsisf
                0x08000cb8                __aeabi_ul2f
                0x08000cb8                __floatundisf
                0x08000cc8                __aeabi_l2f
                0x08000cc8                __floatdisf
 .text          0x08000d44      0x2a0 C:/ST/STM32CubeIDE_1.16.0/STM32CubeIDE/plugins/com.st.stm32cube.ide.mcu.externaltools.gnu-tools-for-stm32.12.3.rel1.win32_1.0.200.202406191623/tools/bin/../lib/gcc/arm-none-eabi/12.3.1/thumb/v7-m/nofp\libgcc.a(_arm_muldivsf3.o)
                0x08000d44                __mulsf3
                0x08000d44                __aeabi_fmul
                0x08000eac                __aeabi_fdiv
                0x08000eac                __divsf3
 .text          0x08000fe4       0x40 C:/ST/STM32CubeIDE_1.16.0/STM32CubeIDE/plugins/com.st.stm32cube.ide.mcu.externaltools.gnu-tools-for-stm32.12.3.rel1.win32_1.0.200.202406191623/tools/bin/../lib/gcc/arm-none-eabi/12.3.1/thumb/v7-m/nofp\libgcc.a(_arm_fixunssfsi.o)
                0x08000fe4                __fixunssfsi
                0x08000fe4                __aeabi_f2uiz
 .text          0x08001024       0xa0 C:/ST/STM32CubeIDE_1.16.0/STM32CubeIDE/plugins/com.st.stm32cube.ide.mcu.externaltools.gnu-tools-for-stm32.12.3.rel1.win32_1.0.200.202406191623/tools/bin/../lib/gcc/arm-none-eabi/12.3.1/thumb/v7-m/nofp\libgcc.a(_aeabi_ldivmod.o)
                0x08001024                __aeabi_ldivmod
 .text          0x080010c4      0x2b8 C:/ST/STM32CubeIDE_1.16.0/STM32CubeIDE/plugins/com.st.stm32cube.ide.mcu.externaltools.gnu-tools-for-stm32.12.3.rel1.win32_1.0.200.202406191623/tools/bin/../lib/gcc/arm-none-eabi/12.3.1/thumb/v7-m/nofp\libgcc.a(_udivmoddi4.o)
                0x080010c4                __udivmoddi4
 .text          0x0800137c        0x4 C:/ST/STM32CubeIDE_1.16.0/STM32CubeIDE/plugins/com.st.stm32cube.ide.mcu.externaltools.gnu-tools-for-stm32.12.3.rel1.win32_1.0.200.202406191623/tools/bin/../lib/gcc/arm-none-eabi/12.3.1/thumb/v7-m/nofp\libgcc.a(_dvmd_tls.o)
                0x0800137c                __aeabi_idiv0
                0x0800137c                __aeabi_ldiv0
 *(.text*)
 .text.calculate_average
                0x08001380       0x3c ./Core/Src/ads1256.o
                0x08001380                calculate_average
 .text.check_range
                0x080013bc       0x14 ./Core/Src/ads1256.o
                0x080013bc                check_range
 .text.validateSPS
                0x080013d0       0x6c ./Core/Src/ads1256.o
                0x080013d0                validateSPS
 .text.getSPSindex
                0x0800143c       0x9c ./Core/Src/ads1256.o
                0x0800143c                getSPSindex
 .text.getSPSRegValue
                0x080014d8       0x9a ./Core/Src/ads1256.o
                0x080014d8                getSPSRegValue
 *fill*         0x08001572        0x2 
 .text.readRegister
                0x08001574       0x3c ./Core/Src/ads1256.o
                0x08001574                readRegister
 .text.sendCommand
                0x080015b0       0x20 ./Core/Src/ads1256.o
                0x080015b0                sendCommand
 .text.writeRegister
                0x080015d0       0x2c ./Core/Src/ads1256.o
                0x080015d0                writeRegister
 .text.setupADS1256
                0x080015fc       0xac ./Core/Src/ads1256.o
                0x080015fc                setupADS1256
 .text.stopSampling
                0x080016a8       0x2c ./Core/Src/ads1256.o
                0x080016a8                stopSampling
 .text.setChannel
                0x080016d4       0x44 ./Core/Src/ads1256.o
                0x080016d4                setChannel
 .text.setGain  0x08001718       0x74 ./Core/Src/ads1256.o
                0x08001718                setGain
 .text.concatenateToInt32
                0x0800178c       0x1a ./Core/Src/ads1256.o
                0x0800178c                concatenateToInt32
 *fill*         0x080017a6        0x2 
 .text.SPI_TxBuffer
                0x080017a8       0x1c ./Core/Src/fatfs_sd.o
 .text.SPI_TxByte
                0x080017c4       0x28 ./Core/Src/fatfs_sd.o
 .text.SELECT   0x080017ec       0x1c ./Core/Src/fatfs_sd.o
 .text.DESELECT
                0x08001808       0x1c ./Core/Src/fatfs_sd.o
 .text.SPI_RxByte
                0x08001824       0x34 ./Core/Src/fatfs_sd.o
 .text.SD_PowerOn
                0x08001858       0x54 ./Core/Src/fatfs_sd.o
 .text.SD_ReadyWait
                0x080018ac       0x20 ./Core/Src/fatfs_sd.o
 .text.SD_TxDataBlock
                0x080018cc       0x5e ./Core/Src/fatfs_sd.o
 .text.SD_SendCmd
                0x0800192a       0x64 ./Core/Src/fatfs_sd.o
 *fill*         0x0800198e        0x2 
 .text.SD_RxDataBlock
                0x08001990       0x44 ./Core/Src/fatfs_sd.o
 .text.SD_disk_initialize
                0x080019d4      0x158 ./Core/Src/fatfs_sd.o
                0x080019d4                SD_disk_initialize
 .text.SD_disk_status
                0x08001b2c       0x14 ./Core/Src/fatfs_sd.o
                0x08001b2c                SD_disk_status
 .text.SD_disk_read
                0x08001b40       0x8c ./Core/Src/fatfs_sd.o
                0x08001b40                SD_disk_read
 .text.SD_disk_write
                0x08001bcc       0xb0 ./Core/Src/fatfs_sd.o
                0x08001bcc                SD_disk_write
 .text.SD_disk_ioctl
                0x08001c7c      0x140 ./Core/Src/fatfs_sd.o
                0x08001c7c                SD_disk_ioctl
 .text.getSTM_UID
                0x08001dbc       0x2c ./Core/Src/file.o
                0x08001dbc                getSTM_UID
 .text.read_config
                0x08001de8       0x98 ./Core/Src/file.o
                0x08001de8                read_config
 .text.write_config
                0x08001e80       0x4c ./Core/Src/file.o
                0x08001e80                write_config
 .text.checkSDusage
                0x08001ecc      0x12c ./Core/Src/file.o
                0x08001ecc                checkSDusage
 .text.print_fresult
                0x08001ff8      0x108 ./Core/Src/file.o
                0x08001ff8                print_fresult
 .text.lcd_write
                0x08002100       0x46 ./Core/Src/lcd.o
 .text.lcd_write_command
                0x08002146       0x36 ./Core/Src/lcd.o
 .text.lcd_init
                0x0800217c       0x3e ./Core/Src/lcd.o
                0x0800217c                lcd_init
 .text.lcd_create
                0x080021ba       0x44 ./Core/Src/lcd.o
                0x080021ba                lcd_create
 *fill*         0x080021fe        0x2 
 .text.lcd_cursor
                0x08002200       0x14 ./Core/Src/lcd.o
                0x08002200                lcd_cursor
 .text.lcd_clear
                0x08002214       0x12 ./Core/Src/lcd.o
                0x08002214                lcd_clear
 .text.lcd_write_fast
                0x08002226       0x58 ./Core/Src/lcd.o
                0x08002226                lcd_write_fast
 .text.lcd_write_data
                0x0800227e       0x36 ./Core/Src/lcd.o
                0x0800227e                lcd_write_data
 .text.lcd_string
                0x080022b4       0x24 ./Core/Src/lcd.o
                0x080022b4                lcd_string
 .text.lcd_line
                0x080022d8       0x36 ./Core/Src/lcd.o
                0x080022d8                lcd_line
 .text.ITM_SendChar.isra.0
                0x0800230e       0x24 ./Core/Src/main.o
 .text._write   0x08002332       0x1c ./Core/Src/main.o
                0x08002332                _write
 .text.ITM_SendString
                0x0800234e       0x12 ./Core/Src/main.o
                0x0800234e                ITM_SendString
 .text.startup.main
                0x08002360      0x960 ./Core/Src/main.o
                0x08002360                main
 .text.Error_Handler
                0x08002cc0        0x4 ./Core/Src/main.o
                0x08002cc0                Error_Handler
 .text.HAL_MspInit
                0x08002cc4       0x44 ./Core/Src/stm32f1xx_hal_msp.o
                0x08002cc4                HAL_MspInit
 .text.SystemClock_Config
                0x08002d08       0x8a ./Core/Src/stm32f1xx_hal_msp.o
                0x08002d08                SystemClock_Config
 *fill*         0x08002d92        0x2 
 .text.MX_DMA_Init
                0x08002d94       0x30 ./Core/Src/stm32f1xx_hal_msp.o
                0x08002d94                MX_DMA_Init
 .text.MX_ADC1_Init
                0x08002dc4       0xb4 ./Core/Src/stm32f1xx_hal_msp.o
                0x08002dc4                MX_ADC1_Init
 .text.MX_SPI1_Init
                0x08002e78       0x44 ./Core/Src/stm32f1xx_hal_msp.o
                0x08002e78                MX_SPI1_Init
 .text.MX_SPI2_Init
                0x08002ebc       0x40 ./Core/Src/stm32f1xx_hal_msp.o
                0x08002ebc                MX_SPI2_Init
 .text.MX_GPIO_Init
                0x08002efc      0x100 ./Core/Src/stm32f1xx_hal_msp.o
                0x08002efc                MX_GPIO_Init
 .text.MX_TIM4_Init
                0x08002ffc       0x74 ./Core/Src/stm32f1xx_hal_msp.o
                0x08002ffc                MX_TIM4_Init
 .text.MX_USART1_UART_Init
                0x08003070       0x30 ./Core/Src/stm32f1xx_hal_msp.o
                0x08003070                MX_USART1_UART_Init
 .text.HAL_ADC_MspInit
                0x080030a0       0x9c ./Core/Src/stm32f1xx_hal_msp.o
                0x080030a0                HAL_ADC_MspInit
 .text.HAL_SPI_MspInit
                0x0800313c       0xec ./Core/Src/stm32f1xx_hal_msp.o
                0x0800313c                HAL_SPI_MspInit
 .text.HAL_TIM_Base_MspInit
                0x08003228       0x28 ./Core/Src/stm32f1xx_hal_msp.o
                0x08003228                HAL_TIM_Base_MspInit
 .text.HAL_UART_MspInit
                0x08003250       0x78 ./Core/Src/stm32f1xx_hal_msp.o
                0x08003250                HAL_UART_MspInit
 .text.PVD_IRQHandler
                0x080032c8        0x4 ./Core/Src/stm32f1xx_it.o
                0x080032c8                PVD_IRQHandler
 .text.HAL_PWR_PVDCallback
                0x080032cc       0x3c ./Core/Src/stm32f1xx_it.o
                0x080032cc                HAL_PWR_PVDCallback
 .text.EXTI0_IRQHandler
                0x08003308        0x6 ./Core/Src/stm32f1xx_it.o
                0x08003308                EXTI0_IRQHandler
 .text.EXTI2_IRQHandler
                0x0800330e        0x6 ./Core/Src/stm32f1xx_it.o
                0x0800330e                EXTI2_IRQHandler
 .text.EXTI9_5_IRQHandler
                0x08003314        0x8 ./Core/Src/stm32f1xx_it.o
                0x08003314                EXTI9_5_IRQHandler
 .text.EXTI15_10_IRQHandler
                0x0800331c       0x2c ./Core/Src/stm32f1xx_it.o
                0x0800331c                EXTI15_10_IRQHandler
 .text.HAL_GPIO_EXTI_Callback
                0x08003348      0x100 ./Core/Src/stm32f1xx_it.o
                0x08003348                HAL_GPIO_EXTI_Callback
 .text.HAL_ADC_ConvCpltCallback
                0x08003448        0xc ./Core/Src/stm32f1xx_it.o
                0x08003448                HAL_ADC_ConvCpltCallback
 .text.USART1_IRQHandler
                0x08003454        0xc ./Core/Src/stm32f1xx_it.o
                0x08003454                USART1_IRQHandler
 .text.HAL_UART_RxCpltCallback
                0x08003460       0x68 ./Core/Src/stm32f1xx_it.o
                0x08003460                HAL_UART_RxCpltCallback
 .text.NMI_Handler
                0x080034c8        0x2 ./Core/Src/stm32f1xx_it.o
                0x080034c8                NMI_Handler
 .text.HardFault_Handler
                0x080034ca        0x2 ./Core/Src/stm32f1xx_it.o
                0x080034ca                HardFault_Handler
 .text.MemManage_Handler
                0x080034cc        0x2 ./Core/Src/stm32f1xx_it.o
                0x080034cc                MemManage_Handler
 .text.BusFault_Handler
                0x080034ce        0x2 ./Core/Src/stm32f1xx_it.o
                0x080034ce                BusFault_Handler
 .text.UsageFault_Handler
                0x080034d0        0x2 ./Core/Src/stm32f1xx_it.o
                0x080034d0                UsageFault_Handler
 .text.SVC_Handler
                0x080034d2        0x2 ./Core/Src/stm32f1xx_it.o
                0x080034d2                SVC_Handler
 .text.DebugMon_Handler
                0x080034d4        0x2 ./Core/Src/stm32f1xx_it.o
                0x080034d4                DebugMon_Handler
 .text.PendSV_Handler
                0x080034d6        0x2 ./Core/Src/stm32f1xx_it.o
                0x080034d6                PendSV_Handler
 .text.SysTick_Handler
                0x080034d8       0x20 ./Core/Src/stm32f1xx_it.o
                0x080034d8                SysTick_Handler
 .text.DMA1_Channel1_IRQHandler
                0x080034f8        0xc ./Core/Src/stm32f1xx_it.o
                0x080034f8                DMA1_Channel1_IRQHandler
 .text.USB_LP_CAN1_RX0_IRQHandler
                0x08003504        0xc ./Core/Src/stm32f1xx_it.o
                0x08003504                USB_LP_CAN1_RX0_IRQHandler
 .text._getpid  0x08003510        0x4 ./Core/Src/syscalls.o
                0x08003510                _getpid
 .text._kill    0x08003514       0x10 ./Core/Src/syscalls.o
                0x08003514                _kill
 .text._exit    0x08003524        0xc ./Core/Src/syscalls.o
                0x08003524                _exit
 .text._read    0x08003530       0x1c ./Core/Src/syscalls.o
                0x08003530                _read
 .text._close   0x0800354c        0x6 ./Core/Src/syscalls.o
                0x0800354c                _close
 .text._fstat   0x08003552        0xa ./Core/Src/syscalls.o
                0x08003552                _fstat
 .text._isatty  0x0800355c        0x4 ./Core/Src/syscalls.o
                0x0800355c                _isatty
 .text._lseek   0x08003560        0x4 ./Core/Src/syscalls.o
                0x08003560                _lseek
 .text._sbrk    0x08003564       0x40 ./Core/Src/sysmem.o
                0x08003564                _sbrk
 .text.SystemInit
                0x080035a4        0x2 ./Core/Src/system_stm32f1xx.o
                0x080035a4                SystemInit
 *fill*         0x080035a6        0x2 
 .text.Reset_Handler
                0x080035a8       0x48 ./Core/Startup/startup_stm32f103c8tx.o
                0x080035a8                Reset_Handler
 .text.Default_Handler
                0x080035f0        0x2 ./Core/Startup/startup_stm32f103c8tx.o
                0x080035f0                RTC_Alarm_IRQHandler
                0x080035f0                TIM1_CC_IRQHandler
                0x080035f0                EXTI3_IRQHandler
                0x080035f0                I2C2_EV_IRQHandler
                0x080035f0                ADC1_2_IRQHandler
                0x080035f0                SPI1_IRQHandler
                0x080035f0                TAMPER_IRQHandler
                0x080035f0                DMA1_Channel4_IRQHandler
                0x080035f0                USART3_IRQHandler
                0x080035f0                RTC_IRQHandler
                0x080035f0                DMA1_Channel7_IRQHandler
                0x080035f0                CAN1_RX1_IRQHandler
                0x080035f0                TIM4_IRQHandler
                0x080035f0                I2C1_EV_IRQHandler
                0x080035f0                DMA1_Channel6_IRQHandler
                0x080035f0                TIM3_IRQHandler
                0x080035f0                RCC_IRQHandler
                0x080035f0                TIM1_TRG_COM_IRQHandler
                0x080035f0                Default_Handler
                0x080035f0                SPI2_IRQHandler
                0x080035f0                DMA1_Channel5_IRQHandler
                0x080035f0                EXTI4_IRQHandler
                0x080035f0                USB_HP_CAN1_TX_IRQHandler
                0x080035f0                DMA1_Channel3_IRQHandler
                0x080035f0                TIM1_UP_IRQHandler
                0x080035f0                WWDG_IRQHandler
                0x080035f0                TIM2_IRQHandler
                0x080035f0                TIM1_BRK_IRQHandler
                0x080035f0                EXTI1_IRQHandler
                0x080035f0                USART2_IRQHandler
                0x080035f0                I2C2_ER_IRQHandler
                0x080035f0                DMA1_Channel2_IRQHandler
                0x080035f0                CAN1_SCE_IRQHandler
                0x080035f0                FLASH_IRQHandler
                0x080035f0                I2C1_ER_IRQHandler
                0x080035f0                USBWakeUp_IRQHandler
 *fill*         0x080035f2        0x2 
 .text.HAL_InitTick
                0x080035f4       0x48 ./Drivers/STM32F1xx_HAL_Driver/Src/stm32f1xx_hal.o
                0x080035f4                HAL_InitTick
 .text.HAL_Init
                0x0800363c       0x24 ./Drivers/STM32F1xx_HAL_Driver/Src/stm32f1xx_hal.o
                0x0800363c                HAL_Init
 .text.HAL_IncTick
                0x08003660       0x18 ./Drivers/STM32F1xx_HAL_Driver/Src/stm32f1xx_hal.o
                0x08003660                HAL_IncTick
 .text.HAL_GetTick
                0x08003678        0xc ./Drivers/STM32F1xx_HAL_Driver/Src/stm32f1xx_hal.o
                0x08003678                HAL_GetTick
 .text.HAL_Delay
                0x08003684       0x24 ./Drivers/STM32F1xx_HAL_Driver/Src/stm32f1xx_hal.o
                0x08003684                HAL_Delay
 .text.ADC_DMAConvCplt
                0x080036a8       0x4e ./Drivers/STM32F1xx_HAL_Driver/Src/stm32f1xx_hal_adc.o
                0x080036a8                ADC_DMAConvCplt
 .text.HAL_ADC_ConvHalfCpltCallback
                0x080036f6        0x2 ./Drivers/STM32F1xx_HAL_Driver/Src/stm32f1xx_hal_adc.o
                0x080036f6                HAL_ADC_ConvHalfCpltCallback
 .text.ADC_DMAHalfConvCplt
                0x080036f8        0xa ./Drivers/STM32F1xx_HAL_Driver/Src/stm32f1xx_hal_adc.o
                0x080036f8                ADC_DMAHalfConvCplt
 .text.HAL_ADC_ErrorCallback
                0x08003702        0x2 ./Drivers/STM32F1xx_HAL_Driver/Src/stm32f1xx_hal_adc.o
                0x08003702                HAL_ADC_ErrorCallback
 .text.ADC_DMAError
                0x08003704       0x1a ./Drivers/STM32F1xx_HAL_Driver/Src/stm32f1xx_hal_adc.o
                0x08003704                ADC_DMAError
 *fill*         0x0800371e        0x2 
 .text.HAL_ADC_ConfigChannel
                0x08003720       0xfc ./Drivers/STM32F1xx_HAL_Driver/Src/stm32f1xx_hal_adc.o
                0x08003720                HAL_ADC_ConfigChannel
 .text.ADC_Enable
                0x0800381c       0x78 ./Drivers/STM32F1xx_HAL_Driver/Src/stm32f1xx_hal_adc.o
                0x0800381c                ADC_Enable
 .text.HAL_ADC_Start_DMA
                0x08003894      0x11c ./Drivers/STM32F1xx_HAL_Driver/Src/stm32f1xx_hal_adc.o
                0x08003894                HAL_ADC_Start_DMA
 .text.ADC_ConversionStop_Disable
                0x080039b0       0x4c ./Drivers/STM32F1xx_HAL_Driver/Src/stm32f1xx_hal_adc.o
                0x080039b0                ADC_ConversionStop_Disable
 .text.HAL_ADC_Init
                0x080039fc       0xfc ./Drivers/STM32F1xx_HAL_Driver/Src/stm32f1xx_hal_adc.o
                0x080039fc                HAL_ADC_Init
 .text.HAL_ADCEx_Calibration_Start
                0x08003af8       0xe0 ./Drivers/STM32F1xx_HAL_Driver/Src/stm32f1xx_hal_adc_ex.o
                0x08003af8                HAL_ADCEx_Calibration_Start
 .text.HAL_NVIC_SetPriorityGrouping
                0x08003bd8       0x24 ./Drivers/STM32F1xx_HAL_Driver/Src/stm32f1xx_hal_cortex.o
                0x08003bd8                HAL_NVIC_SetPriorityGrouping
 .text.HAL_NVIC_SetPriority
                0x08003bfc       0x60 ./Drivers/STM32F1xx_HAL_Driver/Src/stm32f1xx_hal_cortex.o
                0x08003bfc                HAL_NVIC_SetPriority
 .text.HAL_NVIC_EnableIRQ
                0x08003c5c       0x1c ./Drivers/STM32F1xx_HAL_Driver/Src/stm32f1xx_hal_cortex.o
                0x08003c5c                HAL_NVIC_EnableIRQ
 .text.HAL_NVIC_DisableIRQ
                0x08003c78       0x24 ./Drivers/STM32F1xx_HAL_Driver/Src/stm32f1xx_hal_cortex.o
                0x08003c78                HAL_NVIC_DisableIRQ
 .text.HAL_SYSTICK_Config
                0x08003c9c       0x28 ./Drivers/STM32F1xx_HAL_Driver/Src/stm32f1xx_hal_cortex.o
                0x08003c9c                HAL_SYSTICK_Config
 .text.HAL_DMA_Init
                0x08003cc4       0x64 ./Drivers/STM32F1xx_HAL_Driver/Src/stm32f1xx_hal_dma.o
                0x08003cc4                HAL_DMA_Init
 .text.HAL_DMA_Start_IT
                0x08003d28       0x78 ./Drivers/STM32F1xx_HAL_Driver/Src/stm32f1xx_hal_dma.o
                0x08003d28                HAL_DMA_Start_IT
 .text.HAL_DMA_Abort
                0x08003da0       0x3e ./Drivers/STM32F1xx_HAL_Driver/Src/stm32f1xx_hal_dma.o
                0x08003da0                HAL_DMA_Abort
 *fill*         0x08003dde        0x2 
 .text.HAL_DMA_Abort_IT
                0x08003de0       0x8c ./Drivers/STM32F1xx_HAL_Driver/Src/stm32f1xx_hal_dma.o
                0x08003de0                HAL_DMA_Abort_IT
 .text.HAL_DMA_IRQHandler
                0x08003e6c      0x128 ./Drivers/STM32F1xx_HAL_Driver/Src/stm32f1xx_hal_dma.o
                0x08003e6c                HAL_DMA_IRQHandler
 .text.HAL_GPIO_Init
                0x08003f94      0x1b0 ./Drivers/STM32F1xx_HAL_Driver/Src/stm32f1xx_hal_gpio.o
                0x08003f94                HAL_GPIO_Init
 .text.HAL_GPIO_ReadPin
                0x08004144        0xc ./Drivers/STM32F1xx_HAL_Driver/Src/stm32f1xx_hal_gpio.o
                0x08004144                HAL_GPIO_ReadPin
 .text.HAL_GPIO_WritePin
                0x08004150        0xa ./Drivers/STM32F1xx_HAL_Driver/Src/stm32f1xx_hal_gpio.o
                0x08004150                HAL_GPIO_WritePin
 *fill*         0x0800415a        0x2 
 .text.HAL_GPIO_EXTI_IRQHandler
                0x0800415c       0x18 ./Drivers/STM32F1xx_HAL_Driver/Src/stm32f1xx_hal_gpio.o
                0x0800415c                HAL_GPIO_EXTI_IRQHandler
 .text.HAL_PCD_Init
                0x08004174       0xe4 ./Drivers/STM32F1xx_HAL_Driver/Src/stm32f1xx_hal_pcd.o
                0x08004174                HAL_PCD_Init
 .text.HAL_PCD_Start
                0x08004258       0x32 ./Drivers/STM32F1xx_HAL_Driver/Src/stm32f1xx_hal_pcd.o
                0x08004258                HAL_PCD_Start
 .text.HAL_PCD_SetAddress
                0x0800428a       0x28 ./Drivers/STM32F1xx_HAL_Driver/Src/stm32f1xx_hal_pcd.o
                0x0800428a                HAL_PCD_SetAddress
 *fill*         0x080042b2        0x2 
 .text.HAL_PCD_IRQHandler
                0x080042b4      0x9e0 ./Drivers/STM32F1xx_HAL_Driver/Src/stm32f1xx_hal_pcd.o
                0x080042b4                HAL_PCD_IRQHandler
 .text.HAL_PCD_EP_Open
                0x08004c94       0x60 ./Drivers/STM32F1xx_HAL_Driver/Src/stm32f1xx_hal_pcd.o
                0x08004c94                HAL_PCD_EP_Open
 .text.HAL_PCD_EP_Close
                0x08004cf4       0x52 ./Drivers/STM32F1xx_HAL_Driver/Src/stm32f1xx_hal_pcd.o
                0x08004cf4                HAL_PCD_EP_Close
 .text.HAL_PCD_EP_Receive
                0x08004d46       0x2e ./Drivers/STM32F1xx_HAL_Driver/Src/stm32f1xx_hal_pcd.o
                0x08004d46                HAL_PCD_EP_Receive
 .text.HAL_PCD_EP_GetRxCount
                0x08004d74       0x10 ./Drivers/STM32F1xx_HAL_Driver/Src/stm32f1xx_hal_pcd.o
                0x08004d74                HAL_PCD_EP_GetRxCount
 .text.HAL_PCD_EP_Transmit
                0x08004d84       0x34 ./Drivers/STM32F1xx_HAL_Driver/Src/stm32f1xx_hal_pcd.o
                0x08004d84                HAL_PCD_EP_Transmit
 .text.HAL_PCD_EP_SetStall
                0x08004db8       0x68 ./Drivers/STM32F1xx_HAL_Driver/Src/stm32f1xx_hal_pcd.o
                0x08004db8                HAL_PCD_EP_SetStall
 .text.HAL_PCD_EP_ClrStall
                0x08004e20       0x64 ./Drivers/STM32F1xx_HAL_Driver/Src/stm32f1xx_hal_pcd.o
                0x08004e20                HAL_PCD_EP_ClrStall
 .text.HAL_PCDEx_PMAConfig
                0x08004e84       0x32 ./Drivers/STM32F1xx_HAL_Driver/Src/stm32f1xx_hal_pcd_ex.o
                0x08004e84                HAL_PCDEx_PMAConfig
 *fill*         0x08004eb6        0x2 
 .text.HAL_PWR_PVD_IRQHandler
                0x08004eb8       0x1c ./Drivers/STM32F1xx_HAL_Driver/Src/stm32f1xx_hal_pwr.o
                0x08004eb8                HAL_PWR_PVD_IRQHandler
 .text.HAL_RCC_OscConfig
                0x08004ed4      0x338 ./Drivers/STM32F1xx_HAL_Driver/Src/stm32f1xx_hal_rcc.o
                0x08004ed4                HAL_RCC_OscConfig
 .text.HAL_RCC_GetSysClockFreq
                0x0800520c       0x4c ./Drivers/STM32F1xx_HAL_Driver/Src/stm32f1xx_hal_rcc.o
                0x0800520c                HAL_RCC_GetSysClockFreq
 .text.HAL_RCC_ClockConfig
                0x08005258      0x138 ./Drivers/STM32F1xx_HAL_Driver/Src/stm32f1xx_hal_rcc.o
                0x08005258                HAL_RCC_ClockConfig
 .text.HAL_RCC_GetPCLK1Freq
                0x08005390       0x20 ./Drivers/STM32F1xx_HAL_Driver/Src/stm32f1xx_hal_rcc.o
                0x08005390                HAL_RCC_GetPCLK1Freq
 .text.HAL_RCC_GetPCLK2Freq
                0x080053b0       0x20 ./Drivers/STM32F1xx_HAL_Driver/Src/stm32f1xx_hal_rcc.o
                0x080053b0                HAL_RCC_GetPCLK2Freq
 .text.HAL_RCCEx_PeriphCLKConfig
                0x080053d0       0xf4 ./Drivers/STM32F1xx_HAL_Driver/Src/stm32f1xx_hal_rcc_ex.o
                0x080053d0                HAL_RCCEx_PeriphCLKConfig
 .text.HAL_RCCEx_GetPeriphCLKFreq
                0x080054c4       0xbc ./Drivers/STM32F1xx_HAL_Driver/Src/stm32f1xx_hal_rcc_ex.o
                0x080054c4                HAL_RCCEx_GetPeriphCLKFreq
 .text.SPI_WaitFlagStateUntilTimeout.constprop.0
                0x08005580       0xb0 ./Drivers/STM32F1xx_HAL_Driver/Src/stm32f1xx_hal_spi.o
 .text.SPI_EndRxTransaction
                0x08005630       0x4e ./Drivers/STM32F1xx_HAL_Driver/Src/stm32f1xx_hal_spi.o
 .text.SPI_EndRxTxTransaction
                0x0800567e       0x1c ./Drivers/STM32F1xx_HAL_Driver/Src/stm32f1xx_hal_spi.o
 .text.HAL_SPI_Init
                0x0800569a       0xb0 ./Drivers/STM32F1xx_HAL_Driver/Src/stm32f1xx_hal_spi.o
                0x0800569a                HAL_SPI_Init
 .text.HAL_SPI_Transmit
                0x0800574a      0x168 ./Drivers/STM32F1xx_HAL_Driver/Src/stm32f1xx_hal_spi.o
                0x0800574a                HAL_SPI_Transmit
 .text.HAL_SPI_TransmitReceive
                0x080058b2      0x1ee ./Drivers/STM32F1xx_HAL_Driver/Src/stm32f1xx_hal_spi.o
                0x080058b2                HAL_SPI_TransmitReceive
 .text.HAL_SPI_Receive
                0x08005aa0      0x154 ./Drivers/STM32F1xx_HAL_Driver/Src/stm32f1xx_hal_spi.o
                0x08005aa0                HAL_SPI_Receive
 .text.HAL_TIM_OnePulse_MspInit
                0x08005bf4        0x2 ./Drivers/STM32F1xx_HAL_Driver/Src/stm32f1xx_hal_tim.o
                0x08005bf4                HAL_TIM_OnePulse_MspInit
 *fill*         0x08005bf6        0x2 
 .text.TIM_Base_SetConfig
                0x08005bf8       0x70 ./Drivers/STM32F1xx_HAL_Driver/Src/stm32f1xx_hal_tim.o
                0x08005bf8                TIM_Base_SetConfig
 .text.HAL_TIM_Base_Init
                0x08005c68       0x58 ./Drivers/STM32F1xx_HAL_Driver/Src/stm32f1xx_hal_tim.o
                0x08005c68                HAL_TIM_Base_Init
 .text.HAL_TIM_OnePulse_Init
                0x08005cc0       0x5a ./Drivers/STM32F1xx_HAL_Driver/Src/stm32f1xx_hal_tim.o
                0x08005cc0                HAL_TIM_OnePulse_Init
 .text.TIM_ETR_SetConfig
                0x08005d1a       0x14 ./Drivers/STM32F1xx_HAL_Driver/Src/stm32f1xx_hal_tim.o
                0x08005d1a                TIM_ETR_SetConfig
 .text.HAL_TIM_ConfigClockSource
                0x08005d2e      0x132 ./Drivers/STM32F1xx_HAL_Driver/Src/stm32f1xx_hal_tim.o
                0x08005d2e                HAL_TIM_ConfigClockSource
 .text.HAL_TIMEx_MasterConfigSynchronization
                0x08005e60       0x5c ./Drivers/STM32F1xx_HAL_Driver/Src/stm32f1xx_hal_tim_ex.o
                0x08005e60                HAL_TIMEx_MasterConfigSynchronization
 .text.UART_EndRxTransfer
                0x08005ebc       0x5c ./Drivers/STM32F1xx_HAL_Driver/Src/stm32f1xx_hal_uart.o
 .text.UART_SetConfig
                0x08005f18       0x74 ./Drivers/STM32F1xx_HAL_Driver/Src/stm32f1xx_hal_uart.o
 .text.HAL_UART_Init
                0x08005f8c       0x5e ./Drivers/STM32F1xx_HAL_Driver/Src/stm32f1xx_hal_uart.o
                0x08005f8c                HAL_UART_Init
 .text.HAL_UART_TxCpltCallback
                0x08005fea        0x2 ./Drivers/STM32F1xx_HAL_Driver/Src/stm32f1xx_hal_uart.o
                0x08005fea                HAL_UART_TxCpltCallback
 .text.HAL_UART_ErrorCallback
                0x08005fec        0x2 ./Drivers/STM32F1xx_HAL_Driver/Src/stm32f1xx_hal_uart.o
                0x08005fec                HAL_UART_ErrorCallback
 .text.UART_DMAAbortOnError
                0x08005fee       0x10 ./Drivers/STM32F1xx_HAL_Driver/Src/stm32f1xx_hal_uart.o
 .text.HAL_UARTEx_RxEventCallback
                0x08005ffe        0x2 ./Drivers/STM32F1xx_HAL_Driver/Src/stm32f1xx_hal_uart.o
                0x08005ffe                HAL_UARTEx_RxEventCallback
 .text.UART_Receive_IT.isra.0
                0x08006000       0xb6 ./Drivers/STM32F1xx_HAL_Driver/Src/stm32f1xx_hal_uart.o
 *fill*         0x080060b6        0x2 
 .text.HAL_UART_IRQHandler
                0x080060b8      0x294 ./Drivers/STM32F1xx_HAL_Driver/Src/stm32f1xx_hal_uart.o
                0x080060b8                HAL_UART_IRQHandler
 .text.USB_CoreInit
                0x0800634c        0xe ./Drivers/STM32F1xx_HAL_Driver/Src/stm32f1xx_ll_usb.o
                0x0800634c                USB_CoreInit
 .text.USB_EnableGlobalInt
                0x0800635a       0x12 ./Drivers/STM32F1xx_HAL_Driver/Src/stm32f1xx_ll_usb.o
                0x0800635a                USB_EnableGlobalInt
 .text.USB_DisableGlobalInt
                0x0800636c       0x14 ./Drivers/STM32F1xx_HAL_Driver/Src/stm32f1xx_ll_usb.o
                0x0800636c                USB_DisableGlobalInt
 .text.USB_SetCurrentMode
                0x08006380        0x4 ./Drivers/STM32F1xx_HAL_Driver/Src/stm32f1xx_ll_usb.o
                0x08006380                USB_SetCurrentMode
 .text.USB_DevInit
                0x08006384       0x28 ./Drivers/STM32F1xx_HAL_Driver/Src/stm32f1xx_ll_usb.o
                0x08006384                USB_DevInit
 .text.USB_ActivateEndpoint
                0x080063ac      0x2c0 ./Drivers/STM32F1xx_HAL_Driver/Src/stm32f1xx_ll_usb.o
                0x080063ac                USB_ActivateEndpoint
 .text.USB_DeactivateEndpoint
                0x0800666c      0x1a6 ./Drivers/STM32F1xx_HAL_Driver/Src/stm32f1xx_ll_usb.o
                0x0800666c                USB_DeactivateEndpoint
 .text.USB_EPSetStall
                0x08006812       0x40 ./Drivers/STM32F1xx_HAL_Driver/Src/stm32f1xx_ll_usb.o
                0x08006812                USB_EPSetStall
 .text.USB_EPClearStall
                0x08006852       0x92 ./Drivers/STM32F1xx_HAL_Driver/Src/stm32f1xx_ll_usb.o
                0x08006852                USB_EPClearStall
 .text.USB_SetDevAddress
                0x080068e4        0xc ./Drivers/STM32F1xx_HAL_Driver/Src/stm32f1xx_ll_usb.o
                0x080068e4                USB_SetDevAddress
 .text.USB_DevConnect
                0x080068f0        0x4 ./Drivers/STM32F1xx_HAL_Driver/Src/stm32f1xx_ll_usb.o
                0x080068f0                USB_DevConnect
 .text.USB_DevDisconnect
                0x080068f4        0x4 ./Drivers/STM32F1xx_HAL_Driver/Src/stm32f1xx_ll_usb.o
                0x080068f4                USB_DevDisconnect
 .text.USB_ReadInterrupts
                0x080068f8        0x8 ./Drivers/STM32F1xx_HAL_Driver/Src/stm32f1xx_ll_usb.o
                0x080068f8                USB_ReadInterrupts
 .text.USB_EP0_OutStart
                0x08006900        0x4 ./Drivers/STM32F1xx_HAL_Driver/Src/stm32f1xx_ll_usb.o
                0x08006900                USB_EP0_OutStart
 .text.USB_WritePMA
                0x08006904       0x20 ./Drivers/STM32F1xx_HAL_Driver/Src/stm32f1xx_ll_usb.o
                0x08006904                USB_WritePMA
 .text.USB_EPStartXfer
                0x08006924      0x46a ./Drivers/STM32F1xx_HAL_Driver/Src/stm32f1xx_ll_usb.o
                0x08006924                USB_EPStartXfer
 .text.USB_ReadPMA
                0x08006d8e       0x38 ./Drivers/STM32F1xx_HAL_Driver/Src/stm32f1xx_ll_usb.o
                0x08006d8e                USB_ReadPMA
 *fill*         0x08006dc6        0x2 
 .text.MX_FATFS_Init
                0x08006dc8       0x1c ./FATFS/App/fatfs.o
                0x08006dc8                MX_FATFS_Init
 .text.get_fattime
                0x08006de4        0x4 ./FATFS/App/fatfs.o
                0x08006de4                get_fattime
 .text.USER_initialize
                0x08006de8        0x4 ./FATFS/Target/user_diskio.o
                0x08006de8                USER_initialize
 .text.USER_status
                0x08006dec        0x4 ./FATFS/Target/user_diskio.o
                0x08006dec                USER_status
 .text.USER_read
                0x08006df0        0x4 ./FATFS/Target/user_diskio.o
                0x08006df0                USER_read
 .text.USER_write
                0x08006df4        0x4 ./FATFS/Target/user_diskio.o
                0x08006df4                USER_write
 .text.USER_ioctl
                0x08006df8        0x4 ./FATFS/Target/user_diskio.o
                0x08006df8                USER_ioctl
 .text.USBD_CDC_EP0_RxReady
                0x08006dfc       0x28 ./Middlewares/ST/STM32_USB_Device_Library/Class/CDC/Src/usbd_cdc.o
 .text.USBD_CDC_GetFSCfgDesc
                0x08006e24        0xc ./Middlewares/ST/STM32_USB_Device_Library/Class/CDC/Src/usbd_cdc.o
 .text.USBD_CDC_GetHSCfgDesc
                0x08006e30        0xc ./Middlewares/ST/STM32_USB_Device_Library/Class/CDC/Src/usbd_cdc.o
 .text.USBD_CDC_GetOtherSpeedCfgDesc
                0x08006e3c        0xc ./Middlewares/ST/STM32_USB_Device_Library/Class/CDC/Src/usbd_cdc.o
 .text.USBD_CDC_GetDeviceQualifierDescriptor
                0x08006e48        0xc ./Middlewares/ST/STM32_USB_Device_Library/Class/CDC/Src/usbd_cdc.o
                0x08006e48                USBD_CDC_GetDeviceQualifierDescriptor
 .text.USBD_CDC_DataOut
                0x08006e54       0x2e ./Middlewares/ST/STM32_USB_Device_Library/Class/CDC/Src/usbd_cdc.o
 .text.USBD_CDC_DataIn
                0x08006e82       0x40 ./Middlewares/ST/STM32_USB_Device_Library/Class/CDC/Src/usbd_cdc.o
 .text.USBD_CDC_Setup
                0x08006ec2       0xa2 ./Middlewares/ST/STM32_USB_Device_Library/Class/CDC/Src/usbd_cdc.o
 .text.USBD_CDC_DeInit
                0x08006f64       0x42 ./Middlewares/ST/STM32_USB_Device_Library/Class/CDC/Src/usbd_cdc.o
 .text.USBD_CDC_Init
                0x08006fa6       0x8c ./Middlewares/ST/STM32_USB_Device_Library/Class/CDC/Src/usbd_cdc.o
 .text.USBD_CDC_RegisterInterface
                0x08007032        0xe ./Middlewares/ST/STM32_USB_Device_Library/Class/CDC/Src/usbd_cdc.o
                0x08007032                USBD_CDC_RegisterInterface
 .text.USBD_CDC_SetTxBuffer
                0x08007040       0x10 ./Middlewares/ST/STM32_USB_Device_Library/Class/CDC/Src/usbd_cdc.o
                0x08007040                USBD_CDC_SetTxBuffer
 .text.USBD_CDC_SetRxBuffer
                0x08007050        0xc ./Middlewares/ST/STM32_USB_Device_Library/Class/CDC/Src/usbd_cdc.o
                0x08007050                USBD_CDC_SetRxBuffer
 .text.USBD_CDC_TransmitPacket
                0x0800705c       0x32 ./Middlewares/ST/STM32_USB_Device_Library/Class/CDC/Src/usbd_cdc.o
                0x0800705c                USBD_CDC_TransmitPacket
 .text.USBD_CDC_ReceivePacket
                0x0800708e       0x26 ./Middlewares/ST/STM32_USB_Device_Library/Class/CDC/Src/usbd_cdc.o
                0x0800708e                USBD_CDC_ReceivePacket
 .text.USBD_Init
                0x080070b4       0x44 ./Middlewares/ST/STM32_USB_Device_Library/Core/Src/usbd_core.o
                0x080070b4                USBD_Init
 .text.USBD_RegisterClass
                0x080070f8       0x2c ./Middlewares/ST/STM32_USB_Device_Library/Core/Src/usbd_core.o
                0x080070f8                USBD_RegisterClass
 .text.USBD_Start
                0x08007124        0xa ./Middlewares/ST/STM32_USB_Device_Library/Core/Src/usbd_core.o
                0x08007124                USBD_Start
 .text.USBD_SetClassConfig
                0x0800712e       0x1a ./Middlewares/ST/STM32_USB_Device_Library/Core/Src/usbd_core.o
                0x0800712e                USBD_SetClassConfig
 .text.USBD_ClrClassConfig
                0x08007148        0xe ./Middlewares/ST/STM32_USB_Device_Library/Core/Src/usbd_core.o
                0x08007148                USBD_ClrClassConfig
 .text.USBD_LL_SetupStage
                0x08007156       0x5a ./Middlewares/ST/STM32_USB_Device_Library/Core/Src/usbd_core.o
                0x08007156                USBD_LL_SetupStage
 .text.USBD_LL_DataOutStage
                0x080071b0       0x70 ./Middlewares/ST/STM32_USB_Device_Library/Core/Src/usbd_core.o
                0x080071b0                USBD_LL_DataOutStage
 .text.USBD_LL_DataInStage
                0x08007220       0xb8 ./Middlewares/ST/STM32_USB_Device_Library/Core/Src/usbd_core.o
                0x08007220                USBD_LL_DataInStage
 .text.USBD_LL_Reset
                0x080072d8       0x4e ./Middlewares/ST/STM32_USB_Device_Library/Core/Src/usbd_core.o
                0x080072d8                USBD_LL_Reset
 .text.USBD_LL_SetSpeed
                0x08007326        0x6 ./Middlewares/ST/STM32_USB_Device_Library/Core/Src/usbd_core.o
                0x08007326                USBD_LL_SetSpeed
 .text.USBD_LL_Suspend
                0x0800732c       0x12 ./Middlewares/ST/STM32_USB_Device_Library/Core/Src/usbd_core.o
                0x0800732c                USBD_LL_Suspend
 .text.USBD_LL_Resume
                0x0800733e       0x14 ./Middlewares/ST/STM32_USB_Device_Library/Core/Src/usbd_core.o
                0x0800733e                USBD_LL_Resume
 .text.USBD_LL_SOF
                0x08007352       0x18 ./Middlewares/ST/STM32_USB_Device_Library/Core/Src/usbd_core.o
                0x08007352                USBD_LL_SOF
 .text.USBD_CtlError.constprop.0
                0x0800736a       0x16 ./Middlewares/ST/STM32_USB_Device_Library/Core/Src/usbd_ctlreq.o
 .text.USBD_StdDevReq
                0x08007380      0x250 ./Middlewares/ST/STM32_USB_Device_Library/Core/Src/usbd_ctlreq.o
                0x08007380                USBD_StdDevReq
 .text.USBD_StdItfReq
                0x080075d0       0x48 ./Middlewares/ST/STM32_USB_Device_Library/Core/Src/usbd_ctlreq.o
                0x080075d0                USBD_StdItfReq
 .text.USBD_StdEPReq
                0x08007618      0x110 ./Middlewares/ST/STM32_USB_Device_Library/Core/Src/usbd_ctlreq.o
                0x08007618                USBD_StdEPReq
 .text.USBD_ParseSetupRequest
                0x08007728       0x16 ./Middlewares/ST/STM32_USB_Device_Library/Core/Src/usbd_ctlreq.o
                0x08007728                USBD_ParseSetupRequest
 .text.USBD_CtlError
                0x0800773e       0x16 ./Middlewares/ST/STM32_USB_Device_Library/Core/Src/usbd_ctlreq.o
                0x0800773e                USBD_CtlError
 .text.USBD_GetString
                0x08007754       0x38 ./Middlewares/ST/STM32_USB_Device_Library/Core/Src/usbd_ctlreq.o
                0x08007754                USBD_GetString
 .text.USBD_CtlSendData
                0x0800778c       0x1a ./Middlewares/ST/STM32_USB_Device_Library/Core/Src/usbd_ioreq.o
                0x0800778c                USBD_CtlSendData
 .text.USBD_CtlContinueSendData
                0x080077a6       0x10 ./Middlewares/ST/STM32_USB_Device_Library/Core/Src/usbd_ioreq.o
                0x080077a6                USBD_CtlContinueSendData
 .text.USBD_CtlPrepareRx
                0x080077b6       0x1a ./Middlewares/ST/STM32_USB_Device_Library/Core/Src/usbd_ioreq.o
                0x080077b6                USBD_CtlPrepareRx
 .text.USBD_CtlContinueRx
                0x080077d0       0x10 ./Middlewares/ST/STM32_USB_Device_Library/Core/Src/usbd_ioreq.o
                0x080077d0                USBD_CtlContinueRx
 .text.USBD_CtlSendStatus
                0x080077e0       0x16 ./Middlewares/ST/STM32_USB_Device_Library/Core/Src/usbd_ioreq.o
                0x080077e0                USBD_CtlSendStatus
 .text.USBD_CtlReceiveStatus
                0x080077f6       0x16 ./Middlewares/ST/STM32_USB_Device_Library/Core/Src/usbd_ioreq.o
                0x080077f6                USBD_CtlReceiveStatus
 .text.disk_status
                0x0800780c       0x14 ./Middlewares/Third_Party/FatFs/src/diskio.o
                0x0800780c                disk_status
 .text.disk_initialize
                0x08007820       0x20 ./Middlewares/Third_Party/FatFs/src/diskio.o
                0x08007820                disk_initialize
 .text.disk_read
                0x08007840       0x1c ./Middlewares/Third_Party/FatFs/src/diskio.o
                0x08007840                disk_read
 .text.disk_write
                0x0800785c       0x1c ./Middlewares/Third_Party/FatFs/src/diskio.o
                0x0800785c                disk_write
 .text.disk_ioctl
                0x08007878       0x18 ./Middlewares/Third_Party/FatFs/src/diskio.o
                0x08007878                disk_ioctl
 .text.mem_cpy  0x08007890       0x14 ./Middlewares/Third_Party/FatFs/src/ff.o
 .text.mem_set  0x080078a4        0xe ./Middlewares/Third_Party/FatFs/src/ff.o
 *fill*         0x080078b2        0x2 
 .text.chk_lock
                0x080078b4       0x7c ./Middlewares/Third_Party/FatFs/src/ff.o
 .text.inc_lock
                0x08007930       0x90 ./Middlewares/Third_Party/FatFs/src/ff.o
 .text.dec_lock
                0x080079c0       0x40 ./Middlewares/Third_Party/FatFs/src/ff.o
 .text.clear_lock
                0x08007a00       0x1c ./Middlewares/Third_Party/FatFs/src/ff.o
 .text.clmt_clust
                0x08007a1c       0x2e ./Middlewares/Third_Party/FatFs/src/ff.o
 .text.sum_sfn  0x08007a4a       0x1e ./Middlewares/Third_Party/FatFs/src/ff.o
 .text.get_ldnumber
                0x08007a68       0x30 ./Middlewares/Third_Party/FatFs/src/ff.o
 .text.sync_window
                0x08007a98       0x4a ./Middlewares/Third_Party/FatFs/src/ff.o
 .text.validate
                0x08007ae2       0x2c ./Middlewares/Third_Party/FatFs/src/ff.o
 .text.move_window
                0x08007b0e       0x34 ./Middlewares/Third_Party/FatFs/src/ff.o
 *fill*         0x08007b42        0x2 
 .text.check_fs
                0x08007b44       0x50 ./Middlewares/Third_Party/FatFs/src/ff.o
 .text.find_volume
                0x08007b94      0x250 ./Middlewares/Third_Party/FatFs/src/ff.o
 .text.sync_fs  0x08007de4       0x74 ./Middlewares/Third_Party/FatFs/src/ff.o
 .text.ld_clust.isra.0
                0x08007e58       0x10 ./Middlewares/Third_Party/FatFs/src/ff.o
 .text.clust2sect
                0x08007e68       0x1a ./Middlewares/Third_Party/FatFs/src/ff.o
                0x08007e68                clust2sect
 .text.get_fat  0x08007e82       0xec ./Middlewares/Third_Party/FatFs/src/ff.o
                0x08007e82                get_fat
 .text.dir_sdi  0x08007f6e       0x96 ./Middlewares/Third_Party/FatFs/src/ff.o
 .text.put_fat  0x08008004      0x118 ./Middlewares/Third_Party/FatFs/src/ff.o
                0x08008004                put_fat
 .text.create_chain
                0x0800811c       0xb4 ./Middlewares/Third_Party/FatFs/src/ff.o
 .text.dir_next
                0x080081d0      0x10e ./Middlewares/Third_Party/FatFs/src/ff.o
 *fill*         0x080082de        0x2 
 .text.dir_find
                0x080082e0      0x138 ./Middlewares/Third_Party/FatFs/src/ff.o
 .text.follow_path
                0x08008418      0x258 ./Middlewares/Third_Party/FatFs/src/ff.o
 .text.dir_register
                0x08008670      0x270 ./Middlewares/Third_Party/FatFs/src/ff.o
 .text.remove_chain
                0x080088e0       0x5e ./Middlewares/Third_Party/FatFs/src/ff.o
 *fill*         0x0800893e        0x2 
 .text.f_mount  0x08008940       0x5c ./Middlewares/Third_Party/FatFs/src/ff.o
                0x08008940                f_mount
 .text.f_open   0x0800899c      0x1b8 ./Middlewares/Third_Party/FatFs/src/ff.o
                0x0800899c                f_open
 .text.f_read   0x08008b54      0x184 ./Middlewares/Third_Party/FatFs/src/ff.o
                0x08008b54                f_read
 .text.f_write  0x08008cd8      0x1ac ./Middlewares/Third_Party/FatFs/src/ff.o
                0x08008cd8                f_write
 .text.putc_bfd
                0x08008e84       0x44 ./Middlewares/Third_Party/FatFs/src/ff.o
 .text.f_sync   0x08008ec8       0xaa ./Middlewares/Third_Party/FatFs/src/ff.o
                0x08008ec8                f_sync
 .text.f_close  0x08008f72       0x22 ./Middlewares/Third_Party/FatFs/src/ff.o
                0x08008f72                f_close
 .text.f_lseek  0x08008f94      0x256 ./Middlewares/Third_Party/FatFs/src/ff.o
                0x08008f94                f_lseek
 .text.f_getfree
                0x080091ea       0xc2 ./Middlewares/Third_Party/FatFs/src/ff.o
                0x080091ea                f_getfree
 .text.f_gets   0x080092ac       0x4a ./Middlewares/Third_Party/FatFs/src/ff.o
                0x080092ac                f_gets
 *fill*         0x080092f6        0x2 
 .text.f_printf
                0x080092f8      0x24c ./Middlewares/Third_Party/FatFs/src/ff.o
                0x080092f8                f_printf
 .text.FATFS_LinkDriverEx
                0x08009544       0x44 ./Middlewares/Third_Party/FatFs/src/ff_gen_drv.o
                0x08009544                FATFS_LinkDriverEx
 .text.FATFS_LinkDriver
                0x08009588        0x6 ./Middlewares/Third_Party/FatFs/src/ff_gen_drv.o
                0x08009588                FATFS_LinkDriver
 *fill*         0x0800958e        0x2 
 .text.ff_convert
                0x08009590       0x38 ./Middlewares/Third_Party/FatFs/src/option/ccsbcs.o
                0x08009590                ff_convert
 .text.ff_wtoupper
                0x080095c8       0x24 ./Middlewares/Third_Party/FatFs/src/option/ccsbcs.o
                0x080095c8                ff_wtoupper
 .text.MX_USB_DEVICE_Init
                0x080095ec       0x58 ./USB_DEVICE/App/usb_device.o
                0x080095ec                MX_USB_DEVICE_Init
 .text.CDC_DeInit_FS
                0x08009644        0x4 ./USB_DEVICE/App/usbd_cdc_if.o
 .text.CDC_Control_FS
                0x08009648        0x4 ./USB_DEVICE/App/usbd_cdc_if.o
 .text.CDC_Receive_FS
                0x0800964c       0x24 ./USB_DEVICE/App/usbd_cdc_if.o
 .text.CDC_Init_FS
                0x08009670       0x28 ./USB_DEVICE/App/usbd_cdc_if.o
 .text.CDC_Transmit_FS
                0x08009698       0x2c ./USB_DEVICE/App/usbd_cdc_if.o
                0x08009698                CDC_Transmit_FS
 .text.USBD_FS_DeviceDescriptor
                0x080096c4        0xc ./USB_DEVICE/App/usbd_desc.o
                0x080096c4                USBD_FS_DeviceDescriptor
 .text.USBD_FS_LangIDStrDescriptor
                0x080096d0        0xc ./USB_DEVICE/App/usbd_desc.o
                0x080096d0                USBD_FS_LangIDStrDescriptor
 .text.IntToUnicode
                0x080096dc       0x2a ./USB_DEVICE/App/usbd_desc.o
 *fill*         0x08009706        0x2 
 .text.USBD_FS_SerialStrDescriptor
                0x08009708       0x3c ./USB_DEVICE/App/usbd_desc.o
                0x08009708                USBD_FS_SerialStrDescriptor
 .text.USBD_FS_ManufacturerStrDescriptor
                0x08009744       0x1c ./USB_DEVICE/App/usbd_desc.o
                0x08009744                USBD_FS_ManufacturerStrDescriptor
 .text.USBD_FS_ProductStrDescriptor
                0x08009760       0x1c ./USB_DEVICE/App/usbd_desc.o
                0x08009760                USBD_FS_ProductStrDescriptor
 .text.USBD_FS_ConfigStrDescriptor
                0x0800977c       0x1c ./USB_DEVICE/App/usbd_desc.o
                0x0800977c                USBD_FS_ConfigStrDescriptor
 .text.USBD_FS_InterfaceStrDescriptor
                0x08009798       0x1c ./USB_DEVICE/App/usbd_desc.o
                0x08009798                USBD_FS_InterfaceStrDescriptor
 .text.USBD_Get_USB_Status
                0x080097b4        0xc ./USB_DEVICE/Target/usbd_conf.o
 .text.HAL_PCD_MspInit
                0x080097c0       0x80 ./USB_DEVICE/Target/usbd_conf.o
                0x080097c0                HAL_PCD_MspInit
 .text.HAL_PCD_SetupStageCallback
                0x08009840        0xc ./USB_DEVICE/Target/usbd_conf.o
                0x08009840                HAL_PCD_SetupStageCallback
 .text.HAL_PCD_DataOutStageCallback
                0x0800984c       0x12 ./USB_DEVICE/Target/usbd_conf.o
                0x0800984c                HAL_PCD_DataOutStageCallback
 .text.HAL_PCD_DataInStageCallback
                0x0800985e       0x10 ./USB_DEVICE/Target/usbd_conf.o
                0x0800985e                HAL_PCD_DataInStageCallback
 .text.HAL_PCD_SOFCallback
                0x0800986e        0x8 ./USB_DEVICE/Target/usbd_conf.o
                0x0800986e                HAL_PCD_SOFCallback
 .text.HAL_PCD_ResetCallback
                0x08009876       0x24 ./USB_DEVICE/Target/usbd_conf.o
                0x08009876                HAL_PCD_ResetCallback
 *fill*         0x0800989a        0x2 
 .text.HAL_PCD_SuspendCallback
                0x0800989c       0x20 ./USB_DEVICE/Target/usbd_conf.o
                0x0800989c                HAL_PCD_SuspendCallback
 .text.HAL_PCD_ResumeCallback
                0x080098bc        0x8 ./USB_DEVICE/Target/usbd_conf.o
                0x080098bc                HAL_PCD_ResumeCallback
 .text.USBD_LL_Init
                0x080098c4       0x84 ./USB_DEVICE/Target/usbd_conf.o
                0x080098c4                USBD_LL_Init
 .text.USBD_LL_Start
                0x08009948       0x12 ./USB_DEVICE/Target/usbd_conf.o
                0x08009948                USBD_LL_Start
 .text.USBD_LL_OpenEP
                0x0800995a       0x18 ./USB_DEVICE/Target/usbd_conf.o
                0x0800995a                USBD_LL_OpenEP
 .text.USBD_LL_CloseEP
                0x08009972       0x12 ./USB_DEVICE/Target/usbd_conf.o
                0x08009972                USBD_LL_CloseEP
 .text.USBD_LL_StallEP
                0x08009984       0x12 ./USB_DEVICE/Target/usbd_conf.o
                0x08009984                USBD_LL_StallEP
 .text.USBD_LL_ClearStallEP
                0x08009996       0x12 ./USB_DEVICE/Target/usbd_conf.o
                0x08009996                USBD_LL_ClearStallEP
 .text.USBD_LL_IsStallEP
                0x080099a8       0x24 ./USB_DEVICE/Target/usbd_conf.o
                0x080099a8                USBD_LL_IsStallEP
 .text.USBD_LL_SetUSBAddress
                0x080099cc       0x12 ./USB_DEVICE/Target/usbd_conf.o
                0x080099cc                USBD_LL_SetUSBAddress
 .text.USBD_LL_Transmit
                0x080099de       0x12 ./USB_DEVICE/Target/usbd_conf.o
                0x080099de                USBD_LL_Transmit
 .text.USBD_LL_PrepareReceive
                0x080099f0       0x12 ./USB_DEVICE/Target/usbd_conf.o
                0x080099f0                USBD_LL_PrepareReceive
 .text.USBD_LL_GetRxDataSize
                0x08009a02        0x8 ./USB_DEVICE/Target/usbd_conf.o
                0x08009a02                USBD_LL_GetRxDataSize
 *fill*         0x08009a0a        0x2 
 .text.USBD_static_malloc
                0x08009a0c        0x8 ./USB_DEVICE/Target/usbd_conf.o
                0x08009a0c                USBD_static_malloc
 .text.USBD_static_free
                0x08009a14        0x2 ./USB_DEVICE/Target/usbd_conf.o
                0x08009a14                USBD_static_free
 .text.HAL_PCDEx_SetConnectionState
                0x08009a16        0x2 ./USB_DEVICE/Target/usbd_conf.o
                0x08009a16                HAL_PCDEx_SetConnectionState
 .text.atoi     0x08009a18        0x8 C:/ST/STM32CubeIDE_1.16.0/STM32CubeIDE/plugins/com.st.stm32cube.ide.mcu.externaltools.gnu-tools-for-stm32.12.3.rel1.win32_1.0.200.202406191623/tools/bin/../lib/gcc/arm-none-eabi/12.3.1/../../../../arm-none-eabi/lib/thumb/v7-m/nofp\libc_nano.a(libc_a-atoi.o)
                0x08009a18                atoi
 .text._strtol_l.constprop.0
                0x08009a20       0xf4 C:/ST/STM32CubeIDE_1.16.0/STM32CubeIDE/plugins/com.st.stm32cube.ide.mcu.externaltools.gnu-tools-for-stm32.12.3.rel1.win32_1.0.200.202406191623/tools/bin/../lib/gcc/arm-none-eabi/12.3.1/../../../../arm-none-eabi/lib/thumb/v7-m/nofp\libc_nano.a(libc_a-strtol.o)
 .text._strtol_r
                0x08009b14        0x4 C:/ST/STM32CubeIDE_1.16.0/STM32CubeIDE/plugins/com.st.stm32cube.ide.mcu.externaltools.gnu-tools-for-stm32.12.3.rel1.win32_1.0.200.202406191623/tools/bin/../lib/gcc/arm-none-eabi/12.3.1/../../../../arm-none-eabi/lib/thumb/v7-m/nofp\libc_nano.a(libc_a-strtol.o)
                0x08009b14                _strtol_r
 .text.strtol   0x08009b18       0x14 C:/ST/STM32CubeIDE_1.16.0/STM32CubeIDE/plugins/com.st.stm32cube.ide.mcu.externaltools.gnu-tools-for-stm32.12.3.rel1.win32_1.0.200.202406191623/tools/bin/../lib/gcc/arm-none-eabi/12.3.1/../../../../arm-none-eabi/lib/thumb/v7-m/nofp\libc_nano.a(libc_a-strtol.o)
                0x08009b18                strtol
 .text.__cvt    0x08009b2c       0xc8 C:/ST/STM32CubeIDE_1.16.0/STM32CubeIDE/plugins/com.st.stm32cube.ide.mcu.externaltools.gnu-tools-for-stm32.12.3.rel1.win32_1.0.200.202406191623/tools/bin/../lib/gcc/arm-none-eabi/12.3.1/../../../../arm-none-eabi/lib/thumb/v7-m/nofp\libc_nano.a(libc_a-nano-vfprintf_float.o)
                0x08009b2c                __cvt
 .text.__exponent
                0x08009bf4       0x74 C:/ST/STM32CubeIDE_1.16.0/STM32CubeIDE/plugins/com.st.stm32cube.ide.mcu.externaltools.gnu-tools-for-stm32.12.3.rel1.win32_1.0.200.202406191623/tools/bin/../lib/gcc/arm-none-eabi/12.3.1/../../../../arm-none-eabi/lib/thumb/v7-m/nofp\libc_nano.a(libc_a-nano-vfprintf_float.o)
                0x08009bf4                __exponent
 .text._printf_float
                0x08009c68      0x458 C:/ST/STM32CubeIDE_1.16.0/STM32CubeIDE/plugins/com.st.stm32cube.ide.mcu.externaltools.gnu-tools-for-stm32.12.3.rel1.win32_1.0.200.202406191623/tools/bin/../lib/gcc/arm-none-eabi/12.3.1/../../../../arm-none-eabi/lib/thumb/v7-m/nofp\libc_nano.a(libc_a-nano-vfprintf_float.o)
                0x08009c68                _printf_float
 .text._printf_common
                0x0800a0c0       0xe4 C:/ST/STM32CubeIDE_1.16.0/STM32CubeIDE/plugins/com.st.stm32cube.ide.mcu.externaltools.gnu-tools-for-stm32.12.3.rel1.win32_1.0.200.202406191623/tools/bin/../lib/gcc/arm-none-eabi/12.3.1/../../../../arm-none-eabi/lib/thumb/v7-m/nofp\libc_nano.a(libc_a-nano-vfprintf_i.o)
                0x0800a0c0                _printf_common
 .text._printf_i
                0x0800a1a4      0x240 C:/ST/STM32CubeIDE_1.16.0/STM32CubeIDE/plugins/com.st.stm32cube.ide.mcu.externaltools.gnu-tools-for-stm32.12.3.rel1.win32_1.0.200.202406191623/tools/bin/../lib/gcc/arm-none-eabi/12.3.1/../../../../arm-none-eabi/lib/thumb/v7-m/nofp\libc_nano.a(libc_a-nano-vfprintf_i.o)
                0x0800a1a4                _printf_i
 .text.std      0x0800a3e4       0x6c C:/ST/STM32CubeIDE_1.16.0/STM32CubeIDE/plugins/com.st.stm32cube.ide.mcu.externaltools.gnu-tools-for-stm32.12.3.rel1.win32_1.0.200.202406191623/tools/bin/../lib/gcc/arm-none-eabi/12.3.1/../../../../arm-none-eabi/lib/thumb/v7-m/nofp\libc_nano.a(libc_a-findfp.o)
 .text.stdio_exit_handler
                0x0800a450       0x18 C:/ST/STM32CubeIDE_1.16.0/STM32CubeIDE/plugins/com.st.stm32cube.ide.mcu.externaltools.gnu-tools-for-stm32.12.3.rel1.win32_1.0.200.202406191623/tools/bin/../lib/gcc/arm-none-eabi/12.3.1/../../../../arm-none-eabi/lib/thumb/v7-m/nofp\libc_nano.a(libc_a-findfp.o)
 .text.cleanup_stdio
                0x0800a468       0x40 C:/ST/STM32CubeIDE_1.16.0/STM32CubeIDE/plugins/com.st.stm32cube.ide.mcu.externaltools.gnu-tools-for-stm32.12.3.rel1.win32_1.0.200.202406191623/tools/bin/../lib/gcc/arm-none-eabi/12.3.1/../../../../arm-none-eabi/lib/thumb/v7-m/nofp\libc_nano.a(libc_a-findfp.o)
 .text.global_stdio_init.part.0
                0x0800a4a8       0x3c C:/ST/STM32CubeIDE_1.16.0/STM32CubeIDE/plugins/com.st.stm32cube.ide.mcu.externaltools.gnu-tools-for-stm32.12.3.rel1.win32_1.0.200.202406191623/tools/bin/../lib/gcc/arm-none-eabi/12.3.1/../../../../arm-none-eabi/lib/thumb/v7-m/nofp\libc_nano.a(libc_a-findfp.o)
 .text.__sfp_lock_acquire
                0x0800a4e4        0xc C:/ST/STM32CubeIDE_1.16.0/STM32CubeIDE/plugins/com.st.stm32cube.ide.mcu.externaltools.gnu-tools-for-stm32.12.3.rel1.win32_1.0.200.202406191623/tools/bin/../lib/gcc/arm-none-eabi/12.3.1/../../../../arm-none-eabi/lib/thumb/v7-m/nofp\libc_nano.a(libc_a-findfp.o)
                0x0800a4e4                __sfp_lock_acquire
 .text.__sfp_lock_release
                0x0800a4f0        0xc C:/ST/STM32CubeIDE_1.16.0/STM32CubeIDE/plugins/com.st.stm32cube.ide.mcu.externaltools.gnu-tools-for-stm32.12.3.rel1.win32_1.0.200.202406191623/tools/bin/../lib/gcc/arm-none-eabi/12.3.1/../../../../arm-none-eabi/lib/thumb/v7-m/nofp\libc_nano.a(libc_a-findfp.o)
                0x0800a4f0                __sfp_lock_release
 .text.__sinit  0x0800a4fc       0x30 C:/ST/STM32CubeIDE_1.16.0/STM32CubeIDE/plugins/com.st.stm32cube.ide.mcu.externaltools.gnu-tools-for-stm32.12.3.rel1.win32_1.0.200.202406191623/tools/bin/../lib/gcc/arm-none-eabi/12.3.1/../../../../arm-none-eabi/lib/thumb/v7-m/nofp\libc_nano.a(libc_a-findfp.o)
                0x0800a4fc                __sinit
 .text._fwalk_sglue
                0x0800a52c       0x3c C:/ST/STM32CubeIDE_1.16.0/STM32CubeIDE/plugins/com.st.stm32cube.ide.mcu.externaltools.gnu-tools-for-stm32.12.3.rel1.win32_1.0.200.202406191623/tools/bin/../lib/gcc/arm-none-eabi/12.3.1/../../../../arm-none-eabi/lib/thumb/v7-m/nofp\libc_nano.a(libc_a-fwalk.o)
                0x0800a52c                _fwalk_sglue
 .text.printf   0x0800a568       0x24 C:/ST/STM32CubeIDE_1.16.0/STM32CubeIDE/plugins/com.st.stm32cube.ide.mcu.externaltools.gnu-tools-for-stm32.12.3.rel1.win32_1.0.200.202406191623/tools/bin/../lib/gcc/arm-none-eabi/12.3.1/../../../../arm-none-eabi/lib/thumb/v7-m/nofp\libc_nano.a(libc_a-printf.o)
                0x0800a568                iprintf
                0x0800a568                printf
 .text.putchar  0x0800a58c       0x10 C:/ST/STM32CubeIDE_1.16.0/STM32CubeIDE/plugins/com.st.stm32cube.ide.mcu.externaltools.gnu-tools-for-stm32.12.3.rel1.win32_1.0.200.202406191623/tools/bin/../lib/gcc/arm-none-eabi/12.3.1/../../../../arm-none-eabi/lib/thumb/v7-m/nofp\libc_nano.a(libc_a-putchar.o)
                0x0800a58c                putchar
 .text.snprintf
                0x0800a59c       0x68 C:/ST/STM32CubeIDE_1.16.0/STM32CubeIDE/plugins/com.st.stm32cube.ide.mcu.externaltools.gnu-tools-for-stm32.12.3.rel1.win32_1.0.200.202406191623/tools/bin/../lib/gcc/arm-none-eabi/12.3.1/../../../../arm-none-eabi/lib/thumb/v7-m/nofp\libc_nano.a(libc_a-snprintf.o)
                0x0800a59c                sniprintf
                0x0800a59c                snprintf
 .text.sscanf   0x0800a604       0x54 C:/ST/STM32CubeIDE_1.16.0/STM32CubeIDE/plugins/com.st.stm32cube.ide.mcu.externaltools.gnu-tools-for-stm32.12.3.rel1.win32_1.0.200.202406191623/tools/bin/../lib/gcc/arm-none-eabi/12.3.1/../../../../arm-none-eabi/lib/thumb/v7-m/nofp\libc_nano.a(libc_a-sscanf.o)
                0x0800a604                siscanf
                0x0800a604                sscanf
 .text.__sread  0x0800a658       0x22 C:/ST/STM32CubeIDE_1.16.0/STM32CubeIDE/plugins/com.st.stm32cube.ide.mcu.externaltools.gnu-tools-for-stm32.12.3.rel1.win32_1.0.200.202406191623/tools/bin/../lib/gcc/arm-none-eabi/12.3.1/../../../../arm-none-eabi/lib/thumb/v7-m/nofp\libc_nano.a(libc_a-stdio.o)
                0x0800a658                __sread
 .text.__seofread
                0x0800a67a        0x4 C:/ST/STM32CubeIDE_1.16.0/STM32CubeIDE/plugins/com.st.stm32cube.ide.mcu.externaltools.gnu-tools-for-stm32.12.3.rel1.win32_1.0.200.202406191623/tools/bin/../lib/gcc/arm-none-eabi/12.3.1/../../../../arm-none-eabi/lib/thumb/v7-m/nofp\libc_nano.a(libc_a-stdio.o)
                0x0800a67a                __seofread
 .text.__swrite
                0x0800a67e       0x38 C:/ST/STM32CubeIDE_1.16.0/STM32CubeIDE/plugins/com.st.stm32cube.ide.mcu.externaltools.gnu-tools-for-stm32.12.3.rel1.win32_1.0.200.202406191623/tools/bin/../lib/gcc/arm-none-eabi/12.3.1/../../../../arm-none-eabi/lib/thumb/v7-m/nofp\libc_nano.a(libc_a-stdio.o)
                0x0800a67e                __swrite
 .text.__sseek  0x0800a6b6       0x24 C:/ST/STM32CubeIDE_1.16.0/STM32CubeIDE/plugins/com.st.stm32cube.ide.mcu.externaltools.gnu-tools-for-stm32.12.3.rel1.win32_1.0.200.202406191623/tools/bin/../lib/gcc/arm-none-eabi/12.3.1/../../../../arm-none-eabi/lib/thumb/v7-m/nofp\libc_nano.a(libc_a-stdio.o)
                0x0800a6b6                __sseek
 .text.__sclose
                0x0800a6da        0x8 C:/ST/STM32CubeIDE_1.16.0/STM32CubeIDE/plugins/com.st.stm32cube.ide.mcu.externaltools.gnu-tools-for-stm32.12.3.rel1.win32_1.0.200.202406191623/tools/bin/../lib/gcc/arm-none-eabi/12.3.1/../../../../arm-none-eabi/lib/thumb/v7-m/nofp\libc_nano.a(libc_a-stdio.o)
                0x0800a6da                __sclose
 .text.memcmp   0x0800a6e2       0x20 C:/ST/STM32CubeIDE_1.16.0/STM32CubeIDE/plugins/com.st.stm32cube.ide.mcu.externaltools.gnu-tools-for-stm32.12.3.rel1.win32_1.0.200.202406191623/tools/bin/../lib/gcc/arm-none-eabi/12.3.1/../../../../arm-none-eabi/lib/thumb/v7-m/nofp\libc_nano.a(libc_a-memcmp.o)
                0x0800a6e2                memcmp
 .text.memset   0x0800a702       0x10 C:/ST/STM32CubeIDE_1.16.0/STM32CubeIDE/plugins/com.st.stm32cube.ide.mcu.externaltools.gnu-tools-for-stm32.12.3.rel1.win32_1.0.200.202406191623/tools/bin/../lib/gcc/arm-none-eabi/12.3.1/../../../../arm-none-eabi/lib/thumb/v7-m/nofp\libc_nano.a(libc_a-memset.o)
                0x0800a702                memset
 .text.strncmp  0x0800a712       0x24 C:/ST/STM32CubeIDE_1.16.0/STM32CubeIDE/plugins/com.st.stm32cube.ide.mcu.externaltools.gnu-tools-for-stm32.12.3.rel1.win32_1.0.200.202406191623/tools/bin/../lib/gcc/arm-none-eabi/12.3.1/../../../../arm-none-eabi/lib/thumb/v7-m/nofp\libc_nano.a(libc_a-strncmp.o)
                0x0800a712                strncmp
 .text.strncpy  0x0800a736       0x26 C:/ST/STM32CubeIDE_1.16.0/STM32CubeIDE/plugins/com.st.stm32cube.ide.mcu.externaltools.gnu-tools-for-stm32.12.3.rel1.win32_1.0.200.202406191623/tools/bin/../lib/gcc/arm-none-eabi/12.3.1/../../../../arm-none-eabi/lib/thumb/v7-m/nofp\libc_nano.a(libc_a-strncpy.o)
                0x0800a736                strncpy
 .text._localeconv_r
                0x0800a75c        0x8 C:/ST/STM32CubeIDE_1.16.0/STM32CubeIDE/plugins/com.st.stm32cube.ide.mcu.externaltools.gnu-tools-for-stm32.12.3.rel1.win32_1.0.200.202406191623/tools/bin/../lib/gcc/arm-none-eabi/12.3.1/../../../../arm-none-eabi/lib/thumb/v7-m/nofp\libc_nano.a(libc_a-localeconv.o)
                0x0800a75c                _localeconv_r
 .text._close_r
                0x0800a764       0x20 C:/ST/STM32CubeIDE_1.16.0/STM32CubeIDE/plugins/com.st.stm32cube.ide.mcu.externaltools.gnu-tools-for-stm32.12.3.rel1.win32_1.0.200.202406191623/tools/bin/../lib/gcc/arm-none-eabi/12.3.1/../../../../arm-none-eabi/lib/thumb/v7-m/nofp\libc_nano.a(libc_a-closer.o)
                0x0800a764                _close_r
 .text._lseek_r
                0x0800a784       0x24 C:/ST/STM32CubeIDE_1.16.0/STM32CubeIDE/plugins/com.st.stm32cube.ide.mcu.externaltools.gnu-tools-for-stm32.12.3.rel1.win32_1.0.200.202406191623/tools/bin/../lib/gcc/arm-none-eabi/12.3.1/../../../../arm-none-eabi/lib/thumb/v7-m/nofp\libc_nano.a(libc_a-lseekr.o)
                0x0800a784                _lseek_r
 .text._read_r  0x0800a7a8       0x24 C:/ST/STM32CubeIDE_1.16.0/STM32CubeIDE/plugins/com.st.stm32cube.ide.mcu.externaltools.gnu-tools-for-stm32.12.3.rel1.win32_1.0.200.202406191623/tools/bin/../lib/gcc/arm-none-eabi/12.3.1/../../../../arm-none-eabi/lib/thumb/v7-m/nofp\libc_nano.a(libc_a-readr.o)
                0x0800a7a8                _read_r
 .text._write_r
                0x0800a7cc       0x24 C:/ST/STM32CubeIDE_1.16.0/STM32CubeIDE/plugins/com.st.stm32cube.ide.mcu.externaltools.gnu-tools-for-stm32.12.3.rel1.win32_1.0.200.202406191623/tools/bin/../lib/gcc/arm-none-eabi/12.3.1/../../../../arm-none-eabi/lib/thumb/v7-m/nofp\libc_nano.a(libc_a-writer.o)
                0x0800a7cc                _write_r
 .text.__errno  0x0800a7f0        0xc C:/ST/STM32CubeIDE_1.16.0/STM32CubeIDE/plugins/com.st.stm32cube.ide.mcu.externaltools.gnu-tools-for-stm32.12.3.rel1.win32_1.0.200.202406191623/tools/bin/../lib/gcc/arm-none-eabi/12.3.1/../../../../arm-none-eabi/lib/thumb/v7-m/nofp\libc_nano.a(libc_a-errno.o)
                0x0800a7f0                __errno
 .text.__libc_init_array
                0x0800a7fc       0x48 C:/ST/STM32CubeIDE_1.16.0/STM32CubeIDE/plugins/com.st.stm32cube.ide.mcu.externaltools.gnu-tools-for-stm32.12.3.rel1.win32_1.0.200.202406191623/tools/bin/../lib/gcc/arm-none-eabi/12.3.1/../../../../arm-none-eabi/lib/thumb/v7-m/nofp\libc_nano.a(libc_a-init.o)
                0x0800a7fc                __libc_init_array
 .text.__retarget_lock_init_recursive
                0x0800a844        0x2 C:/ST/STM32CubeIDE_1.16.0/STM32CubeIDE/plugins/com.st.stm32cube.ide.mcu.externaltools.gnu-tools-for-stm32.12.3.rel1.win32_1.0.200.202406191623/tools/bin/../lib/gcc/arm-none-eabi/12.3.1/../../../../arm-none-eabi/lib/thumb/v7-m/nofp\libc_nano.a(libc_a-lock.o)
                0x0800a844                __retarget_lock_init_recursive
 .text.__retarget_lock_acquire_recursive
                0x0800a846        0x2 C:/ST/STM32CubeIDE_1.16.0/STM32CubeIDE/plugins/com.st.stm32cube.ide.mcu.externaltools.gnu-tools-for-stm32.12.3.rel1.win32_1.0.200.202406191623/tools/bin/../lib/gcc/arm-none-eabi/12.3.1/../../../../arm-none-eabi/lib/thumb/v7-m/nofp\libc_nano.a(libc_a-lock.o)
                0x0800a846                __retarget_lock_acquire_recursive
 .text.__retarget_lock_release_recursive
                0x0800a848        0x2 C:/ST/STM32CubeIDE_1.16.0/STM32CubeIDE/plugins/com.st.stm32cube.ide.mcu.externaltools.gnu-tools-for-stm32.12.3.rel1.win32_1.0.200.202406191623/tools/bin/../lib/gcc/arm-none-eabi/12.3.1/../../../../arm-none-eabi/lib/thumb/v7-m/nofp\libc_nano.a(libc_a-lock.o)
                0x0800a848                __retarget_lock_release_recursive
 .text.strcpy   0x0800a84a       0x10 C:/ST/STM32CubeIDE_1.16.0/STM32CubeIDE/plugins/com.st.stm32cube.ide.mcu.externaltools.gnu-tools-for-stm32.12.3.rel1.win32_1.0.200.202406191623/tools/bin/../lib/gcc/arm-none-eabi/12.3.1/../../../../arm-none-eabi/lib/thumb/v7-m/nofp\libc_nano.a(libc_a-strcpy.o)
                0x0800a84a                strcpy
 .text.memchr   0x0800a85a       0x1c C:/ST/STM32CubeIDE_1.16.0/STM32CubeIDE/plugins/com.st.stm32cube.ide.mcu.externaltools.gnu-tools-for-stm32.12.3.rel1.win32_1.0.200.202406191623/tools/bin/../lib/gcc/arm-none-eabi/12.3.1/../../../../arm-none-eabi/lib/thumb/v7-m/nofp\libc_nano.a(libc_a-memchr-stub.o)
                0x0800a85a                memchr
 .text.quorem   0x0800a876      0x110 C:/ST/STM32CubeIDE_1.16.0/STM32CubeIDE/plugins/com.st.stm32cube.ide.mcu.externaltools.gnu-tools-for-stm32.12.3.rel1.win32_1.0.200.202406191623/tools/bin/../lib/gcc/arm-none-eabi/12.3.1/../../../../arm-none-eabi/lib/thumb/v7-m/nofp\libc_nano.a(libc_a-dtoa.o)
 *fill*         0x0800a986        0x2 
 .text._dtoa_r  0x0800a988      0xb90 C:/ST/STM32CubeIDE_1.16.0/STM32CubeIDE/plugins/com.st.stm32cube.ide.mcu.externaltools.gnu-tools-for-stm32.12.3.rel1.win32_1.0.200.202406191623/tools/bin/../lib/gcc/arm-none-eabi/12.3.1/../../../../arm-none-eabi/lib/thumb/v7-m/nofp\libc_nano.a(libc_a-dtoa.o)
                0x0800a988                _dtoa_r
 .text._free_r  0x0800b518       0x90 C:/ST/STM32CubeIDE_1.16.0/STM32CubeIDE/plugins/com.st.stm32cube.ide.mcu.externaltools.gnu-tools-for-stm32.12.3.rel1.win32_1.0.200.202406191623/tools/bin/../lib/gcc/arm-none-eabi/12.3.1/../../../../arm-none-eabi/lib/thumb/v7-m/nofp\libc_nano.a(libc_a-freer.o)
                0x0800b518                _free_r
 .text.malloc   0x0800b5a8       0x10 C:/ST/STM32CubeIDE_1.16.0/STM32CubeIDE/plugins/com.st.stm32cube.ide.mcu.externaltools.gnu-tools-for-stm32.12.3.rel1.win32_1.0.200.202406191623/tools/bin/../lib/gcc/arm-none-eabi/12.3.1/../../../../arm-none-eabi/lib/thumb/v7-m/nofp\libc_nano.a(libc_a-malloc.o)
                0x0800b5a8                malloc
 .text.sbrk_aligned
                0x0800b5b8       0x44 C:/ST/STM32CubeIDE_1.16.0/STM32CubeIDE/plugins/com.st.stm32cube.ide.mcu.externaltools.gnu-tools-for-stm32.12.3.rel1.win32_1.0.200.202406191623/tools/bin/../lib/gcc/arm-none-eabi/12.3.1/../../../../arm-none-eabi/lib/thumb/v7-m/nofp\libc_nano.a(libc_a-mallocr.o)
 .text._malloc_r
                0x0800b5fc      0x100 C:/ST/STM32CubeIDE_1.16.0/STM32CubeIDE/plugins/com.st.stm32cube.ide.mcu.externaltools.gnu-tools-for-stm32.12.3.rel1.win32_1.0.200.202406191623/tools/bin/../lib/gcc/arm-none-eabi/12.3.1/../../../../arm-none-eabi/lib/thumb/v7-m/nofp\libc_nano.a(libc_a-mallocr.o)
                0x0800b5fc                _malloc_r
 .text.__malloc_lock
                0x0800b6fc        0xc C:/ST/STM32CubeIDE_1.16.0/STM32CubeIDE/plugins/com.st.stm32cube.ide.mcu.externaltools.gnu-tools-for-stm32.12.3.rel1.win32_1.0.200.202406191623/tools/bin/../lib/gcc/arm-none-eabi/12.3.1/../../../../arm-none-eabi/lib/thumb/v7-m/nofp\libc_nano.a(libc_a-mlock.o)
                0x0800b6fc                __malloc_lock
 .text.__malloc_unlock
                0x0800b708        0xc C:/ST/STM32CubeIDE_1.16.0/STM32CubeIDE/plugins/com.st.stm32cube.ide.mcu.externaltools.gnu-tools-for-stm32.12.3.rel1.win32_1.0.200.202406191623/tools/bin/../lib/gcc/arm-none-eabi/12.3.1/../../../../arm-none-eabi/lib/thumb/v7-m/nofp\libc_nano.a(libc_a-mlock.o)
                0x0800b708                __malloc_unlock
 .text._Balloc  0x0800b714       0x80 C:/ST/STM32CubeIDE_1.16.0/STM32CubeIDE/plugins/com.st.stm32cube.ide.mcu.externaltools.gnu-tools-for-stm32.12.3.rel1.win32_1.0.200.202406191623/tools/bin/../lib/gcc/arm-none-eabi/12.3.1/../../../../arm-none-eabi/lib/thumb/v7-m/nofp\libc_nano.a(libc_a-mprec.o)
                0x0800b714                _Balloc
 .text._Bfree   0x0800b794       0x44 C:/ST/STM32CubeIDE_1.16.0/STM32CubeIDE/plugins/com.st.stm32cube.ide.mcu.externaltools.gnu-tools-for-stm32.12.3.rel1.win32_1.0.200.202406191623/tools/bin/../lib/gcc/arm-none-eabi/12.3.1/../../../../arm-none-eabi/lib/thumb/v7-m/nofp\libc_nano.a(libc_a-mprec.o)
                0x0800b794                _Bfree
 .text.__multadd
                0x0800b7d8       0x8c C:/ST/STM32CubeIDE_1.16.0/STM32CubeIDE/plugins/com.st.stm32cube.ide.mcu.externaltools.gnu-tools-for-stm32.12.3.rel1.win32_1.0.200.202406191623/tools/bin/../lib/gcc/arm-none-eabi/12.3.1/../../../../arm-none-eabi/lib/thumb/v7-m/nofp\libc_nano.a(libc_a-mprec.o)
                0x0800b7d8                __multadd
 .text.__hi0bits
                0x0800b864       0x3e C:/ST/STM32CubeIDE_1.16.0/STM32CubeIDE/plugins/com.st.stm32cube.ide.mcu.externaltools.gnu-tools-for-stm32.12.3.rel1.win32_1.0.200.202406191623/tools/bin/../lib/gcc/arm-none-eabi/12.3.1/../../../../arm-none-eabi/lib/thumb/v7-m/nofp\libc_nano.a(libc_a-mprec.o)
                0x0800b864                __hi0bits
 .text.__lo0bits
                0x0800b8a2       0x5a C:/ST/STM32CubeIDE_1.16.0/STM32CubeIDE/plugins/com.st.stm32cube.ide.mcu.externaltools.gnu-tools-for-stm32.12.3.rel1.win32_1.0.200.202406191623/tools/bin/../lib/gcc/arm-none-eabi/12.3.1/../../../../arm-none-eabi/lib/thumb/v7-m/nofp\libc_nano.a(libc_a-mprec.o)
                0x0800b8a2                __lo0bits
 .text.__i2b    0x0800b8fc       0x2c C:/ST/STM32CubeIDE_1.16.0/STM32CubeIDE/plugins/com.st.stm32cube.ide.mcu.externaltools.gnu-tools-for-stm32.12.3.rel1.win32_1.0.200.202406191623/tools/bin/../lib/gcc/arm-none-eabi/12.3.1/../../../../arm-none-eabi/lib/thumb/v7-m/nofp\libc_nano.a(libc_a-mprec.o)
                0x0800b8fc                __i2b
 .text.__multiply
                0x0800b928      0x150 C:/ST/STM32CubeIDE_1.16.0/STM32CubeIDE/plugins/com.st.stm32cube.ide.mcu.externaltools.gnu-tools-for-stm32.12.3.rel1.win32_1.0.200.202406191623/tools/bin/../lib/gcc/arm-none-eabi/12.3.1/../../../../arm-none-eabi/lib/thumb/v7-m/nofp\libc_nano.a(libc_a-mprec.o)
                0x0800b928                __multiply
 .text.__pow5mult
                0x0800ba78       0xb4 C:/ST/STM32CubeIDE_1.16.0/STM32CubeIDE/plugins/com.st.stm32cube.ide.mcu.externaltools.gnu-tools-for-stm32.12.3.rel1.win32_1.0.200.202406191623/tools/bin/../lib/gcc/arm-none-eabi/12.3.1/../../../../arm-none-eabi/lib/thumb/v7-m/nofp\libc_nano.a(libc_a-mprec.o)
                0x0800ba78                __pow5mult
 .text.__lshift
                0x0800bb2c       0xd8 C:/ST/STM32CubeIDE_1.16.0/STM32CubeIDE/plugins/com.st.stm32cube.ide.mcu.externaltools.gnu-tools-for-stm32.12.3.rel1.win32_1.0.200.202406191623/tools/bin/../lib/gcc/arm-none-eabi/12.3.1/../../../../arm-none-eabi/lib/thumb/v7-m/nofp\libc_nano.a(libc_a-mprec.o)
                0x0800bb2c                __lshift
 .text.__mcmp   0x0800bc04       0x36 C:/ST/STM32CubeIDE_1.16.0/STM32CubeIDE/plugins/com.st.stm32cube.ide.mcu.externaltools.gnu-tools-for-stm32.12.3.rel1.win32_1.0.200.202406191623/tools/bin/../lib/gcc/arm-none-eabi/12.3.1/../../../../arm-none-eabi/lib/thumb/v7-m/nofp\libc_nano.a(libc_a-mprec.o)
                0x0800bc04                __mcmp
 *fill*         0x0800bc3a        0x2 
 .text.__mdiff  0x0800bc3c      0x128 C:/ST/STM32CubeIDE_1.16.0/STM32CubeIDE/plugins/com.st.stm32cube.ide.mcu.externaltools.gnu-tools-for-stm32.12.3.rel1.win32_1.0.200.202406191623/tools/bin/../lib/gcc/arm-none-eabi/12.3.1/../../../../arm-none-eabi/lib/thumb/v7-m/nofp\libc_nano.a(libc_a-mprec.o)
                0x0800bc3c                __mdiff
 .text.__d2b    0x0800bd64       0xb0 C:/ST/STM32CubeIDE_1.16.0/STM32CubeIDE/plugins/com.st.stm32cube.ide.mcu.externaltools.gnu-tools-for-stm32.12.3.rel1.win32_1.0.200.202406191623/tools/bin/../lib/gcc/arm-none-eabi/12.3.1/../../../../arm-none-eabi/lib/thumb/v7-m/nofp\libc_nano.a(libc_a-mprec.o)
                0x0800bd64                __d2b
 .text.__ssputs_r
                0x0800be14       0xb6 C:/ST/STM32CubeIDE_1.16.0/STM32CubeIDE/plugins/com.st.stm32cube.ide.mcu.externaltools.gnu-tools-for-stm32.12.3.rel1.win32_1.0.200.202406191623/tools/bin/../lib/gcc/arm-none-eabi/12.3.1/../../../../arm-none-eabi/lib/thumb/v7-m/nofp\libc_nano.a(libc_a-nano-svfprintf.o)
                0x0800be14                __ssputs_r
 *fill*         0x0800beca        0x2 
 .text._svfprintf_r
                0x0800becc      0x1f8 C:/ST/STM32CubeIDE_1.16.0/STM32CubeIDE/plugins/com.st.stm32cube.ide.mcu.externaltools.gnu-tools-for-stm32.12.3.rel1.win32_1.0.200.202406191623/tools/bin/../lib/gcc/arm-none-eabi/12.3.1/../../../../arm-none-eabi/lib/thumb/v7-m/nofp\libc_nano.a(libc_a-nano-svfprintf.o)
                0x0800becc                _svfiprintf_r
                0x0800becc                _svfprintf_r
 .text._sungetc_r
                0x0800c0c4       0x76 C:/ST/STM32CubeIDE_1.16.0/STM32CubeIDE/plugins/com.st.stm32cube.ide.mcu.externaltools.gnu-tools-for-stm32.12.3.rel1.win32_1.0.200.202406191623/tools/bin/../lib/gcc/arm-none-eabi/12.3.1/../../../../arm-none-eabi/lib/thumb/v7-m/nofp\libc_nano.a(libc_a-nano-svfscanf.o)
                0x0800c0c4                _sungetc_r
 .text.__ssrefill_r
                0x0800c13a       0x3a C:/ST/STM32CubeIDE_1.16.0/STM32CubeIDE/plugins/com.st.stm32cube.ide.mcu.externaltools.gnu-tools-for-stm32.12.3.rel1.win32_1.0.200.202406191623/tools/bin/../lib/gcc/arm-none-eabi/12.3.1/../../../../arm-none-eabi/lib/thumb/v7-m/nofp\libc_nano.a(libc_a-nano-svfscanf.o)
                0x0800c13a                __ssrefill_r
 .text.__ssvfscanf_r
                0x0800c174      0x2e4 C:/ST/STM32CubeIDE_1.16.0/STM32CubeIDE/plugins/com.st.stm32cube.ide.mcu.externaltools.gnu-tools-for-stm32.12.3.rel1.win32_1.0.200.202406191623/tools/bin/../lib/gcc/arm-none-eabi/12.3.1/../../../../arm-none-eabi/lib/thumb/v7-m/nofp\libc_nano.a(libc_a-nano-svfscanf.o)
                0x0800c174                __ssvfiscanf_r
                0x0800c174                __ssvfscanf_r
 .text.__sfputc_r
                0x0800c458       0x2a C:/ST/STM32CubeIDE_1.16.0/STM32CubeIDE/plugins/com.st.stm32cube.ide.mcu.externaltools.gnu-tools-for-stm32.12.3.rel1.win32_1.0.200.202406191623/tools/bin/../lib/gcc/arm-none-eabi/12.3.1/../../../../arm-none-eabi/lib/thumb/v7-m/nofp\libc_nano.a(libc_a-nano-vfprintf.o)
 .text.__sfputs_r
                0x0800c482       0x24 C:/ST/STM32CubeIDE_1.16.0/STM32CubeIDE/plugins/com.st.stm32cube.ide.mcu.externaltools.gnu-tools-for-stm32.12.3.rel1.win32_1.0.200.202406191623/tools/bin/../lib/gcc/arm-none-eabi/12.3.1/../../../../arm-none-eabi/lib/thumb/v7-m/nofp\libc_nano.a(libc_a-nano-vfprintf.o)
                0x0800c482                __sfputs_r
 *fill*         0x0800c4a6        0x2 
 .text._vfprintf_r
                0x0800c4a8      0x230 C:/ST/STM32CubeIDE_1.16.0/STM32CubeIDE/plugins/com.st.stm32cube.ide.mcu.externaltools.gnu-tools-for-stm32.12.3.rel1.win32_1.0.200.202406191623/tools/bin/../lib/gcc/arm-none-eabi/12.3.1/../../../../arm-none-eabi/lib/thumb/v7-m/nofp\libc_nano.a(libc_a-nano-vfprintf.o)
                0x0800c4a8                _vfprintf_r
                0x0800c4a8                _vfiprintf_r
 .text._scanf_chars
                0x0800c6d8       0xb4 C:/ST/STM32CubeIDE_1.16.0/STM32CubeIDE/plugins/com.st.stm32cube.ide.mcu.externaltools.gnu-tools-for-stm32.12.3.rel1.win32_1.0.200.202406191623/tools/bin/../lib/gcc/arm-none-eabi/12.3.1/../../../../arm-none-eabi/lib/thumb/v7-m/nofp\libc_nano.a(libc_a-nano-vfscanf_i.o)
                0x0800c6d8                _scanf_chars
 .text._scanf_i
                0x0800c78c      0x1e4 C:/ST/STM32CubeIDE_1.16.0/STM32CubeIDE/plugins/com.st.stm32cube.ide.mcu.externaltools.gnu-tools-for-stm32.12.3.rel1.win32_1.0.200.202406191623/tools/bin/../lib/gcc/arm-none-eabi/12.3.1/../../../../arm-none-eabi/lib/thumb/v7-m/nofp\libc_nano.a(libc_a-nano-vfscanf_i.o)
                0x0800c78c                _scanf_i
 .text.__sflush_r
                0x0800c970      0x100 C:/ST/STM32CubeIDE_1.16.0/STM32CubeIDE/plugins/com.st.stm32cube.ide.mcu.externaltools.gnu-tools-for-stm32.12.3.rel1.win32_1.0.200.202406191623/tools/bin/../lib/gcc/arm-none-eabi/12.3.1/../../../../arm-none-eabi/lib/thumb/v7-m/nofp\libc_nano.a(libc_a-fflush.o)
                0x0800c970                __sflush_r
 .text._fflush_r
                0x0800ca70       0x50 C:/ST/STM32CubeIDE_1.16.0/STM32CubeIDE/plugins/com.st.stm32cube.ide.mcu.externaltools.gnu-tools-for-stm32.12.3.rel1.win32_1.0.200.202406191623/tools/bin/../lib/gcc/arm-none-eabi/12.3.1/../../../../arm-none-eabi/lib/thumb/v7-m/nofp\libc_nano.a(libc_a-fflush.o)
                0x0800ca70                _fflush_r
 .text._putc_r  0x0800cac0       0x68 C:/ST/STM32CubeIDE_1.16.0/STM32CubeIDE/plugins/com.st.stm32cube.ide.mcu.externaltools.gnu-tools-for-stm32.12.3.rel1.win32_1.0.200.202406191623/tools/bin/../lib/gcc/arm-none-eabi/12.3.1/../../../../arm-none-eabi/lib/thumb/v7-m/nofp\libc_nano.a(libc_a-putc.o)
                0x0800cac0                _putc_r
 .text.__sccl   0x0800cb28       0x72 C:/ST/STM32CubeIDE_1.16.0/STM32CubeIDE/plugins/com.st.stm32cube.ide.mcu.externaltools.gnu-tools-for-stm32.12.3.rel1.win32_1.0.200.202406191623/tools/bin/../lib/gcc/arm-none-eabi/12.3.1/../../../../arm-none-eabi/lib/thumb/v7-m/nofp\libc_nano.a(libc_a-sccl.o)
                0x0800cb28                __sccl
 .text.__submore
                0x0800cb9a       0x70 C:/ST/STM32CubeIDE_1.16.0/STM32CubeIDE/plugins/com.st.stm32cube.ide.mcu.externaltools.gnu-tools-for-stm32.12.3.rel1.win32_1.0.200.202406191623/tools/bin/../lib/gcc/arm-none-eabi/12.3.1/../../../../arm-none-eabi/lib/thumb/v7-m/nofp\libc_nano.a(libc_a-ungetc.o)
                0x0800cb9a                __submore
 .text.__swbuf_r
                0x0800cc0a       0x7c C:/ST/STM32CubeIDE_1.16.0/STM32CubeIDE/plugins/com.st.stm32cube.ide.mcu.externaltools.gnu-tools-for-stm32.12.3.rel1.win32_1.0.200.202406191623/tools/bin/../lib/gcc/arm-none-eabi/12.3.1/../../../../arm-none-eabi/lib/thumb/v7-m/nofp\libc_nano.a(libc_a-wbuf.o)
                0x0800cc0a                __swbuf_r
 *fill*         0x0800cc86        0x2 
 .text.__swsetup_r
                0x0800cc88       0xac C:/ST/STM32CubeIDE_1.16.0/STM32CubeIDE/plugins/com.st.stm32cube.ide.mcu.externaltools.gnu-tools-for-stm32.12.3.rel1.win32_1.0.200.202406191623/tools/bin/../lib/gcc/arm-none-eabi/12.3.1/../../../../arm-none-eabi/lib/thumb/v7-m/nofp\libc_nano.a(libc_a-wsetup.o)
                0x0800cc88                __swsetup_r
 .text.memmove  0x0800cd34       0x34 C:/ST/STM32CubeIDE_1.16.0/STM32CubeIDE/plugins/com.st.stm32cube.ide.mcu.externaltools.gnu-tools-for-stm32.12.3.rel1.win32_1.0.200.202406191623/tools/bin/../lib/gcc/arm-none-eabi/12.3.1/../../../../arm-none-eabi/lib/thumb/v7-m/nofp\libc_nano.a(libc_a-memmove.o)
                0x0800cd34                memmove
 .text._sbrk_r  0x0800cd68       0x20 C:/ST/STM32CubeIDE_1.16.0/STM32CubeIDE/plugins/com.st.stm32cube.ide.mcu.externaltools.gnu-tools-for-stm32.12.3.rel1.win32_1.0.200.202406191623/tools/bin/../lib/gcc/arm-none-eabi/12.3.1/../../../../arm-none-eabi/lib/thumb/v7-m/nofp\libc_nano.a(libc_a-sbrkr.o)
                0x0800cd68                _sbrk_r
 .text.memcpy   0x0800cd88       0x1c C:/ST/STM32CubeIDE_1.16.0/STM32CubeIDE/plugins/com.st.stm32cube.ide.mcu.externaltools.gnu-tools-for-stm32.12.3.rel1.win32_1.0.200.202406191623/tools/bin/../lib/gcc/arm-none-eabi/12.3.1/../../../../arm-none-eabi/lib/thumb/v7-m/nofp\libc_nano.a(libc_a-memcpy-stub.o)
                0x0800cd88                memcpy
 .text.__assert_func
                0x0800cda4       0x3c C:/ST/STM32CubeIDE_1.16.0/STM32CubeIDE/plugins/com.st.stm32cube.ide.mcu.externaltools.gnu-tools-for-stm32.12.3.rel1.win32_1.0.200.202406191623/tools/bin/../lib/gcc/arm-none-eabi/12.3.1/../../../../arm-none-eabi/lib/thumb/v7-m/nofp\libc_nano.a(libc_a-assert.o)
                0x0800cda4                __assert_func
 .text._calloc_r
                0x0800cde0       0x28 C:/ST/STM32CubeIDE_1.16.0/STM32CubeIDE/plugins/com.st.stm32cube.ide.mcu.externaltools.gnu-tools-for-stm32.12.3.rel1.win32_1.0.200.202406191623/tools/bin/../lib/gcc/arm-none-eabi/12.3.1/../../../../arm-none-eabi/lib/thumb/v7-m/nofp\libc_nano.a(libc_a-callocr.o)
                0x0800cde0                _calloc_r