Archive member included to satisfy reference by file (symbol)

C:/ST/STM32CubeIDE_1.16.0/STM32CubeIDE/plugins/com.st.stm32cube.ide.mcu.externaltools.gnu-tools-for-stm32.12.3.rel1.win32_1.0.200.202406191623/tools/bin/../lib/gcc/arm-none-eabi/12.3.1/../../../../arm-none-eabi/lib/thumb/v7-m/nofp\libc_nano.a(libc_a-exit.o)
                              C:/ST/STM32CubeIDE_1.16.0/STM32CubeIDE/plugins/com.st.stm32cube.ide.mcu.externaltools.gnu-tools-for-stm32.12.3.rel1.win32_1.0.200.202406191623/tools/bin/../lib/gcc/arm-none-eabi/12.3.1/../../../../arm-none-eabi/lib/thumb/v7-m/nofp/crt0.o (exit)
C:/ST/STM32CubeIDE_1.16.0/STM32CubeIDE/plugins/com.st.stm32cube.ide.mcu.externaltools.gnu-tools-for-stm32.12.3.rel1.win32_1.0.200.202406191623/tools/bin/../lib/gcc/arm-none-eabi/12.3.1/../../../../arm-none-eabi/lib/thumb/v7-m/nofp\libc_nano.a(libc_a-nano-vfprintf_float.o)
                              (_printf_float)
C:/ST/STM32CubeIDE_1.16.0/STM32CubeIDE/plugins/com.st.stm32cube.ide.mcu.externaltools.gnu-tools-for-stm32.12.3.rel1.win32_1.0.200.202406191623/tools/bin/../lib/gcc/arm-none-eabi/12.3.1/../../../../arm-none-eabi/lib/thumb/v7-m/nofp\libc_nano.a(libc_a-nano-vfprintf_i.o)
                              C:/ST/STM32CubeIDE_1.16.0/STM32CubeIDE/plugins/com.st.stm32cube.ide.mcu.externaltools.gnu-tools-for-stm32.12.3.rel1.win32_1.0.200.202406191623/tools/bin/../lib/gcc/arm-none-eabi/12.3.1/../../../../arm-none-eabi/lib/thumb/v7-m/nofp\libc_nano.a(libc_a-nano-vfprintf_float.o) (_printf_common)
C:/ST/STM32CubeIDE_1.16.0/STM32CubeIDE/plugins/com.st.stm32cube.ide.mcu.externaltools.gnu-tools-for-stm32.12.3.rel1.win32_1.0.200.202406191623/tools/bin/../lib/gcc/arm-none-eabi/12.3.1/../../../../arm-none-eabi/lib/thumb/v7-m/nofp\libc_nano.a(libc_a-findfp.o)
                              C:/ST/STM32CubeIDE_1.16.0/STM32CubeIDE/plugins/com.st.stm32cube.ide.mcu.externaltools.gnu-tools-for-stm32.12.3.rel1.win32_1.0.200.202406191623/tools/bin/../lib/gcc/arm-none-eabi/12.3.1/../../../../arm-none-eabi/lib/thumb/v7-m/nofp\libc_nano.a(libc_a-exit.o) (__stdio_exit_handler)
C:/ST/STM32CubeIDE_1.16.0/STM32CubeIDE/plugins/com.st.stm32cube.ide.mcu.externaltools.gnu-tools-for-stm32.12.3.rel1.win32_1.0.200.202406191623/tools/bin/../lib/gcc/arm-none-eabi/12.3.1/../../../../arm-none-eabi/lib/thumb/v7-m/nofp\libc_nano.a(libc_a-fwalk.o)
                              C:/ST/STM32CubeIDE_1.16.0/STM32CubeIDE/plugins/com.st.stm32cube.ide.mcu.externaltools.gnu-tools-for-stm32.12.3.rel1.win32_1.0.200.202406191623/tools/bin/../lib/gcc/arm-none-eabi/12.3.1/../../../../arm-none-eabi/lib/thumb/v7-m/nofp\libc_nano.a(libc_a-findfp.o) (_fwalk_sglue)
C:/ST/STM32CubeIDE_1.16.0/STM32CubeIDE/plugins/com.st.stm32cube.ide.mcu.externaltools.gnu-tools-for-stm32.12.3.rel1.win32_1.0.200.202406191623/tools/bin/../lib/gcc/arm-none-eabi/12.3.1/../../../../arm-none-eabi/lib/thumb/v7-m/nofp\libc_nano.a(libc_a-printf.o)
                              ./Middlewares/ST/STM32_USB_Device_Library/Core/Src/usbd_core.o (printf)
C:/ST/STM32CubeIDE_1.16.0/STM32CubeIDE/plugins/com.st.stm32cube.ide.mcu.externaltools.gnu-tools-for-stm32.12.3.rel1.win32_1.0.200.202406191623/tools/bin/../lib/gcc/arm-none-eabi/12.3.1/../../../../arm-none-eabi/lib/thumb/v7-m/nofp\libc_nano.a(libc_a-putchar.o)
                              ./Middlewares/ST/STM32_USB_Device_Library/Core/Src/usbd_core.o (putchar)
C:/ST/STM32CubeIDE_1.16.0/STM32CubeIDE/plugins/com.st.stm32cube.ide.mcu.externaltools.gnu-tools-for-stm32.12.3.rel1.win32_1.0.200.202406191623/tools/bin/../lib/gcc/arm-none-eabi/12.3.1/../../../../arm-none-eabi/lib/thumb/v7-m/nofp\libc_nano.a(libc_a-puts.o)
                              ./Core/Src/main.o (puts)
C:/ST/STM32CubeIDE_1.16.0/STM32CubeIDE/plugins/com.st.stm32cube.ide.mcu.externaltools.gnu-tools-for-stm32.12.3.rel1.win32_1.0.200.202406191623/tools/bin/../lib/gcc/arm-none-eabi/12.3.1/../../../../arm-none-eabi/lib/thumb/v7-m/nofp\libc_nano.a(libc_a-snprintf.o)
                              ./Core/Src/main.o (snprintf)
C:/ST/STM32CubeIDE_1.16.0/STM32CubeIDE/plugins/com.st.stm32cube.ide.mcu.externaltools.gnu-tools-for-stm32.12.3.rel1.win32_1.0.200.202406191623/tools/bin/../lib/gcc/arm-none-eabi/12.3.1/../../../../arm-none-eabi/lib/thumb/v7-m/nofp\libc_nano.a(libc_a-sprintf.o)
                              ./Core/Src/lcd.o (sprintf)
C:/ST/STM32CubeIDE_1.16.0/STM32CubeIDE/plugins/com.st.stm32cube.ide.mcu.externaltools.gnu-tools-for-stm32.12.3.rel1.win32_1.0.200.202406191623/tools/bin/../lib/gcc/arm-none-eabi/12.3.1/../../../../arm-none-eabi/lib/thumb/v7-m/nofp\libc_nano.a(libc_a-stdio.o)
                              C:/ST/STM32CubeIDE_1.16.0/STM32CubeIDE/plugins/com.st.stm32cube.ide.mcu.externaltools.gnu-tools-for-stm32.12.3.rel1.win32_1.0.200.202406191623/tools/bin/../lib/gcc/arm-none-eabi/12.3.1/../../../../arm-none-eabi/lib/thumb/v7-m/nofp\libc_nano.a(libc_a-findfp.o) (__sread)
[...]
Memory Configuration

Name             Origin             Length             Attributes
RAM              0x20000000         0x00005000         xrw
FLASH            0x08000000         0x00010000         xr
*default*        0x00000000         0xffffffff

Linker script and memory map

LOAD C:/ST/STM32CubeIDE_1.16.0/STM32CubeIDE/plugins/com.st.stm32cube.ide.mcu.externaltools.gnu-tools-for-stm32.12.3.rel1.win32_1.0.200.202406191623/tools/bin/../lib/gcc/arm-none-eabi/12.3.1/thumb/v7-m/nofp/crti.o
LOAD C:/ST/STM32CubeIDE_1.16.0/STM32CubeIDE/plugins/com.st.stm32cube.ide.mcu.externaltools.gnu-tools-for-stm32.12.3.rel1.win32_1.0.200.202406191623/tools/bin/../lib/gcc/arm-none-eabi/12.3.1/thumb/v7-m/nofp/crtbegin.o
LOAD C:/ST/STM32CubeIDE_1.16.0/STM32CubeIDE/plugins/com.st.stm32cube.ide.mcu.externaltools.gnu-tools-for-stm32.12.3.rel1.win32_1.0.200.202406191623/tools/bin/../lib/gcc/arm-none-eabi/12.3.1/../../../../arm-none-eabi/lib/thumb/v7-m/nofp/crt0.o
LOAD ./Core/Src/ads1256.o
LOAD ./Core/Src/lcd.o
LOAD ./Core/Src/main.o
LOAD ./Core/Src/stm32f1xx_hal_msp.o
LOAD ./Core/Src/stm32f1xx_it.o
LOAD ./Core/Src/syscalls.o
LOAD ./Core/Src/sysmem.o
LOAD ./Core/Src/system_stm32f1xx.o
LOAD ./Core/Startup/startup_stm32f103c8tx.o
LOAD ./Drivers/STM32F1xx_HAL_Driver/Src/stm32f1xx_hal.o
LOAD ./Drivers/STM32F1xx_HAL_Driver/Src/stm32f1xx_hal_adc.o
LOAD ./Drivers/STM32F1xx_HAL_Driver/Src/stm32f1xx_hal_adc_ex.o
LOAD ./Drivers/STM32F1xx_HAL_Driver/Src/stm32f1xx_hal_cortex.o
LOAD ./Drivers/STM32F1xx_HAL_Driver/Src/stm32f1xx_hal_dma.o
LOAD ./Drivers/STM32F1xx_HAL_Driver/Src/stm32f1xx_hal_exti.o
LOAD ./Drivers/STM32F1xx_HAL_Driver/Src/stm32f1xx_hal_flash.o
LOAD ./Drivers/STM32F1xx_HAL_Driver/Src/stm32f1xx_hal_flash_ex.o
LOAD ./Drivers/STM32F1xx_HAL_Driver/Src/stm32f1xx_hal_gpio.o
LOAD ./Drivers/STM32F1xx_HAL_Driver/Src/stm32f1xx_hal_gpio_ex.o
LOAD ./Drivers/STM32F1xx_HAL_Driver/Src/stm32f1xx_hal_i2c.o
LOAD ./Drivers/STM32F1xx_HAL_Driver/Src/stm32f1xx_hal_iwdg.o
LOAD ./Drivers/STM32F1xx_HAL_Driver/Src/stm32f1xx_hal_pcd.o
LOAD ./Drivers/STM32F1xx_HAL_Driver/Src/stm32f1xx_hal_pcd_ex.o
LOAD ./Drivers/STM32F1xx_HAL_Driver/Src/stm32f1xx_hal_pwr.o
LOAD ./Drivers/STM32F1xx_HAL_Driver/Src/stm32f1xx_hal_rcc.o
LOAD ./Drivers/STM32F1xx_HAL_Driver/Src/stm32f1xx_hal_rcc_ex.o
LOAD ./Drivers/STM32F1xx_HAL_Driver/Src/stm32f1xx_hal_spi.o
LOAD ./Drivers/STM32F1xx_HAL_Driver/Src/stm32f1xx_hal_tim.o
LOAD ./Drivers/STM32F1xx_HAL_Driver/Src/stm32f1xx_hal_tim_ex.o
LOAD ./Drivers/STM32F1xx_HAL_Driver/Src/stm32f1xx_hal_uart.o
LOAD ./Drivers/STM32F1xx_HAL_Driver/Src/stm32f1xx_ll_usb.o
LOAD ./Middlewares/ST/STM32_USB_Device_Library/Class/CDC/Src/usbd_cdc.o
LOAD ./Middlewares/ST/STM32_USB_Device_Library/Core/Src/usbd_core.o
LOAD ./Middlewares/ST/STM32_USB_Device_Library/Core/Src/usbd_ctlreq.o
LOAD ./Middlewares/ST/STM32_USB_Device_Library/Core/Src/usbd_ioreq.o
LOAD ./USB_DEVICE/App/usb_device.o
LOAD ./USB_DEVICE/App/usbd_cdc_if.o
LOAD ./USB_DEVICE/App/usbd_desc.o
LOAD ./USB_DEVICE/Target/usbd_conf.o
START GROUP
LOAD C:/ST/STM32CubeIDE_1.16.0/STM32CubeIDE/plugins/com.st.stm32cube.ide.mcu.externaltools.gnu-tools-for-stm32.12.3.rel1.win32_1.0.200.202406191623/tools/bin/../lib/gcc/arm-none-eabi/12.3.1/../../../../arm-none-eabi/lib/thumb/v7-m/nofp\libc_nano.a
LOAD C:/ST/STM32CubeIDE_1.16.0/STM32CubeIDE/plugins/com.st.stm32cube.ide.mcu.externaltools.gnu-tools-for-stm32.12.3.rel1.win32_1.0.200.202406191623/tools/bin/../lib/gcc/arm-none-eabi/12.3.1/../../../../arm-none-eabi/lib/thumb/v7-m/nofp\libm.a
END GROUP
START GROUP
LOAD C:/ST/STM32CubeIDE_1.16.0/STM32CubeIDE/plugins/com.st.stm32cube.ide.mcu.externaltools.gnu-tools-for-stm32.12.3.rel1.win32_1.0.200.202406191623/tools/bin/../lib/gcc/arm-none-eabi/12.3.1/thumb/v7-m/nofp\libgcc.a
LOAD C:/ST/STM32CubeIDE_1.16.0/STM32CubeIDE/plugins/com.st.stm32cube.ide.mcu.externaltools.gnu-tools-for-stm32.12.3.rel1.win32_1.0.200.202406191623/tools/bin/../lib/gcc/arm-none-eabi/12.3.1/../../../../arm-none-eabi/lib/thumb/v7-m/nofp\libc_nano.a
END GROUP
START GROUP
LOAD C:/ST/STM32CubeIDE_1.16.0/STM32CubeIDE/plugins/com.st.stm32cube.ide.mcu.externaltools.gnu-tools-for-stm32.12.3.rel1.win32_1.0.200.202406191623/tools/bin/../lib/gcc/arm-none-eabi/12.3.1/thumb/v7-m/nofp\libgcc.a
LOAD C:/ST/STM32CubeIDE_1.16.0/STM32CubeIDE/plugins/com.st.stm32cube.ide.mcu.externaltools.gnu-tools-for-stm32.12.3.rel1.win32_1.0.200.202406191623/tools/bin/../lib/gcc/arm-none-eabi/12.3.1/../../../../arm-none-eabi/lib/thumb/v7-m/nofp\libc_nano.a
LOAD C:/ST/STM32CubeIDE_1.16.0/STM32CubeIDE/plugins/com.st.stm32cube.ide.mcu.externaltools.gnu-tools-for-stm32.12.3.rel1.win32_1.0.200.202406191623/tools/bin/../lib/gcc/arm-none-eabi/12.3.1/../../../../arm-none-eabi/lib/thumb/v7-m/nofp\libnosys.a
END GROUP
START GROUP
LOAD C:/ST/STM32CubeIDE_1.16.0/STM32CubeIDE/plugins/com.st.stm32cube.ide.mcu.externaltools.gnu-tools-for-stm32.12.3.rel1.win32_1.0.200.202406191623/tools/bin/../lib/gcc/arm-none-eabi/12.3.1/thumb/v7-m/nofp\libgcc.a
LOAD C:/ST/STM32CubeIDE_1.16.0/STM32CubeIDE/plugins/com.st.stm32cube.ide.mcu.externaltools.gnu-tools-for-stm32.12.3.rel1.win32_1.0.200.202406191623/tools/bin/../lib/gcc/arm-none-eabi/12.3.1/../../../../arm-none-eabi/lib/thumb/v7-m/nofp\libc_nano.a
LOAD C:/ST/STM32CubeIDE_1.16.0/STM32CubeIDE/plugins/com.st.stm32cube.ide.mcu.externaltools.gnu-tools-for-stm32.12.3.rel1.win32_1.0.200.202406191623/tools/bin/../lib/gcc/arm-none-eabi/12.3.1/../../../../arm-none-eabi/lib/thumb/v7-m/nofp\libnosys.a
END GROUP
LOAD C:/ST/STM32CubeIDE_1.16.0/STM32CubeIDE/plugins/com.st.stm32cube.ide.mcu.externaltools.gnu-tools-for-stm32.12.3.rel1.win32_1.0.200.202406191623/tools/bin/../lib/gcc/arm-none-eabi/12.3.1/thumb/v7-m/nofp/crtend.o
LOAD C:/ST/STM32CubeIDE_1.16.0/STM32CubeIDE/plugins/com.st.stm32cube.ide.mcu.externaltools.gnu-tools-for-stm32.12.3.rel1.win32_1.0.200.202406191623/tools/bin/../lib/gcc/arm-none-eabi/12.3.1/thumb/v7-m/nofp/crtn.o
                0x20005000                        _estack = (ORIGIN (RAM) + LENGTH (RAM))
                0x00000200                        _Min_Heap_Size = 0x200
                0x00000400                        _Min_Stack_Size = 0x400

.isr_vector     0x08000000      0x10c
                0x08000000                        . = ALIGN (0x4)
 *(.isr_vector)
 .isr_vector    0x08000000      0x10c ./Core/Startup/startup_stm32f103c8tx.o
                0x08000000                g_pfnVectors
                0x0800010c                        . = ALIGN (0x4)

.text           0x08000110     0x9b00
                0x08000110                        . = ALIGN (0x4)
 *(.text)
 .text          0x08000110       0x40 C:/ST/STM32CubeIDE_1.16.0/STM32CubeIDE/plugins/com.st.stm32cube.ide.mcu.externaltools.gnu-tools-for-stm32.12.3.rel1.win32_1.0.200.202406191623/tools/bin/../lib/gcc/arm-none-eabi/12.3.1/thumb/v7-m/nofp/crtbegin.o
 .text          0x08000150       0x10 C:/ST/STM32CubeIDE_1.16.0/STM32CubeIDE/plugins/com.st.stm32cube.ide.mcu.externaltools.gnu-tools-for-stm32.12.3.rel1.win32_1.0.200.202406191623/tools/bin/../lib/gcc/arm-none-eabi/12.3.1/../../../../arm-none-eabi/lib/thumb/v7-m/nofp\libc_nano.a(libc_a-strlen.o)
                0x08000150                strlen
 .text          0x08000160      0x378 C:/ST/STM32CubeIDE_1.16.0/STM32CubeIDE/plugins/com.st.stm32cube.ide.mcu.externaltools.gnu-tools-for-stm32.12.3.rel1.win32_1.0.200.202406191623/tools/bin/../lib/gcc/arm-none-eabi/12.3.1/thumb/v7-m/nofp\libgcc.a(_arm_addsubdf3.o)
                0x08000160                __aeabi_drsub
                0x08000168                __aeabi_dsub
                0x08000168                __subdf3
                0x0800016c                __aeabi_dadd
                0x0800016c                __adddf3
                0x080003e4                __floatunsidf
                0x080003e4                __aeabi_ui2d
                0x08000404                __floatsidf
                0x08000404                __aeabi_i2d
                0x08000428                __aeabi_f2d
                0x08000428                __extendsfdf2
                0x0800046c                __floatundidf
                0x0800046c                __aeabi_ul2d
                0x0800047c                __floatdidf
                0x0800047c                __aeabi_l2d
 .text          0x080004d8      0x424 C:/ST/STM32CubeIDE_1.16.0/STM32CubeIDE/plugins/com.st.stm32cube.ide.mcu.externaltools.gnu-tools-for-stm32.12.3.rel1.win32_1.0.200.202406191623/tools/bin/../lib/gcc/arm-none-eabi/12.3.1/thumb/v7-m/nofp\libgcc.a(_arm_muldivdf3.o)
                0x080004d8                __aeabi_dmul
                0x080004d8                __muldf3
                0x0800072c                __divdf3
                0x0800072c                __aeabi_ddiv
 .text          0x080008fc      0x110 C:/ST/STM32CubeIDE_1.16.0/STM32CubeIDE/plugins/com.st.stm32cube.ide.mcu.externaltools.gnu-tools-for-stm32.12.3.rel1.win32_1.0.200.202406191623/tools/bin/../lib/gcc/arm-none-eabi/12.3.1/thumb/v7-m/nofp\libgcc.a(_arm_cmpdf2.o)
                0x080008fc                __gtdf2
                0x080008fc                __gedf2
                0x08000904                __ltdf2
                0x08000904                __ledf2
                0x0800090c                __nedf2
                0x0800090c                __eqdf2
                0x0800090c                __cmpdf2
                0x08000988                __aeabi_cdrcmple
                0x08000998                __aeabi_cdcmpeq
                0x08000998                __aeabi_cdcmple
                0x080009a8                __aeabi_dcmpeq
                0x080009bc                __aeabi_dcmplt
                0x080009d0                __aeabi_dcmple
                0x080009e4                __aeabi_dcmpge
                0x080009f8                __aeabi_dcmpgt
 .text          0x08000a0c       0x2c C:/ST/STM32CubeIDE_1.16.0/STM32CubeIDE/plugins/com.st.stm32cube.ide.mcu.externaltools.gnu-tools-for-stm32.12.3.rel1.win32_1.0.200.202406191623/tools/bin/../lib/gcc/arm-none-eabi/12.3.1/thumb/v7-m/nofp\libgcc.a(_arm_unorddf2.o)
                0x08000a0c                __unorddf2
                0x08000a0c                __aeabi_dcmpun
 .text          0x08000a38       0x50 C:/ST/STM32CubeIDE_1.16.0/STM32CubeIDE/plugins/com.st.stm32cube.ide.mcu.externaltools.gnu-tools-for-stm32.12.3.rel1.win32_1.0.200.202406191623/tools/bin/../lib/gcc/arm-none-eabi/12.3.1/thumb/v7-m/nofp\libgcc.a(_arm_fixdfsi.o)
                0x08000a38                __aeabi_d2iz
                0x08000a38                __fixdfsi
 .text          0x08000a88      0x21c C:/ST/STM32CubeIDE_1.16.0/STM32CubeIDE/plugins/com.st.stm32cube.ide.mcu.externaltools.gnu-tools-for-stm32.12.3.rel1.win32_1.0.200.202406191623/tools/bin/../lib/gcc/arm-none-eabi/12.3.1/thumb/v7-m/nofp\libgcc.a(_arm_addsubsf3.o)
                0x08000a88                __aeabi_frsub
                0x08000a90                __subsf3
                0x08000a90                __aeabi_fsub
                0x08000a94                __aeabi_fadd
                0x08000a94                __addsf3
                0x08000bf4                __aeabi_ui2f
                0x08000bf4                __floatunsisf
                0x08000bfc                __aeabi_i2f
                0x08000bfc                __floatsisf
                0x08000c18                __aeabi_ul2f
                0x08000c18                __floatundisf
                0x08000c28                __aeabi_l2f
                0x08000c28                __floatdisf
 .text          0x08000ca4      0x2a0 C:/ST/STM32CubeIDE_1.16.0/STM32CubeIDE/plugins/com.st.stm32cube.ide.mcu.externaltools.gnu-tools-for-stm32.12.3.rel1.win32_1.0.200.202406191623/tools/bin/../lib/gcc/arm-none-eabi/12.3.1/thumb/v7-m/nofp\libgcc.a(_arm_muldivsf3.o)
                0x08000ca4                __mulsf3
                0x08000ca4                __aeabi_fmul
                0x08000e0c                __aeabi_fdiv
                0x08000e0c                __divsf3
 .text          0x08000f44       0x4c C:/ST/STM32CubeIDE_1.16.0/STM32CubeIDE/plugins/com.st.stm32cube.ide.mcu.externaltools.gnu-tools-for-stm32.12.3.rel1.win32_1.0.200.202406191623/tools/bin/../lib/gcc/arm-none-eabi/12.3.1/thumb/v7-m/nofp\libgcc.a(_arm_fixsfsi.o)
                0x08000f44                __aeabi_f2iz
                0x08000f44                __fixsfsi
 *(.text*)
 .text.readRegister
                0x08000f90       0x40 ./Core/Src/ads1256.o
                0x08000f90                readRegister
 .text.sendCommand
                0x08000fd0       0x24 ./Core/Src/ads1256.o
                0x08000fd0                sendCommand
 .text.writeRegister
                0x08000ff4       0x30 ./Core/Src/ads1256.o
                0x08000ff4                writeRegister
 .text.setupADS1256
                0x08001024       0xa4 ./Core/Src/ads1256.o
                0x08001024                setupADS1256
 .text.stopSampling
                0x080010c8       0x28 ./Core/Src/ads1256.o
                0x080010c8                stopSampling
 .text.setChannel
                0x080010f0       0x94 ./Core/Src/ads1256.o
                0x080010f0                setChannel
 .text.setGain  0x08001184       0x6c ./Core/Src/ads1256.o
                0x08001184                setGain
 .text.concatenateToInt32
                0x080011f0       0x1a ./Core/Src/ads1256.o
                0x080011f0                concatenateToInt32
 .text.lcd_write
                0x0800120a       0x50 ./Core/Src/lcd.o
 .text.lcd_write_command
                0x0800125a       0x3a ./Core/Src/lcd.o
 .text.lcd_init
                0x08001294       0x40 ./Core/Src/lcd.o
                0x08001294                lcd_init
 .text.lcd_create
                0x080012d4       0x48 ./Core/Src/lcd.o
                0x080012d4                lcd_create
 .text.lcd_cursor
                0x0800131c       0x18 ./Core/Src/lcd.o
                0x0800131c                lcd_cursor
 .text.lcd_clear
                0x08001334       0x10 ./Core/Src/lcd.o
                0x08001334                lcd_clear
 .text.lcd_write_fast
                0x08001344       0x50 ./Core/Src/lcd.o
                0x08001344                lcd_write_fast
 .text.lcd_write_data
                0x08001394       0x3a ./Core/Src/lcd.o
                0x08001394                lcd_write_data
 .text.lcd_string
                0x080013ce       0x22 ./Core/Src/lcd.o
                0x080013ce                lcd_string
 .text.ITM_SendChar
                0x080013f0       0x34 ./Core/Src/main.o
 .text.updateStates
                0x08001424      0x174 ./Core/Src/main.o
 .text.MX_GPIO_Init
                0x08001598       0xc4 ./Core/Src/main.o
 .text.MX_DMA_Init
                0x0800165c       0x34 ./Core/Src/main.o
 .text.startSampling
                0x08001690       0x70 ./Core/Src/main.o
 .text.HAL_ADC_ConvCpltCallback
                0x08001700        0xc ./Core/Src/main.o
                0x08001700                HAL_ADC_ConvCpltCallback
 .text._write   0x0800170c       0x1c ./Core/Src/main.o
                0x0800170c                _write
 .text.Error_Handler
                0x08001728        0x4 ./Core/Src/main.o
                0x08001728                Error_Handler
 .text.MX_ADC1_Init
                0x0800172c       0xc8 ./Core/Src/main.o
 .text.MX_SPI1_Init
                0x080017f4       0x44 ./Core/Src/main.o
 .text.SystemClock_Config
                0x08001838       0x8c ./Core/Src/main.o
                0x08001838                SystemClock_Config
 .text.main     0x080018c4      0x438 ./Core/Src/main.o
                0x080018c4                main
 .text.HAL_MspInit
                0x08001cfc       0x44 ./Core/Src/stm32f1xx_hal_msp.o
                0x08001cfc                HAL_MspInit
 .text.HAL_ADC_MspInit
                0x08001d40       0xa0 ./Core/Src/stm32f1xx_hal_msp.o
                0x08001d40                HAL_ADC_MspInit
 .text.HAL_SPI_MspInit
                0x08001de0       0xdc ./Core/Src/stm32f1xx_hal_msp.o
                0x08001de0                HAL_SPI_MspInit
 .text.EXTI0_IRQHandler
                0x08001ebc        0xa ./Core/Src/stm32f1xx_it.o
                0x08001ebc                EXTI0_IRQHandler
 *fill*         0x08001ec6        0x2 
 .text.HAL_GPIO_EXTI_Callback
                0x08001ec8       0x74 ./Core/Src/stm32f1xx_it.o
                0x08001ec8                HAL_GPIO_EXTI_Callback
 .text.NMI_Handler
                0x08001f3c        0x2 ./Core/Src/stm32f1xx_it.o
                0x08001f3c                NMI_Handler
 .text.HardFault_Handler
                0x08001f3e        0x2 ./Core/Src/stm32f1xx_it.o
                0x08001f3e                HardFault_Handler
 .text.MemManage_Handler
                0x08001f40        0x2 ./Core/Src/stm32f1xx_it.o
                0x08001f40                MemManage_Handler
 .text.BusFault_Handler
                0x08001f42        0x2 ./Core/Src/stm32f1xx_it.o
                0x08001f42                BusFault_Handler
 .text.UsageFault_Handler
                0x08001f44        0x2 ./Core/Src/stm32f1xx_it.o
                0x08001f44                UsageFault_Handler
 .text.SVC_Handler
                0x08001f46        0x2 ./Core/Src/stm32f1xx_it.o
                0x08001f46                SVC_Handler
 .text.DebugMon_Handler
                0x08001f48        0x2 ./Core/Src/stm32f1xx_it.o
                0x08001f48                DebugMon_Handler
 .text.PendSV_Handler
                0x08001f4a        0x2 ./Core/Src/stm32f1xx_it.o
                0x08001f4a                PendSV_Handler
 .text.SysTick_Handler
                0x08001f4c        0x8 ./Core/Src/stm32f1xx_it.o
                0x08001f4c                SysTick_Handler
 .text.DMA1_Channel1_IRQHandler
                0x08001f54       0x10 ./Core/Src/stm32f1xx_it.o
                0x08001f54                DMA1_Channel1_IRQHandler
 .text.USB_LP_CAN1_RX0_IRQHandler
                0x08001f64       0x10 ./Core/Src/stm32f1xx_it.o
                0x08001f64                USB_LP_CAN1_RX0_IRQHandler
 .text._getpid  0x08001f74        0x4 ./Core/Src/syscalls.o
                0x08001f74                _getpid
 .text._kill    0x08001f78       0x10 ./Core/Src/syscalls.o
                0x08001f78                _kill
 .text._exit    0x08001f88        0xc ./Core/Src/syscalls.o
                0x08001f88                _exit
 .text._read    0x08001f94       0x20 ./Core/Src/syscalls.o
                0x08001f94                _read
 .text._close   0x08001fb4        0x6 ./Core/Src/syscalls.o
                0x08001fb4                _close
 .text._fstat   0x08001fba        0xa ./Core/Src/syscalls.o
                0x08001fba                _fstat
 .text._isatty  0x08001fc4        0x4 ./Core/Src/syscalls.o
                0x08001fc4                _isatty
 .text._lseek   0x08001fc8        0x4 ./Core/Src/syscalls.o
                0x08001fc8                _lseek
 .text._sbrk    0x08001fcc       0x48 ./Core/Src/sysmem.o
                0x08001fcc                _sbrk
 .text.SystemInit
                0x08002014        0x2 ./Core/Src/system_stm32f1xx.o
                0x08002014                SystemInit
 *fill*         0x08002016        0x2 
 .text.Reset_Handler
                0x08002018       0x48 ./Core/Startup/startup_stm32f103c8tx.o
                0x08002018                Reset_Handler
 .text.Default_Handler
                0x08002060        0x2 ./Core/Startup/startup_stm32f103c8tx.o
                0x08002060                RTC_Alarm_IRQHandler
                0x08002060                EXTI2_IRQHandler
                0x08002060                TIM1_CC_IRQHandler
                0x08002060                PVD_IRQHandler
                0x08002060                EXTI3_IRQHandler
                0x08002060                I2C2_EV_IRQHandler
                0x08002060                ADC1_2_IRQHandler
                0x08002060                SPI1_IRQHandler
                0x08002060                TAMPER_IRQHandler
                0x08002060                DMA1_Channel4_IRQHandler
                0x08002060                USART3_IRQHandler
                0x08002060                RTC_IRQHandler
                0x08002060                DMA1_Channel7_IRQHandler
                0x08002060                CAN1_RX1_IRQHandler
                0x08002060                TIM4_IRQHandler
                0x08002060                I2C1_EV_IRQHandler
                0x08002060                DMA1_Channel6_IRQHandler
                0x08002060                TIM3_IRQHandler
                0x08002060                RCC_IRQHandler
                0x08002060                TIM1_TRG_COM_IRQHandler
                0x08002060                Default_Handler
                0x08002060                EXTI15_10_IRQHandler
                0x08002060                EXTI9_5_IRQHandler
                0x08002060                SPI2_IRQHandler
                0x08002060                DMA1_Channel5_IRQHandler
                0x08002060                EXTI4_IRQHandler
                0x08002060                USB_HP_CAN1_TX_IRQHandler
                0x08002060                DMA1_Channel3_IRQHandler
                0x08002060                TIM1_UP_IRQHandler
                0x08002060                WWDG_IRQHandler
                0x08002060                TIM2_IRQHandler
                0x08002060                TIM1_BRK_IRQHandler
                0x08002060                EXTI1_IRQHandler
                0x08002060                USART2_IRQHandler
                0x08002060                I2C2_ER_IRQHandler
                0x08002060                DMA1_Channel2_IRQHandler
                0x08002060                CAN1_SCE_IRQHandler
                0x08002060                FLASH_IRQHandler
                0x08002060                USART1_IRQHandler
                0x08002060                I2C1_ER_IRQHandler
                0x08002060                USBWakeUp_IRQHandler
 *fill*         0x08002062        0x2 
 .text.HAL_InitTick
                0x08002064       0x4c ./Drivers/STM32F1xx_HAL_Driver/Src/stm32f1xx_hal.o
                0x08002064                HAL_InitTick
 .text.HAL_Init
                0x080020b0       0x24 ./Drivers/STM32F1xx_HAL_Driver/Src/stm32f1xx_hal.o
                0x080020b0                HAL_Init
 .text.HAL_IncTick
                0x080020d4       0x18 ./Drivers/STM32F1xx_HAL_Driver/Src/stm32f1xx_hal.o
                0x080020d4                HAL_IncTick
 .text.HAL_GetTick
                0x080020ec        0xc ./Drivers/STM32F1xx_HAL_Driver/Src/stm32f1xx_hal.o
                0x080020ec                HAL_GetTick
 .text.HAL_Delay
                0x080020f8       0x28 ./Drivers/STM32F1xx_HAL_Driver/Src/stm32f1xx_hal.o
                0x080020f8                HAL_Delay
 .text.ADC_DMAConvCplt
                0x08002120       0x52 ./Drivers/STM32F1xx_HAL_Driver/Src/stm32f1xx_hal_adc.o
                0x08002120                ADC_DMAConvCplt
 .text.HAL_ADC_ConvHalfCpltCallback
                0x08002172        0x2 ./Drivers/STM32F1xx_HAL_Driver/Src/stm32f1xx_hal_adc.o
                0x08002172                HAL_ADC_ConvHalfCpltCallback
 .text.ADC_DMAHalfConvCplt
                0x08002174        0xa ./Drivers/STM32F1xx_HAL_Driver/Src/stm32f1xx_hal_adc.o
                0x08002174                ADC_DMAHalfConvCplt
 .text.HAL_ADC_ErrorCallback
                0x0800217e        0x2 ./Drivers/STM32F1xx_HAL_Driver/Src/stm32f1xx_hal_adc.o
                0x0800217e                HAL_ADC_ErrorCallback
 .text.ADC_DMAError
                0x08002180       0x1a ./Drivers/STM32F1xx_HAL_Driver/Src/stm32f1xx_hal_adc.o
                0x08002180                ADC_DMAError
 *fill*         0x0800219a        0x2 
 .text.HAL_ADC_ConfigChannel
                0x0800219c      0x140 ./Drivers/STM32F1xx_HAL_Driver/Src/stm32f1xx_hal_adc.o
                0x0800219c                HAL_ADC_ConfigChannel
 .text.ADC_Enable
                0x080022dc       0x88 ./Drivers/STM32F1xx_HAL_Driver/Src/stm32f1xx_hal_adc.o
                0x080022dc                ADC_Enable
 .text.HAL_ADC_Start_DMA
                0x08002364      0x130 ./Drivers/STM32F1xx_HAL_Driver/Src/stm32f1xx_hal_adc.o
                0x08002364                HAL_ADC_Start_DMA
 .text.ADC_ConversionStop_Disable
                0x08002494       0x56 ./Drivers/STM32F1xx_HAL_Driver/Src/stm32f1xx_hal_adc.o
                0x08002494                ADC_ConversionStop_Disable
 *fill*         0x080024ea        0x2 
 .text.HAL_ADC_Init
                0x080024ec      0x108 ./Drivers/STM32F1xx_HAL_Driver/Src/stm32f1xx_hal_adc.o
                0x080024ec                HAL_ADC_Init
 .text.HAL_ADCEx_Calibration_Start
                0x080025f4      0x100 ./Drivers/STM32F1xx_HAL_Driver/Src/stm32f1xx_hal_adc_ex.o
                0x080025f4                HAL_ADCEx_Calibration_Start
 .text.__NVIC_DisableIRQ
                0x080026f4       0x24 ./Drivers/STM32F1xx_HAL_Driver/Src/stm32f1xx_hal_cortex.o
 .text.__NVIC_SetPriority
                0x08002718       0x28 ./Drivers/STM32F1xx_HAL_Driver/Src/stm32f1xx_hal_cortex.o
 .text.NVIC_EncodePriority
                0x08002740       0x3e ./Drivers/STM32F1xx_HAL_Driver/Src/stm32f1xx_hal_cortex.o
 *fill*         0x0800277e        0x2 
 .text.HAL_NVIC_SetPriorityGrouping
                0x08002780       0x24 ./Drivers/STM32F1xx_HAL_Driver/Src/stm32f1xx_hal_cortex.o
                0x08002780                HAL_NVIC_SetPriorityGrouping
 .text.HAL_NVIC_SetPriority
                0x080027a4       0x20 ./Drivers/STM32F1xx_HAL_Driver/Src/stm32f1xx_hal_cortex.o
                0x080027a4                HAL_NVIC_SetPriority
 .text.HAL_NVIC_EnableIRQ
                0x080027c4       0x1c ./Drivers/STM32F1xx_HAL_Driver/Src/stm32f1xx_hal_cortex.o
                0x080027c4                HAL_NVIC_EnableIRQ
 .text.HAL_NVIC_DisableIRQ
                0x080027e0        0x8 ./Drivers/STM32F1xx_HAL_Driver/Src/stm32f1xx_hal_cortex.o
                0x080027e0                HAL_NVIC_DisableIRQ
 .text.HAL_SYSTICK_Config
                0x080027e8       0x28 ./Drivers/STM32F1xx_HAL_Driver/Src/stm32f1xx_hal_cortex.o
                0x080027e8                HAL_SYSTICK_Config
 .text.DMA_SetConfig
                0x08002810       0x2c ./Drivers/STM32F1xx_HAL_Driver/Src/stm32f1xx_hal_dma.o
 .text.HAL_DMA_Init
                0x0800283c       0x6c ./Drivers/STM32F1xx_HAL_Driver/Src/stm32f1xx_hal_dma.o
                0x0800283c                HAL_DMA_Init
 .text.HAL_DMA_Start_IT
                0x080028a8       0x76 ./Drivers/STM32F1xx_HAL_Driver/Src/stm32f1xx_hal_dma.o
                0x080028a8                HAL_DMA_Start_IT
 *fill*         0x0800291e        0x2 
 .text.HAL_DMA_IRQHandler
                0x08002920      0x144 ./Drivers/STM32F1xx_HAL_Driver/Src/stm32f1xx_hal_dma.o
                0x08002920                HAL_DMA_IRQHandler
 .text.HAL_GPIO_Init
                0x08002a64      0x21c ./Drivers/STM32F1xx_HAL_Driver/Src/stm32f1xx_hal_gpio.o
                0x08002a64                HAL_GPIO_Init
 .text.HAL_GPIO_ReadPin
                0x08002c80        0xe ./Drivers/STM32F1xx_HAL_Driver/Src/stm32f1xx_hal_gpio.o
                0x08002c80                HAL_GPIO_ReadPin
 .text.HAL_GPIO_WritePin
                0x08002c8e        0xc ./Drivers/STM32F1xx_HAL_Driver/Src/stm32f1xx_hal_gpio.o
                0x08002c8e                HAL_GPIO_WritePin
 *fill*         0x08002c9a        0x2 
 .text.HAL_GPIO_EXTI_IRQHandler
                0x08002c9c       0x1c ./Drivers/STM32F1xx_HAL_Driver/Src/stm32f1xx_hal_gpio.o
                0x08002c9c                HAL_GPIO_EXTI_IRQHandler
 .text.HAL_PCD_EP_DB_Receive
                0x08002cb8      0x11c ./Drivers/STM32F1xx_HAL_Driver/Src/stm32f1xx_hal_pcd.o
 .text.HAL_PCD_Init
                0x08002dd4      0x110 ./Drivers/STM32F1xx_HAL_Driver/Src/stm32f1xx_hal_pcd.o
                0x08002dd4                HAL_PCD_Init
 .text.HAL_PCD_Start
                0x08002ee4       0x32 ./Drivers/STM32F1xx_HAL_Driver/Src/stm32f1xx_hal_pcd.o
                0x08002ee4                HAL_PCD_Start
 .text.HAL_PCD_EP_DB_Transmit
                0x08002f16      0x424 ./Drivers/STM32F1xx_HAL_Driver/Src/stm32f1xx_hal_pcd.o
 .text.PCD_EP_ISR_Handler
                0x0800333a      0x53e ./Drivers/STM32F1xx_HAL_Driver/Src/stm32f1xx_hal_pcd.o
 .text.HAL_PCD_SetAddress
                0x08003878       0x28 ./Drivers/STM32F1xx_HAL_Driver/Src/stm32f1xx_hal_pcd.o
                0x08003878                HAL_PCD_SetAddress
 .text.HAL_PCD_IRQHandler
                0x080038a0      0x1b0 ./Drivers/STM32F1xx_HAL_Driver/Src/stm32f1xx_hal_pcd.o
                0x080038a0                HAL_PCD_IRQHandler
 .text.HAL_PCD_EP_Open
                0x08003a50       0x7c ./Drivers/STM32F1xx_HAL_Driver/Src/stm32f1xx_hal_pcd.o
                0x08003a50                HAL_PCD_EP_Open
 .text.HAL_PCD_EP_Close
                0x08003acc       0x64 ./Drivers/STM32F1xx_HAL_Driver/Src/stm32f1xx_hal_pcd.o
                0x08003acc                HAL_PCD_EP_Close
 .text.HAL_PCD_EP_Receive
                0x08003b30       0x3a ./Drivers/STM32F1xx_HAL_Driver/Src/stm32f1xx_hal_pcd.o
                0x08003b30                HAL_PCD_EP_Receive
 .text.HAL_PCD_EP_GetRxCount
                0x08003b6a       0x12 ./Drivers/STM32F1xx_HAL_Driver/Src/stm32f1xx_hal_pcd.o
                0x08003b6a                HAL_PCD_EP_GetRxCount
 .text.HAL_PCD_EP_Transmit
                0x08003b7c       0x44 ./Drivers/STM32F1xx_HAL_Driver/Src/stm32f1xx_hal_pcd.o
                0x08003b7c                HAL_PCD_EP_Transmit
 .text.HAL_PCD_EP_SetStall
                0x08003bc0       0x78 ./Drivers/STM32F1xx_HAL_Driver/Src/stm32f1xx_hal_pcd.o
                0x08003bc0                HAL_PCD_EP_SetStall
 .text.HAL_PCD_EP_ClrStall
                0x08003c38       0x76 ./Drivers/STM32F1xx_HAL_Driver/Src/stm32f1xx_hal_pcd.o
                0x08003c38                HAL_PCD_EP_ClrStall
 .text.HAL_PCDEx_PMAConfig
                0x08003cae       0x38 ./Drivers/STM32F1xx_HAL_Driver/Src/stm32f1xx_hal_pcd_ex.o
                0x08003cae                HAL_PCDEx_PMAConfig
 *fill*         0x08003ce6        0x2 
 .text.RCC_Delay
                0x08003ce8       0x2c ./Drivers/STM32F1xx_HAL_Driver/Src/stm32f1xx_hal_rcc.o
 .text.HAL_RCC_OscConfig
                0x08003d14      0x410 ./Drivers/STM32F1xx_HAL_Driver/Src/stm32f1xx_hal_rcc.o
                0x08003d14                HAL_RCC_OscConfig
 .text.HAL_RCC_GetSysClockFreq
                0x08004124       0x54 ./Drivers/STM32F1xx_HAL_Driver/Src/stm32f1xx_hal_rcc.o
                0x08004124                HAL_RCC_GetSysClockFreq
 .text.HAL_RCC_ClockConfig
                0x08004178      0x16c ./Drivers/STM32F1xx_HAL_Driver/Src/stm32f1xx_hal_rcc.o
                0x08004178                HAL_RCC_ClockConfig
 .text.HAL_RCC_GetHCLKFreq
                0x080042e4        0xc ./Drivers/STM32F1xx_HAL_Driver/Src/stm32f1xx_hal_rcc.o
                0x080042e4                HAL_RCC_GetHCLKFreq
 .text.HAL_RCC_GetPCLK2Freq
                0x080042f0       0x20 ./Drivers/STM32F1xx_HAL_Driver/Src/stm32f1xx_hal_rcc.o
                0x080042f0                HAL_RCC_GetPCLK2Freq
 .text.HAL_RCCEx_PeriphCLKConfig
                0x08004310      0x118 ./Drivers/STM32F1xx_HAL_Driver/Src/stm32f1xx_hal_rcc_ex.o
                0x08004310                HAL_RCCEx_PeriphCLKConfig
 .text.HAL_RCCEx_GetPeriphCLKFreq
                0x08004428       0xd8 ./Drivers/STM32F1xx_HAL_Driver/Src/stm32f1xx_hal_rcc_ex.o
                0x08004428                HAL_RCCEx_GetPeriphCLKFreq
 .text.SPI_WaitFlagStateUntilTimeout
                0x08004500       0xc8 ./Drivers/STM32F1xx_HAL_Driver/Src/stm32f1xx_hal_spi.o
 .text.SPI_EndRxTxTransaction
                0x080045c8       0x24 ./Drivers/STM32F1xx_HAL_Driver/Src/stm32f1xx_hal_spi.o
 .text.SPI_EndRxTransaction
                0x080045ec       0x74 ./Drivers/STM32F1xx_HAL_Driver/Src/stm32f1xx_hal_spi.o
 .text.HAL_SPI_Init
                0x08004660       0xb6 ./Drivers/STM32F1xx_HAL_Driver/Src/stm32f1xx_hal_spi.o
                0x08004660                HAL_SPI_Init
 .text.HAL_SPI_Transmit
                0x08004716      0x1b8 ./Drivers/STM32F1xx_HAL_Driver/Src/stm32f1xx_hal_spi.o
                0x08004716                HAL_SPI_Transmit
 .text.HAL_SPI_TransmitReceive
                0x080048ce      0x244 ./Drivers/STM32F1xx_HAL_Driver/Src/stm32f1xx_hal_spi.o
                0x080048ce                HAL_SPI_TransmitReceive
 .text.HAL_SPI_Receive
                0x08004b12      0x188 ./Drivers/STM32F1xx_HAL_Driver/Src/stm32f1xx_hal_spi.o
                0x08004b12                HAL_SPI_Receive
 .text.USB_CoreInit
                0x08004c9a        0xe ./Drivers/STM32F1xx_HAL_Driver/Src/stm32f1xx_ll_usb.o
                0x08004c9a                USB_CoreInit
 .text.USB_EnableGlobalInt
                0x08004ca8       0x12 ./Drivers/STM32F1xx_HAL_Driver/Src/stm32f1xx_ll_usb.o
                0x08004ca8                USB_EnableGlobalInt
 .text.USB_DisableGlobalInt
                0x08004cba       0x14 ./Drivers/STM32F1xx_HAL_Driver/Src/stm32f1xx_ll_usb.o
                0x08004cba                USB_DisableGlobalInt
 .text.USB_SetCurrentMode
                0x08004cce        0x4 ./Drivers/STM32F1xx_HAL_Driver/Src/stm32f1xx_ll_usb.o
                0x08004cce                USB_SetCurrentMode
 .text.USB_DevInit
                0x08004cd2       0x22 ./Drivers/STM32F1xx_HAL_Driver/Src/stm32f1xx_ll_usb.o
                0x08004cd2                USB_DevInit
 .text.USB_ActivateEndpoint
                0x08004cf4      0x3ca ./Drivers/STM32F1xx_HAL_Driver/Src/stm32f1xx_ll_usb.o
                0x08004cf4                USB_ActivateEndpoint
 .text.USB_DeactivateEndpoint
                0x080050be      0x1d6 ./Drivers/STM32F1xx_HAL_Driver/Src/stm32f1xx_ll_usb.o
                0x080050be                USB_DeactivateEndpoint
 .text.USB_EPSetStall
                0x08005294       0x4a ./Drivers/STM32F1xx_HAL_Driver/Src/stm32f1xx_ll_usb.o
                0x08005294                USB_EPSetStall
 .text.USB_EPClearStall
                0x080052de       0xa2 ./Drivers/STM32F1xx_HAL_Driver/Src/stm32f1xx_ll_usb.o
                0x080052de                USB_EPClearStall
 .text.USB_SetDevAddress
                0x08005380        0xc ./Drivers/STM32F1xx_HAL_Driver/Src/stm32f1xx_ll_usb.o
                0x08005380                USB_SetDevAddress
 .text.USB_DevConnect
                0x0800538c        0x4 ./Drivers/STM32F1xx_HAL_Driver/Src/stm32f1xx_ll_usb.o
                0x0800538c                USB_DevConnect
 .text.USB_DevDisconnect
                0x08005390        0x4 ./Drivers/STM32F1xx_HAL_Driver/Src/stm32f1xx_ll_usb.o
                0x08005390                USB_DevDisconnect
 .text.USB_ReadInterrupts
                0x08005394        0x8 ./Drivers/STM32F1xx_HAL_Driver/Src/stm32f1xx_ll_usb.o
                0x08005394                USB_ReadInterrupts
 .text.USB_EP0_OutStart
                0x0800539c        0x4 ./Drivers/STM32F1xx_HAL_Driver/Src/stm32f1xx_ll_usb.o
                0x0800539c                USB_EP0_OutStart
 .text.USB_WritePMA
                0x080053a0       0x26 ./Drivers/STM32F1xx_HAL_Driver/Src/stm32f1xx_ll_usb.o
                0x080053a0                USB_WritePMA
 .text.USB_EPStartXfer
                0x080053c6      0x7ce ./Drivers/STM32F1xx_HAL_Driver/Src/stm32f1xx_ll_usb.o
                0x080053c6                USB_EPStartXfer
 .text.USB_ReadPMA
                0x08005b94       0x30 ./Drivers/STM32F1xx_HAL_Driver/Src/stm32f1xx_ll_usb.o
                0x08005b94                USB_ReadPMA
 .text.USBD_CDC_EP0_RxReady
                0x08005bc4       0x28 ./Middlewares/ST/STM32_USB_Device_Library/Class/CDC/Src/usbd_cdc.o
 .text.USBD_CDC_GetFSCfgDesc
                0x08005bec        0xc ./Middlewares/ST/STM32_USB_Device_Library/Class/CDC/Src/usbd_cdc.o
 .text.USBD_CDC_GetHSCfgDesc
                0x08005bf8        0xc ./Middlewares/ST/STM32_USB_Device_Library/Class/CDC/Src/usbd_cdc.o
 .text.USBD_CDC_GetOtherSpeedCfgDesc
                0x08005c04        0xc ./Middlewares/ST/STM32_USB_Device_Library/Class/CDC/Src/usbd_cdc.o
 .text.USBD_CDC_GetDeviceQualifierDescriptor
                0x08005c10        0xc ./Middlewares/ST/STM32_USB_Device_Library/Class/CDC/Src/usbd_cdc.o
                0x08005c10                USBD_CDC_GetDeviceQualifierDescriptor
 .text.USBD_CDC_DataOut
                0x08005c1c       0x2e ./Middlewares/ST/STM32_USB_Device_Library/Class/CDC/Src/usbd_cdc.o
 .text.USBD_CDC_DataIn
                0x08005c4a       0x4e ./Middlewares/ST/STM32_USB_Device_Library/Class/CDC/Src/usbd_cdc.o
 .text.USBD_CDC_Setup
                0x08005c98       0xd6 ./Middlewares/ST/STM32_USB_Device_Library/Class/CDC/Src/usbd_cdc.o
 .text.USBD_CDC_DeInit
                0x08005d6e       0x42 ./Middlewares/ST/STM32_USB_Device_Library/Class/CDC/Src/usbd_cdc.o
 .text.USBD_CDC_Init
                0x08005db0       0xaa ./Middlewares/ST/STM32_USB_Device_Library/Class/CDC/Src/usbd_cdc.o
 .text.USBD_CDC_RegisterInterface
                0x08005e5a        0xe ./Middlewares/ST/STM32_USB_Device_Library/Class/CDC/Src/usbd_cdc.o
                0x08005e5a                USBD_CDC_RegisterInterface
 .text.USBD_CDC_SetTxBuffer
                0x08005e68       0x10 ./Middlewares/ST/STM32_USB_Device_Library/Class/CDC/Src/usbd_cdc.o
                0x08005e68                USBD_CDC_SetTxBuffer
 .text.USBD_CDC_SetRxBuffer
                0x08005e78        0xc ./Middlewares/ST/STM32_USB_Device_Library/Class/CDC/Src/usbd_cdc.o
                0x08005e78                USBD_CDC_SetRxBuffer
 .text.USBD_CDC_TransmitPacket
                0x08005e84       0x32 ./Middlewares/ST/STM32_USB_Device_Library/Class/CDC/Src/usbd_cdc.o
                0x08005e84                USBD_CDC_TransmitPacket
 .text.USBD_CDC_ReceivePacket
                0x08005eb6       0x30 ./Middlewares/ST/STM32_USB_Device_Library/Class/CDC/Src/usbd_cdc.o
                0x08005eb6                USBD_CDC_ReceivePacket
 *fill*         0x08005ee6        0x2 
 .text.USBD_Init
                0x08005ee8       0x48 ./Middlewares/ST/STM32_USB_Device_Library/Core/Src/usbd_core.o
                0x08005ee8                USBD_Init
 .text.USBD_RegisterClass
                0x08005f30       0x2c ./Middlewares/ST/STM32_USB_Device_Library/Core/Src/usbd_core.o
                0x08005f30                USBD_RegisterClass
 .text.USBD_Start
                0x08005f5c        0xa ./Middlewares/ST/STM32_USB_Device_Library/Core/Src/usbd_core.o
                0x08005f5c                USBD_Start
 .text.USBD_SetClassConfig
                0x08005f66       0x18 ./Middlewares/ST/STM32_USB_Device_Library/Core/Src/usbd_core.o
                0x08005f66                USBD_SetClassConfig
 .text.USBD_ClrClassConfig
                0x08005f7e        0xe ./Middlewares/ST/STM32_USB_Device_Library/Core/Src/usbd_core.o
                0x08005f7e                USBD_ClrClassConfig
 .text.USBD_LL_SetupStage
                0x08005f8c       0x5a ./Middlewares/ST/STM32_USB_Device_Library/Core/Src/usbd_core.o
                0x08005f8c                USBD_LL_SetupStage
 .text.USBD_LL_DataOutStage
                0x08005fe6       0x8c ./Middlewares/ST/STM32_USB_Device_Library/Core/Src/usbd_core.o
                0x08005fe6                USBD_LL_DataOutStage
 .text.USBD_LL_DataInStage
                0x08006072       0xd0 ./Middlewares/ST/STM32_USB_Device_Library/Core/Src/usbd_core.o
                0x08006072                USBD_LL_DataInStage
 .text.USBD_LL_Reset
                0x08006142       0x50 ./Middlewares/ST/STM32_USB_Device_Library/Core/Src/usbd_core.o
                0x08006142                USBD_LL_Reset
 .text.USBD_LL_SetSpeed
                0x08006192        0x6 ./Middlewares/ST/STM32_USB_Device_Library/Core/Src/usbd_core.o
                0x08006192                USBD_LL_SetSpeed
 .text.USBD_LL_Suspend
                0x08006198       0x12 ./Middlewares/ST/STM32_USB_Device_Library/Core/Src/usbd_core.o
                0x08006198                USBD_LL_Suspend
 .text.USBD_LL_Resume
                0x080061aa       0x16 ./Middlewares/ST/STM32_USB_Device_Library/Core/Src/usbd_core.o
                0x080061aa                USBD_LL_Resume
 .text.USBD_LL_SOF
                0x080061c0       0x1c ./Middlewares/ST/STM32_USB_Device_Library/Core/Src/usbd_core.o
                0x080061c0                USBD_LL_SOF
 .text.USBD_GetLen
                0x080061dc       0x14 ./Middlewares/ST/STM32_USB_Device_Library/Core/Src/usbd_ctlreq.o
 .text.USBD_SetFeature
                0x080061f0       0x14 ./Middlewares/ST/STM32_USB_Device_Library/Core/Src/usbd_ctlreq.o
 .text.USBD_ParseSetupRequest
                0x08006204       0x28 ./Middlewares/ST/STM32_USB_Device_Library/Core/Src/usbd_ctlreq.o
                0x08006204                USBD_ParseSetupRequest
 .text.USBD_CtlError
                0x0800622c       0x14 ./Middlewares/ST/STM32_USB_Device_Library/Core/Src/usbd_ctlreq.o
                0x0800622c                USBD_CtlError
 .text.USBD_GetDescriptor
                0x08006240      0x186 ./Middlewares/ST/STM32_USB_Device_Library/Core/Src/usbd_ctlreq.o
 .text.USBD_SetAddress
                0x080063c6       0x4e ./Middlewares/ST/STM32_USB_Device_Library/Core/Src/usbd_ctlreq.o
 .text.USBD_SetConfig
                0x08006414       0xb0 ./Middlewares/ST/STM32_USB_Device_Library/Core/Src/usbd_ctlreq.o
 .text.USBD_GetConfig
                0x080064c4       0x3e ./Middlewares/ST/STM32_USB_Device_Library/Core/Src/usbd_ctlreq.o
 .text.USBD_GetStatus
                0x08006502       0x38 ./Middlewares/ST/STM32_USB_Device_Library/Core/Src/usbd_ctlreq.o
 .text.USBD_ClrFeature
                0x0800653a       0x26 ./Middlewares/ST/STM32_USB_Device_Library/Core/Src/usbd_ctlreq.o
 .text.USBD_StdDevReq
                0x08006560       0x68 ./Middlewares/ST/STM32_USB_Device_Library/Core/Src/usbd_ctlreq.o
                0x08006560                USBD_StdDevReq
 .text.USBD_StdItfReq
                0x080065c8       0x60 ./Middlewares/ST/STM32_USB_Device_Library/Core/Src/usbd_ctlreq.o
                0x080065c8                USBD_StdItfReq
 .text.USBD_StdEPReq
                0x08006628      0x1e2 ./Middlewares/ST/STM32_USB_Device_Library/Core/Src/usbd_ctlreq.o
                0x08006628                USBD_StdEPReq
 .text.USBD_GetString
                0x0800680a       0x3a ./Middlewares/ST/STM32_USB_Device_Library/Core/Src/usbd_ctlreq.o
                0x0800680a                USBD_GetString
 .text.USBD_CtlSendData
                0x08006844       0x1a ./Middlewares/ST/STM32_USB_Device_Library/Core/Src/usbd_ioreq.o
                0x08006844                USBD_CtlSendData
 .text.USBD_CtlContinueSendData
                0x0800685e       0x10 ./Middlewares/ST/STM32_USB_Device_Library/Core/Src/usbd_ioreq.o
                0x0800685e                USBD_CtlContinueSendData
 .text.USBD_CtlPrepareRx
                0x0800686e       0x1e ./Middlewares/ST/STM32_USB_Device_Library/Core/Src/usbd_ioreq.o
                0x0800686e                USBD_CtlPrepareRx
 .text.USBD_CtlContinueRx
                0x0800688c       0x10 ./Middlewares/ST/STM32_USB_Device_Library/Core/Src/usbd_ioreq.o
                0x0800688c                USBD_CtlContinueRx
 .text.USBD_CtlSendStatus
                0x0800689c       0x16 ./Middlewares/ST/STM32_USB_Device_Library/Core/Src/usbd_ioreq.o
                0x0800689c                USBD_CtlSendStatus
 .text.USBD_CtlReceiveStatus
                0x080068b2       0x16 ./Middlewares/ST/STM32_USB_Device_Library/Core/Src/usbd_ioreq.o
                0x080068b2                USBD_CtlReceiveStatus
 .text.MX_USB_DEVICE_Init
                0x080068c8       0x5c ./USB_DEVICE/App/usb_device.o
                0x080068c8                MX_USB_DEVICE_Init
 .text.CDC_DeInit_FS
                0x08006924        0x4 ./USB_DEVICE/App/usbd_cdc_if.o
 .text.CDC_Control_FS
                0x08006928        0x4 ./USB_DEVICE/App/usbd_cdc_if.o
 .text.CDC_Receive_FS
                0x0800692c       0x54 ./USB_DEVICE/App/usbd_cdc_if.o
 .text.CDC_Init_FS
                0x08006980       0x28 ./USB_DEVICE/App/usbd_cdc_if.o
 .text.CDC_Transmit_FS
                0x080069a8       0x2c ./USB_DEVICE/App/usbd_cdc_if.o
                0x080069a8                CDC_Transmit_FS
 .text.USBD_FS_DeviceDescriptor
                0x080069d4        0xc ./USB_DEVICE/App/usbd_desc.o
                0x080069d4                USBD_FS_DeviceDescriptor
 .text.USBD_FS_LangIDStrDescriptor
                0x080069e0        0xc ./USB_DEVICE/App/usbd_desc.o
                0x080069e0                USBD_FS_LangIDStrDescriptor
 .text.IntToUnicode
                0x080069ec       0x46 ./USB_DEVICE/App/usbd_desc.o
 *fill*         0x08006a32        0x2 
 .text.Get_SerialNum
                0x08006a34       0x38 ./USB_DEVICE/App/usbd_desc.o
 .text.USBD_FS_SerialStrDescriptor
                0x08006a6c       0x14 ./USB_DEVICE/App/usbd_desc.o
                0x08006a6c                USBD_FS_SerialStrDescriptor
 .text.USBD_FS_ProductStrDescriptor
                0x08006a80       0x24 ./USB_DEVICE/App/usbd_desc.o
                0x08006a80                USBD_FS_ProductStrDescriptor
 .text.USBD_FS_ManufacturerStrDescriptor
                0x08006aa4       0x1c ./USB_DEVICE/App/usbd_desc.o
                0x08006aa4                USBD_FS_ManufacturerStrDescriptor
 .text.USBD_FS_ConfigStrDescriptor
                0x08006ac0       0x24 ./USB_DEVICE/App/usbd_desc.o
                0x08006ac0                USBD_FS_ConfigStrDescriptor
 .text.USBD_FS_InterfaceStrDescriptor
                0x08006ae4       0x24 ./USB_DEVICE/App/usbd_desc.o
                0x08006ae4                USBD_FS_InterfaceStrDescriptor
 .text.USBD_Get_USB_Status
                0x08006b08       0x14 ./USB_DEVICE/Target/usbd_conf.o
 .text.HAL_PCD_MspInit
                0x08006b1c       0x84 ./USB_DEVICE/Target/usbd_conf.o
                0x08006b1c                HAL_PCD_MspInit
 .text.HAL_PCD_SetupStageCallback
                0x08006ba0       0x10 ./USB_DEVICE/Target/usbd_conf.o
                0x08006ba0                HAL_PCD_SetupStageCallback
 .text.HAL_PCD_DataOutStageCallback
                0x08006bb0       0x18 ./USB_DEVICE/Target/usbd_conf.o
                0x08006bb0                HAL_PCD_DataOutStageCallback
 .text.HAL_PCD_DataInStageCallback
                0x08006bc8       0x16 ./USB_DEVICE/Target/usbd_conf.o
                0x08006bc8                HAL_PCD_DataInStageCallback
 .text.HAL_PCD_SOFCallback
                0x08006bde        0xc ./USB_DEVICE/Target/usbd_conf.o
                0x08006bde                HAL_PCD_SOFCallback
 .text.HAL_PCD_ResetCallback
                0x08006bea       0x24 ./USB_DEVICE/Target/usbd_conf.o
                0x08006bea                HAL_PCD_ResetCallback
 *fill*         0x08006c0e        0x2 
 .text.HAL_PCD_SuspendCallback
                0x08006c10       0x20 ./USB_DEVICE/Target/usbd_conf.o
                0x08006c10                HAL_PCD_SuspendCallback
 .text.HAL_PCD_ResumeCallback
                0x08006c30        0xc ./USB_DEVICE/Target/usbd_conf.o
                0x08006c30                HAL_PCD_ResumeCallback
 .text.USBD_LL_Init
                0x08006c3c       0x84 ./USB_DEVICE/Target/usbd_conf.o
                0x08006c3c                USBD_LL_Init
 .text.USBD_LL_Start
                0x08006cc0       0x10 ./USB_DEVICE/Target/usbd_conf.o
                0x08006cc0                USBD_LL_Start
 .text.USBD_LL_OpenEP
                0x08006cd0       0x16 ./USB_DEVICE/Target/usbd_conf.o
                0x08006cd0                USBD_LL_OpenEP
 .text.USBD_LL_CloseEP
                0x08006ce6       0x10 ./USB_DEVICE/Target/usbd_conf.o
                0x08006ce6                USBD_LL_CloseEP
 .text.USBD_LL_StallEP
                0x08006cf6       0x10 ./USB_DEVICE/Target/usbd_conf.o
                0x08006cf6                USBD_LL_StallEP
 .text.USBD_LL_ClearStallEP
                0x08006d06       0x10 ./USB_DEVICE/Target/usbd_conf.o
                0x08006d06                USBD_LL_ClearStallEP
 .text.USBD_LL_IsStallEP
                0x08006d16       0x2e ./USB_DEVICE/Target/usbd_conf.o
                0x08006d16                USBD_LL_IsStallEP
 .text.USBD_LL_SetUSBAddress
                0x08006d44       0x10 ./USB_DEVICE/Target/usbd_conf.o
                0x08006d44                USBD_LL_SetUSBAddress
 .text.USBD_LL_Transmit
                0x08006d54       0x10 ./USB_DEVICE/Target/usbd_conf.o
                0x08006d54                USBD_LL_Transmit
 .text.USBD_LL_PrepareReceive
                0x08006d64       0x10 ./USB_DEVICE/Target/usbd_conf.o
                0x08006d64                USBD_LL_PrepareReceive
 .text.USBD_LL_GetRxDataSize
                0x08006d74        0xc ./USB_DEVICE/Target/usbd_conf.o
                0x08006d74                USBD_LL_GetRxDataSize
 .text.USBD_static_malloc
                0x08006d80        0x8 ./USB_DEVICE/Target/usbd_conf.o
                0x08006d80                USBD_static_malloc
 .text.USBD_static_free
                0x08006d88        0x2 ./USB_DEVICE/Target/usbd_conf.o
                0x08006d88                USBD_static_free
 .text.HAL_PCDEx_SetConnectionState
                0x08006d8a        0x2 ./USB_DEVICE/Target/usbd_conf.o
                0x08006d8a                HAL_PCDEx_SetConnectionState
 .text.__cvt    0x08006d8c       0xc8 C:/ST/STM32CubeIDE_1.16.0/STM32CubeIDE/plugins/com.st.stm32cube.ide.mcu.externaltools.gnu-tools-for-stm32.12.3.rel1.win32_1.0.200.202406191623/tools/bin/../lib/gcc/arm-none-eabi/12.3.1/../../../../arm-none-eabi/lib/thumb/v7-m/nofp\libc_nano.a(libc_a-nano-vfprintf_float.o)
                0x08006d8c                __cvt
 .text.__exponent
                0x08006e54       0x74 C:/ST/STM32CubeIDE_1.16.0/STM32CubeIDE/plugins/com.st.stm32cube.ide.mcu.externaltools.gnu-tools-for-stm32.12.3.rel1.win32_1.0.200.202406191623/tools/bin/../lib/gcc/arm-none-eabi/12.3.1/../../../../arm-none-eabi/lib/thumb/v7-m/nofp\libc_nano.a(libc_a-nano-vfprintf_float.o)
                0x08006e54                __exponent
 .text._printf_float
                0x08006ec8      0x458 C:/ST/STM32CubeIDE_1.16.0/STM32CubeIDE/plugins/com.st.stm32cube.ide.mcu.externaltools.gnu-tools-for-stm32.12.3.rel1.win32_1.0.200.202406191623/tools/bin/../lib/gcc/arm-none-eabi/12.3.1/../../../../arm-none-eabi/lib/thumb/v7-m/nofp\libc_nano.a(libc_a-nano-vfprintf_float.o)
                0x08006ec8                _printf_float
 .text._printf_common
                0x08007320       0xe4 C:/ST/STM32CubeIDE_1.16.0/STM32CubeIDE/plugins/com.st.stm32cube.ide.mcu.externaltools.gnu-tools-for-stm32.12.3.rel1.win32_1.0.200.202406191623/tools/bin/../lib/gcc/arm-none-eabi/12.3.1/../../../../arm-none-eabi/lib/thumb/v7-m/nofp\libc_nano.a(libc_a-nano-vfprintf_i.o)
                0x08007320                _printf_common
 .text._printf_i
                0x08007404      0x240 C:/ST/STM32CubeIDE_1.16.0/STM32CubeIDE/plugins/com.st.stm32cube.ide.mcu.externaltools.gnu-tools-for-stm32.12.3.rel1.win32_1.0.200.202406191623/tools/bin/../lib/gcc/arm-none-eabi/12.3.1/../../../../arm-none-eabi/lib/thumb/v7-m/nofp\libc_nano.a(libc_a-nano-vfprintf_i.o)
                0x08007404                _printf_i
 .text.std      0x08007644       0x6c C:/ST/STM32CubeIDE_1.16.0/STM32CubeIDE/plugins/com.st.stm32cube.ide.mcu.externaltools.gnu-tools-for-stm32.12.3.rel1.win32_1.0.200.202406191623/tools/bin/../lib/gcc/arm-none-eabi/12.3.1/../../../../arm-none-eabi/lib/thumb/v7-m/nofp\libc_nano.a(libc_a-findfp.o)
 .text.stdio_exit_handler
                0x080076b0       0x18 C:/ST/STM32CubeIDE_1.16.0/STM32CubeIDE/plugins/com.st.stm32cube.ide.mcu.externaltools.gnu-tools-for-stm32.12.3.rel1.win32_1.0.200.202406191623/tools/bin/../lib/gcc/arm-none-eabi/12.3.1/../../../../arm-none-eabi/lib/thumb/v7-m/nofp\libc_nano.a(libc_a-findfp.o)
 .text.cleanup_stdio
                0x080076c8       0x40 C:/ST/STM32CubeIDE_1.16.0/STM32CubeIDE/plugins/com.st.stm32cube.ide.mcu.externaltools.gnu-tools-for-stm32.12.3.rel1.win32_1.0.200.202406191623/tools/bin/../lib/gcc/arm-none-eabi/12.3.1/../../../../arm-none-eabi/lib/thumb/v7-m/nofp\libc_nano.a(libc_a-findfp.o)
 .text.global_stdio_init.part.0
                0x08007708       0x3c C:/ST/STM32CubeIDE_1.16.0/STM32CubeIDE/plugins/com.st.stm32cube.ide.mcu.externaltools.gnu-tools-for-stm32.12.3.rel1.win32_1.0.200.202406191623/tools/bin/../lib/gcc/arm-none-eabi/12.3.1/../../../../arm-none-eabi/lib/thumb/v7-m/nofp\libc_nano.a(libc_a-findfp.o)
 .text.__sfp_lock_acquire
                0x08007744        0xc C:/ST/STM32CubeIDE_1.16.0/STM32CubeIDE/plugins/com.st.stm32cube.ide.mcu.externaltools.gnu-tools-for-stm32.12.3.rel1.win32_1.0.200.202406191623/tools/bin/../lib/gcc/arm-none-eabi/12.3.1/../../../../arm-none-eabi/lib/thumb/v7-m/nofp\libc_nano.a(libc_a-findfp.o)
                0x08007744                __sfp_lock_acquire
 .text.__sfp_lock_release
                0x08007750        0xc C:/ST/STM32CubeIDE_1.16.0/STM32CubeIDE/plugins/com.st.stm32cube.ide.mcu.externaltools.gnu-tools-for-stm32.12.3.rel1.win32_1.0.200.202406191623/tools/bin/../lib/gcc/arm-none-eabi/12.3.1/../../../../arm-none-eabi/lib/thumb/v7-m/nofp\libc_nano.a(libc_a-findfp.o)
                0x08007750                __sfp_lock_release
 .text.__sinit  0x0800775c       0x30 C:/ST/STM32CubeIDE_1.16.0/STM32CubeIDE/plugins/com.st.stm32cube.ide.mcu.externaltools.gnu-tools-for-stm32.12.3.rel1.win32_1.0.200.202406191623/tools/bin/../lib/gcc/arm-none-eabi/12.3.1/../../../../arm-none-eabi/lib/thumb/v7-m/nofp\libc_nano.a(libc_a-findfp.o)
                0x0800775c                __sinit
 .text._fwalk_sglue
                0x0800778c       0x3c C:/ST/STM32CubeIDE_1.16.0/STM32CubeIDE/plugins/com.st.stm32cube.ide.mcu.externaltools.gnu-tools-for-stm32.12.3.rel1.win32_1.0.200.202406191623/tools/bin/../lib/gcc/arm-none-eabi/12.3.1/../../../../arm-none-eabi/lib/thumb/v7-m/nofp\libc_nano.a(libc_a-fwalk.o)
                0x0800778c                _fwalk_sglue
 .text.printf   0x080077c8       0x24 C:/ST/STM32CubeIDE_1.16.0/STM32CubeIDE/plugins/com.st.stm32cube.ide.mcu.externaltools.gnu-tools-for-stm32.12.3.rel1.win32_1.0.200.202406191623/tools/bin/../lib/gcc/arm-none-eabi/12.3.1/../../../../arm-none-eabi/lib/thumb/v7-m/nofp\libc_nano.a(libc_a-printf.o)
                0x080077c8                iprintf
                0x080077c8                printf
 .text.putchar  0x080077ec       0x10 C:/ST/STM32CubeIDE_1.16.0/STM32CubeIDE/plugins/com.st.stm32cube.ide.mcu.externaltools.gnu-tools-for-stm32.12.3.rel1.win32_1.0.200.202406191623/tools/bin/../lib/gcc/arm-none-eabi/12.3.1/../../../../arm-none-eabi/lib/thumb/v7-m/nofp\libc_nano.a(libc_a-putchar.o)
                0x080077ec                putchar
 .text._puts_r  0x080077fc       0xaa C:/ST/STM32CubeIDE_1.16.0/STM32CubeIDE/plugins/com.st.stm32cube.ide.mcu.externaltools.gnu-tools-for-stm32.12.3.rel1.win32_1.0.200.202406191623/tools/bin/../lib/gcc/arm-none-eabi/12.3.1/../../../../arm-none-eabi/lib/thumb/v7-m/nofp\libc_nano.a(libc_a-puts.o)
                0x080077fc                _puts_r
 *fill*         0x080078a6        0x2 
 .text.puts     0x080078a8       0x10 C:/ST/STM32CubeIDE_1.16.0/STM32CubeIDE/plugins/com.st.stm32cube.ide.mcu.externaltools.gnu-tools-for-stm32.12.3.rel1.win32_1.0.200.202406191623/tools/bin/../lib/gcc/arm-none-eabi/12.3.1/../../../../arm-none-eabi/lib/thumb/v7-m/nofp\libc_nano.a(libc_a-puts.o)
                0x080078a8                puts
 .text.snprintf
                0x080078b8       0x68 C:/ST/STM32CubeIDE_1.16.0/STM32CubeIDE/plugins/com.st.stm32cube.ide.mcu.externaltools.gnu-tools-for-stm32.12.3.rel1.win32_1.0.200.202406191623/tools/bin/../lib/gcc/arm-none-eabi/12.3.1/../../../../arm-none-eabi/lib/thumb/v7-m/nofp\libc_nano.a(libc_a-snprintf.o)
                0x080078b8                sniprintf
                0x080078b8                snprintf
 .text.sprintf  0x08007920       0x40 C:/ST/STM32CubeIDE_1.16.0/STM32CubeIDE/plugins/com.st.stm32cube.ide.mcu.externaltools.gnu-tools-for-stm32.12.3.rel1.win32_1.0.200.202406191623/tools/bin/../lib/gcc/arm-none-eabi/12.3.1/../../../../arm-none-eabi/lib/thumb/v7-m/nofp\libc_nano.a(libc_a-sprintf.o)
                0x08007920                siprintf
                0x08007920                sprintf
 .text.__sread  0x08007960       0x22 C:/ST/STM32CubeIDE_1.16.0/STM32CubeIDE/plugins/com.st.stm32cube.ide.mcu.externaltools.gnu-tools-for-stm32.12.3.rel1.win32_1.0.200.202406191623/tools/bin/../lib/gcc/arm-none-eabi/12.3.1/../../../../arm-none-eabi/lib/thumb/v7-m/nofp\libc_nano.a(libc_a-stdio.o)
                0x08007960                __sread
 .text.__swrite
                0x08007982       0x38 C:/ST/STM32CubeIDE_1.16.0/STM32CubeIDE/plugins/com.st.stm32cube.ide.mcu.externaltools.gnu-tools-for-stm32.12.3.rel1.win32_1.0.200.202406191623/tools/bin/../lib/gcc/arm-none-eabi/12.3.1/../../../../arm-none-eabi/lib/thumb/v7-m/nofp\libc_nano.a(libc_a-stdio.o)
                0x08007982                __swrite
 .text.__sseek  0x080079ba       0x24 C:/ST/STM32CubeIDE_1.16.0/STM32CubeIDE/plugins/com.st.stm32cube.ide.mcu.externaltools.gnu-tools-for-stm32.12.3.rel1.win32_1.0.200.202406191623/tools/bin/../lib/gcc/arm-none-eabi/12.3.1/../../../../arm-none-eabi/lib/thumb/v7-m/nofp\libc_nano.a(libc_a-stdio.o)
                0x080079ba                __sseek
 .text.__sclose
                0x080079de        0x8 C:/ST/STM32CubeIDE_1.16.0/STM32CubeIDE/plugins/com.st.stm32cube.ide.mcu.externaltools.gnu-tools-for-stm32.12.3.rel1.win32_1.0.200.202406191623/tools/bin/../lib/gcc/arm-none-eabi/12.3.1/../../../../arm-none-eabi/lib/thumb/v7-m/nofp\libc_nano.a(libc_a-stdio.o)
                0x080079de                __sclose
 .text.__swbuf_r
                0x080079e6       0x7c C:/ST/STM32CubeIDE_1.16.0/STM32CubeIDE/plugins/com.st.stm32cube.ide.mcu.externaltools.gnu-tools-for-stm32.12.3.rel1.win32_1.0.200.202406191623/tools/bin/../lib/gcc/arm-none-eabi/12.3.1/../../../../arm-none-eabi/lib/thumb/v7-m/nofp\libc_nano.a(libc_a-wbuf.o)
                0x080079e6                __swbuf_r
 *fill*         0x08007a62        0x2 
 .text.__swsetup_r
                0x08007a64       0xac C:/ST/STM32CubeIDE_1.16.0/STM32CubeIDE/plugins/com.st.stm32cube.ide.mcu.externaltools.gnu-tools-for-stm32.12.3.rel1.win32_1.0.200.202406191623/tools/bin/../lib/gcc/arm-none-eabi/12.3.1/../../../../arm-none-eabi/lib/thumb/v7-m/nofp\libc_nano.a(libc_a-wsetup.o)
                0x08007a64                __swsetup_r
 .text.memset   0x08007b10       0x10 C:/ST/STM32CubeIDE_1.16.0/STM32CubeIDE/plugins/com.st.stm32cube.ide.mcu.externaltools.gnu-tools-for-stm32.12.3.rel1.win32_1.0.200.202406191623/tools/bin/../lib/gcc/arm-none-eabi/12.3.1/../../../../arm-none-eabi/lib/thumb/v7-m/nofp\libc_nano.a(libc_a-memset.o)
                0x08007b10                memset
 .text._localeconv_r
                0x08007b20        0x8 C:/ST/STM32CubeIDE_1.16.0/STM32CubeIDE/plugins/com.st.stm32cube.ide.mcu.externaltools.gnu-tools-for-stm32.12.3.rel1.win32_1.0.200.202406191623/tools/bin/../lib/gcc/arm-none-eabi/12.3.1/../../../../arm-none-eabi/lib/thumb/v7-m/nofp\libc_nano.a(libc_a-localeconv.o)
                0x08007b20                _localeconv_r
 .text._close_r
                0x08007b28       0x20 C:/ST/STM32CubeIDE_1.16.0/STM32CubeIDE/plugins/com.st.stm32cube.ide.mcu.externaltools.gnu-tools-for-stm32.12.3.rel1.win32_1.0.200.202406191623/tools/bin/../lib/gcc/arm-none-eabi/12.3.1/../../../../arm-none-eabi/lib/thumb/v7-m/nofp\libc_nano.a(libc_a-closer.o)
                0x08007b28                _close_r
 .text._lseek_r
                0x08007b48       0x24 C:/ST/STM32CubeIDE_1.16.0/STM32CubeIDE/plugins/com.st.stm32cube.ide.mcu.externaltools.gnu-tools-for-stm32.12.3.rel1.win32_1.0.200.202406191623/tools/bin/../lib/gcc/arm-none-eabi/12.3.1/../../../../arm-none-eabi/lib/thumb/v7-m/nofp\libc_nano.a(libc_a-lseekr.o)
                0x08007b48                _lseek_r
 .text._read_r  0x08007b6c       0x24 C:/ST/STM32CubeIDE_1.16.0/STM32CubeIDE/plugins/com.st.stm32cube.ide.mcu.externaltools.gnu-tools-for-stm32.12.3.rel1.win32_1.0.200.202406191623/tools/bin/../lib/gcc/arm-none-eabi/12.3.1/../../../../arm-none-eabi/lib/thumb/v7-m/nofp\libc_nano.a(libc_a-readr.o)
                0x08007b6c                _read_r
 .text._write_r
                0x08007b90       0x24 C:/ST/STM32CubeIDE_1.16.0/STM32CubeIDE/plugins/com.st.stm32cube.ide.mcu.externaltools.gnu-tools-for-stm32.12.3.rel1.win32_1.0.200.202406191623/tools/bin/../lib/gcc/arm-none-eabi/12.3.1/../../../../arm-none-eabi/lib/thumb/v7-m/nofp\libc_nano.a(libc_a-writer.o)
                0x08007b90                _write_r
 .text.__errno  0x08007bb4        0xc C:/ST/STM32CubeIDE_1.16.0/STM32CubeIDE/plugins/com.st.stm32cube.ide.mcu.externaltools.gnu-tools-for-stm32.12.3.rel1.win32_1.0.200.202406191623/tools/bin/../lib/gcc/arm-none-eabi/12.3.1/../../../../arm-none-eabi/lib/thumb/v7-m/nofp\libc_nano.a(libc_a-errno.o)
                0x08007bb4                __errno
 .text.__libc_init_array
                0x08007bc0       0x48 C:/ST/STM32CubeIDE_1.16.0/STM32CubeIDE/plugins/com.st.stm32cube.ide.mcu.externaltools.gnu-tools-for-stm32.12.3.rel1.win32_1.0.200.202406191623/tools/bin/../lib/gcc/arm-none-eabi/12.3.1/../../../../arm-none-eabi/lib/thumb/v7-m/nofp\libc_nano.a(libc_a-init.o)
                0x08007bc0                __libc_init_array
 .text.__retarget_lock_init_recursive
                0x08007c08        0x2 C:/ST/STM32CubeIDE_1.16.0/STM32CubeIDE/plugins/com.st.stm32cube.ide.mcu.externaltools.gnu-tools-for-stm32.12.3.rel1.win32_1.0.200.202406191623/tools/bin/../lib/gcc/arm-none-eabi/12.3.1/../../../../arm-none-eabi/lib/thumb/v7-m/nofp\libc_nano.a(libc_a-lock.o)
                0x08007c08                __retarget_lock_init_recursive
 .text.__retarget_lock_acquire_recursive
                0x08007c0a        0x2 C:/ST/STM32CubeIDE_1.16.0/STM32CubeIDE/plugins/com.st.stm32cube.ide.mcu.externaltools.gnu-tools-for-stm32.12.3.rel1.win32_1.0.200.202406191623/tools/bin/../lib/gcc/arm-none-eabi/12.3.1/../../../../arm-none-eabi/lib/thumb/v7-m/nofp\libc_nano.a(libc_a-lock.o)
                0x08007c0a                __retarget_lock_acquire_recursive
 .text.__retarget_lock_release_recursive
                0x08007c0c        0x2 C:/ST/STM32CubeIDE_1.16.0/STM32CubeIDE/plugins/com.st.stm32cube.ide.mcu.externaltools.gnu-tools-for-stm32.12.3.rel1.win32_1.0.200.202406191623/tools/bin/../lib/gcc/arm-none-eabi/12.3.1/../../../../arm-none-eabi/lib/thumb/v7-m/nofp\libc_nano.a(libc_a-lock.o)
                0x08007c0c                __retarget_lock_release_recursive
 .text.memchr   0x08007c0e       0x1c C:/ST/STM32CubeIDE_1.16.0/STM32CubeIDE/plugins/com.st.stm32cube.ide.mcu.externaltools.gnu-tools-for-stm32.12.3.rel1.win32_1.0.200.202406191623/tools/bin/../lib/gcc/arm-none-eabi/12.3.1/../../../../arm-none-eabi/lib/thumb/v7-m/nofp\libc_nano.a(libc_a-memchr-stub.o)
                0x08007c0e                memchr
 .text.quorem   0x08007c2a      0x110 C:/ST/STM32CubeIDE_1.16.0/STM32CubeIDE/plugins/com.st.stm32cube.ide.mcu.externaltools.gnu-tools-for-stm32.12.3.rel1.win32_1.0.200.202406191623/tools/bin/../lib/gcc/arm-none-eabi/12.3.1/../../../../arm-none-eabi/lib/thumb/v7-m/nofp\libc_nano.a(libc_a-dtoa.o)
 *fill*         0x08007d3a        0x6 
 .text._dtoa_r  0x08007d40      0xb90 C:/ST/STM32CubeIDE_1.16.0/STM32CubeIDE/plugins/com.st.stm32cube.ide.mcu.externaltools.gnu-tools-for-stm32.12.3.rel1.win32_1.0.200.202406191623/tools/bin/../lib/gcc/arm-none-eabi/12.3.1/../../../../arm-none-eabi/lib/thumb/v7-m/nofp\libc_nano.a(libc_a-dtoa.o)
                0x08007d40                _dtoa_r
 .text._free_r  0x080088d0       0x90 C:/ST/STM32CubeIDE_1.16.0/STM32CubeIDE/plugins/com.st.stm32cube.ide.mcu.externaltools.gnu-tools-for-stm32.12.3.rel1.win32_1.0.200.202406191623/tools/bin/../lib/gcc/arm-none-eabi/12.3.1/../../../../arm-none-eabi/lib/thumb/v7-m/nofp\libc_nano.a(libc_a-freer.o)
                0x080088d0                _free_r
 .text.malloc   0x08008960       0x10 C:/ST/STM32CubeIDE_1.16.0/STM32CubeIDE/plugins/com.st.stm32cube.ide.mcu.externaltools.gnu-tools-for-stm32.12.3.rel1.win32_1.0.200.202406191623/tools/bin/../lib/gcc/arm-none-eabi/12.3.1/../../../../arm-none-eabi/lib/thumb/v7-m/nofp\libc_nano.a(libc_a-malloc.o)
                0x08008960                malloc
 .text.sbrk_aligned
                0x08008970       0x44 C:/ST/STM32CubeIDE_1.16.0/STM32CubeIDE/plugins/com.st.stm32cube.ide.mcu.externaltools.gnu-tools-for-stm32.12.3.rel1.win32_1.0.200.202406191623/tools/bin/../lib/gcc/arm-none-eabi/12.3.1/../../../../arm-none-eabi/lib/thumb/v7-m/nofp\libc_nano.a(libc_a-mallocr.o)
 .text._malloc_r
                0x080089b4      0x100 C:/ST/STM32CubeIDE_1.16.0/STM32CubeIDE/plugins/com.st.stm32cube.ide.mcu.externaltools.gnu-tools-for-stm32.12.3.rel1.win32_1.0.200.202406191623/tools/bin/../lib/gcc/arm-none-eabi/12.3.1/../../../../arm-none-eabi/lib/thumb/v7-m/nofp\libc_nano.a(libc_a-mallocr.o)
                0x080089b4                _malloc_r
 .text.__malloc_lock
                0x08008ab4        0xc C:/ST/STM32CubeIDE_1.16.0/STM32CubeIDE/plugins/com.st.stm32cube.ide.mcu.externaltools.gnu-tools-for-stm32.12.3.rel1.win32_1.0.200.202406191623/tools/bin/../lib/gcc/arm-none-eabi/12.3.1/../../../../arm-none-eabi/lib/thumb/v7-m/nofp\libc_nano.a(libc_a-mlock.o)
                0x08008ab4                __malloc_lock
 .text.__malloc_unlock
                0x08008ac0        0xc C:/ST/STM32CubeIDE_1.16.0/STM32CubeIDE/plugins/com.st.stm32cube.ide.mcu.externaltools.gnu-tools-for-stm32.12.3.rel1.win32_1.0.200.202406191623/tools/bin/../lib/gcc/arm-none-eabi/12.3.1/../../../../arm-none-eabi/lib/thumb/v7-m/nofp\libc_nano.a(libc_a-mlock.o)
                0x08008ac0                __malloc_unlock
 .text._Balloc  0x08008acc       0x80 C:/ST/STM32CubeIDE_1.16.0/STM32CubeIDE/plugins/com.st.stm32cube.ide.mcu.externaltools.gnu-tools-for-stm32.12.3.rel1.win32_1.0.200.202406191623/tools/bin/../lib/gcc/arm-none-eabi/12.3.1/../../../../arm-none-eabi/lib/thumb/v7-m/nofp\libc_nano.a(libc_a-mprec.o)
                0x08008acc                _Balloc
 .text._Bfree   0x08008b4c       0x44 C:/ST/STM32CubeIDE_1.16.0/STM32CubeIDE/plugins/com.st.stm32cube.ide.mcu.externaltools.gnu-tools-for-stm32.12.3.rel1.win32_1.0.200.202406191623/tools/bin/../lib/gcc/arm-none-eabi/12.3.1/../../../../arm-none-eabi/lib/thumb/v7-m/nofp\libc_nano.a(libc_a-mprec.o)
                0x08008b4c                _Bfree
 .text.__multadd
                0x08008b90       0x8c C:/ST/STM32CubeIDE_1.16.0/STM32CubeIDE/plugins/com.st.stm32cube.ide.mcu.externaltools.gnu-tools-for-stm32.12.3.rel1.win32_1.0.200.202406191623/tools/bin/../lib/gcc/arm-none-eabi/12.3.1/../../../../arm-none-eabi/lib/thumb/v7-m/nofp\libc_nano.a(libc_a-mprec.o)
                0x08008b90                __multadd
 .text.__hi0bits
                0x08008c1c       0x3e C:/ST/STM32CubeIDE_1.16.0/STM32CubeIDE/plugins/com.st.stm32cube.ide.mcu.externaltools.gnu-tools-for-stm32.12.3.rel1.win32_1.0.200.202406191623/tools/bin/../lib/gcc/arm-none-eabi/12.3.1/../../../../arm-none-eabi/lib/thumb/v7-m/nofp\libc_nano.a(libc_a-mprec.o)
                0x08008c1c                __hi0bits
 .text.__lo0bits
                0x08008c5a       0x5a C:/ST/STM32CubeIDE_1.16.0/STM32CubeIDE/plugins/com.st.stm32cube.ide.mcu.externaltools.gnu-tools-for-stm32.12.3.rel1.win32_1.0.200.202406191623/tools/bin/../lib/gcc/arm-none-eabi/12.3.1/../../../../arm-none-eabi/lib/thumb/v7-m/nofp\libc_nano.a(libc_a-mprec.o)
                0x08008c5a                __lo0bits
 .text.__i2b    0x08008cb4       0x2c C:/ST/STM32CubeIDE_1.16.0/STM32CubeIDE/plugins/com.st.stm32cube.ide.mcu.externaltools.gnu-tools-for-stm32.12.3.rel1.win32_1.0.200.202406191623/tools/bin/../lib/gcc/arm-none-eabi/12.3.1/../../../../arm-none-eabi/lib/thumb/v7-m/nofp\libc_nano.a(libc_a-mprec.o)
                0x08008cb4                __i2b
 .text.__multiply
                0x08008ce0      0x150 C:/ST/STM32CubeIDE_1.16.0/STM32CubeIDE/plugins/com.st.stm32cube.ide.mcu.externaltools.gnu-tools-for-stm32.12.3.rel1.win32_1.0.200.202406191623/tools/bin/../lib/gcc/arm-none-eabi/12.3.1/../../../../arm-none-eabi/lib/thumb/v7-m/nofp\libc_nano.a(libc_a-mprec.o)
                0x08008ce0                __multiply
 .text.__pow5mult
                0x08008e30       0xb4 C:/ST/STM32CubeIDE_1.16.0/STM32CubeIDE/plugins/com.st.stm32cube.ide.mcu.externaltools.gnu-tools-for-stm32.12.3.rel1.win32_1.0.200.202406191623/tools/bin/../lib/gcc/arm-none-eabi/12.3.1/../../../../arm-none-eabi/lib/thumb/v7-m/nofp\libc_nano.a(libc_a-mprec.o)
                0x08008e30                __pow5mult
 .text.__lshift
                0x08008ee4       0xd8 C:/ST/STM32CubeIDE_1.16.0/STM32CubeIDE/plugins/com.st.stm32cube.ide.mcu.externaltools.gnu-tools-for-stm32.12.3.rel1.win32_1.0.200.202406191623/tools/bin/../lib/gcc/arm-none-eabi/12.3.1/../../../../arm-none-eabi/lib/thumb/v7-m/nofp\libc_nano.a(libc_a-mprec.o)
                0x08008ee4                __lshift
 .text.__mcmp   0x08008fbc       0x36 C:/ST/STM32CubeIDE_1.16.0/STM32CubeIDE/plugins/com.st.stm32cube.ide.mcu.externaltools.gnu-tools-for-stm32.12.3.rel1.win32_1.0.200.202406191623/tools/bin/../lib/gcc/arm-none-eabi/12.3.1/../../../../arm-none-eabi/lib/thumb/v7-m/nofp\libc_nano.a(libc_a-mprec.o)
                0x08008fbc                __mcmp
 *fill*         0x08008ff2        0x2 
 .text.__mdiff  0x08008ff4      0x128 C:/ST/STM32CubeIDE_1.16.0/STM32CubeIDE/plugins/com.st.stm32cube.ide.mcu.externaltools.gnu-tools-for-stm32.12.3.rel1.win32_1.0.200.202406191623/tools/bin/../lib/gcc/arm-none-eabi/12.3.1/../../../../arm-none-eabi/lib/thumb/v7-m/nofp\libc_nano.a(libc_a-mprec.o)
                0x08008ff4                __mdiff
 .text.__d2b    0x0800911c       0xb0 C:/ST/STM32CubeIDE_1.16.0/STM32CubeIDE/plugins/com.st.stm32cube.ide.mcu.externaltools.gnu-tools-for-stm32.12.3.rel1.win32_1.0.200.202406191623/tools/bin/../lib/gcc/arm-none-eabi/12.3.1/../../../../arm-none-eabi/lib/thumb/v7-m/nofp\libc_nano.a(libc_a-mprec.o)
                0x0800911c                __d2b
 .text.__ssputs_r
                0x080091cc       0xb6 C:/ST/STM32CubeIDE_1.16.0/STM32CubeIDE/plugins/com.st.stm32cube.ide.mcu.externaltools.gnu-tools-for-stm32.12.3.rel1.win32_1.0.200.202406191623/tools/bin/../lib/gcc/arm-none-eabi/12.3.1/../../../../arm-none-eabi/lib/thumb/v7-m/nofp\libc_nano.a(libc_a-nano-svfprintf.o)
                0x080091cc                __ssputs_r
 *fill*         0x08009282        0x2 
 .text._svfprintf_r
                0x08009284      0x1f8 C:/ST/STM32CubeIDE_1.16.0/STM32CubeIDE/plugins/com.st.stm32cube.ide.mcu.externaltools.gnu-tools-for-stm32.12.3.rel1.win32_1.0.200.202406191623/tools/bin/../lib/gcc/arm-none-eabi/12.3.1/../../../../arm-none-eabi/lib/thumb/v7-m/nofp\libc_nano.a(libc_a-nano-svfprintf.o)
                0x08009284                _svfiprintf_r
                0x08009284                _svfprintf_r
 .text.__sfputc_r
                0x0800947c       0x2a C:/ST/STM32CubeIDE_1.16.0/STM32CubeIDE/plugins/com.st.stm32cube.ide.mcu.externaltools.gnu-tools-for-stm32.12.3.rel1.win32_1.0.200.202406191623/tools/bin/../lib/gcc/arm-none-eabi/12.3.1/../../../../arm-none-eabi/lib/thumb/v7-m/nofp\libc_nano.a(libc_a-nano-vfprintf.o)
 .text.__sfputs_r
                0x080094a6       0x24 C:/ST/STM32CubeIDE_1.16.0/STM32CubeIDE/plugins/com.st.stm32cube.ide.mcu.externaltools.gnu-tools-for-stm32.12.3.rel1.win32_1.0.200.202406191623/tools/bin/../lib/gcc/arm-none-eabi/12.3.1/../../../../arm-none-eabi/lib/thumb/v7-m/nofp\libc_nano.a(libc_a-nano-vfprintf.o)
                0x080094a6                __sfputs_r
 *fill*         0x080094ca        0x2 
 .text._vfprintf_r
                0x080094cc      0x230 C:/ST/STM32CubeIDE_1.16.0/STM32CubeIDE/plugins/com.st.stm32cube.ide.mcu.externaltools.gnu-tools-for-stm32.12.3.rel1.win32_1.0.200.202406191623/tools/bin/../lib/gcc/arm-none-eabi/12.3.1/../../../../arm-none-eabi/lib/thumb/v7-m/nofp\libc_nano.a(libc_a-nano-vfprintf.o)
                0x080094cc                _vfprintf_r
                0x080094cc                _vfiprintf_r
 .text.__sflush_r
                0x080096fc      0x100 C:/ST/STM32CubeIDE_1.16.0/STM32CubeIDE/plugins/com.st.stm32cube.ide.mcu.externaltools.gnu-tools-for-stm32.12.3.rel1.win32_1.0.200.202406191623/tools/bin/../lib/gcc/arm-none-eabi/12.3.1/../../../../arm-none-eabi/lib/thumb/v7-m/nofp\libc_nano.a(libc_a-fflush.o)
                0x080096fc                __sflush_r
 .text._fflush_r
                0x080097fc       0x50 C:/ST/STM32CubeIDE_1.16.0/STM32CubeIDE/plugins/com.st.stm32cube.ide.mcu.externaltools.gnu-tools-for-stm32.12.3.rel1.win32_1.0.200.202406191623/tools/bin/../lib/gcc/arm-none-eabi/12.3.1/../../../../arm-none-eabi/lib/thumb/v7-m/nofp\libc_nano.a(libc_a-fflush.o)
                0x080097fc                _fflush_r
 .text.__swhatbuf_r
                0x0800984c       0x4a C:/ST/STM32CubeIDE_1.16.0/STM32CubeIDE/plugins/com.st.stm32cube.ide.mcu.externaltools.gnu-tools-for-stm32.12.3.rel1.win32_1.0.200.202406191623/tools/bin/../lib/gcc/arm-none-eabi/12.3.1/../../../../arm-none-eabi/lib/thumb/v7-m/nofp\libc_nano.a(libc_a-makebuf.o)
                0x0800984c                __swhatbuf_r
 .text.__smakebuf_r
                0x08009896       0x78 C:/ST/STM32CubeIDE_1.16.0/STM32CubeIDE/plugins/com.st.stm32cube.ide.mcu.externaltools.gnu-tools-for-stm32.12.3.rel1.win32_1.0.200.202406191623/tools/bin/../lib/gcc/arm-none-eabi/12.3.1/../../../../arm-none-eabi/lib/thumb/v7-m/nofp\libc_nano.a(libc_a-makebuf.o)
                0x08009896                __smakebuf_r
 .text._putc_r  0x0800990e       0x68 C:/ST/STM32CubeIDE_1.16.0/STM32CubeIDE/plugins/com.st.stm32cube.ide.mcu.externaltools.gnu-tools-for-stm32.12.3.rel1.win32_1.0.200.202406191623/tools/bin/../lib/gcc/arm-none-eabi/12.3.1/../../../../arm-none-eabi/lib/thumb/v7-m/nofp\libc_nano.a(libc_a-putc.o)
                0x0800990e                _putc_r
 .text.memmove  0x08009976       0x34 C:/ST/STM32CubeIDE_1.16.0/STM32CubeIDE/plugins/com.st.stm32cube.ide.mcu.externaltools.gnu-tools-for-stm32.12.3.rel1.win32_1.0.200.202406191623/tools/bin/../lib/gcc/arm-none-eabi/12.3.1/../../../../arm-none-eabi/lib/thumb/v7-m/nofp\libc_nano.a(libc_a-memmove.o)
                0x08009976                memmove
 *fill*         0x080099aa        0x2 
 .text._fstat_r
                0x080099ac       0x24 C:/ST/STM32CubeIDE_1.16.0/STM32CubeIDE/plugins/com.st.stm32cube.ide.mcu.externaltools.gnu-tools-for-stm32.12.3.rel1.win32_1.0.200.202406191623/tools/bin/../lib/gcc/arm-none-eabi/12.3.1/../../../../arm-none-eabi/lib/thumb/v7-m/nofp\libc_nano.a(libc_a-fstatr.o)
                0x080099ac                _fstat_r
 .text._isatty_r
                0x080099d0       0x20 C:/ST/STM32CubeIDE_1.16.0/STM32CubeIDE/plugins/com.st.stm32cube.ide.mcu.externaltools.gnu-tools-for-stm32.12.3.rel1.win32_1.0.200.202406191623/tools/bin/../lib/gcc/arm-none-eabi/12.3.1/../../../../arm-none-eabi/lib/thumb/v7-m/nofp\libc_nano.a(libc_a-isattyr.o)
                0x080099d0                _isatty_r
 .text._sbrk_r  0x080099f0       0x20 C:/ST/STM32CubeIDE_1.16.0/STM32CubeIDE/plugins/com.st.stm32cube.ide.mcu.externaltools.gnu-tools-for-stm32.12.3.rel1.win32_1.0.200.202406191623/tools/bin/../lib/gcc/arm-none-eabi/12.3.1/../../../../arm-none-eabi/lib/thumb/v7-m/nofp\libc_nano.a(libc_a-sbrkr.o)
                0x080099f0                _sbrk_r
 .text.memcpy   0x08009a10       0x1c C:/ST/STM32CubeIDE_1.16.0/STM32CubeIDE/plugins/com.st.stm32cube.ide.mcu.externaltools.gnu-tools-for-stm32.12.3.rel1.win32_1.0.200.202406191623/tools/bin/../lib/gcc/arm-none-eabi/12.3.1/../../../../arm-none-eabi/lib/thumb/v7-m/nofp\libc_nano.a(libc_a-memcpy-stub.o)
                0x08009a10                memcpy
 .text.__assert_func
                0x08009a2c       0x3c C:/ST/STM32CubeIDE_1.16.0/STM32CubeIDE/plugins/com.st.stm32cube.ide.mcu.externaltools.gnu-tools-for-stm32.12.3.rel1.win32_1.0.200.202406191623/tools/bin/../lib/gcc/arm-none-eabi/12.3.1/../../../../arm-none-eabi/lib/thumb/v7-m/nofp\libc_nano.a(libc_a-assert.o)
                0x08009a2c                __assert_func
 .text._calloc_r
                0x08009a68       0x28 C:/ST/STM32CubeIDE_1.16.0/STM32CubeIDE/plugins/com.st.stm32cube.ide.mcu.externaltools.gnu-tools-for-stm32.12.3.rel1.win32_1.0.200.202406191623/tools/bin/../lib/gcc/arm-none-eabi/12.3.1/../../../../arm-none-eabi/lib/thumb/v7-m/nofp\libc_nano.a(libc_a-callocr.o)
                0x08009a68                _calloc_r
 .text.__ascii_mbtowc
                0x08009a90       0x24 C:/ST/STM32CubeIDE_1.16.0/STM32CubeIDE/plugins/com.st.stm32cube.ide.mcu.externaltools.gnu-tools-for-stm32.12.3.rel1.win32_1.0.200.202406191623/tools/bin/../lib/gcc/arm-none-eabi/12.3.1/../../../../arm-none-eabi/lib/thumb/v7-m/nofp\libc_nano.a(libc_a-mbtowc_r.o)
                0x08009a90                __ascii_mbtowc
 .text._realloc_r
                0x08009ab4       0x5c C:/ST/STM32CubeIDE_1.16.0/STM32CubeIDE/plugins/com.st.stm32cube.ide.mcu.externaltools.gnu-tools-for-stm32.12.3.rel1.win32_1.0.200.202406191623/tools/bin/../lib/gcc/arm-none-eabi/12.3.1/../../../../arm-none-eabi/lib/thumb/v7-m/nofp\libc_nano.a(libc_a-reallocr.o)
                0x08009ab4                _realloc_r
 .text.__ascii_wctomb
                0x08009b10       0x1a C:/ST/STM32CubeIDE_1.16.0/STM32CubeIDE/plugins/com.st.stm32cube.ide.mcu.externaltools.gnu-tools-for-stm32.12.3.rel1.win32_1.0.200.202406191623/tools/bin/../lib/gcc/arm-none-eabi/12.3.1/../../../../arm-none-eabi/lib/thumb/v7-m/nofp\libc_nano.a(libc_a-wctomb_r.o)
                0x08009b10                __ascii_wctomb
 *fill*         0x08009b2a        0x2 
 .text.fprintf  0x08009b2c       0x24 C:/ST/STM32CubeIDE_1.16.0/STM32CubeIDE/plugins/com.st.stm32cube.ide.mcu.externaltools.gnu-tools-for-stm32.12.3.rel1.win32_1.0.200.202406191623/tools/bin/../lib/gcc/arm-none-eabi/12.3.1/../../../../arm-none-eabi/lib/thumb/v7-m/nofp\libc_nano.a(libc_a-fprintf.o)
                0x08009b2c                fiprintf
                0x08009b2c                fprintf
 .text.abort    0x08009b50        0xe C:/ST/STM32CubeIDE_1.16.0/STM32CubeIDE/plugins/com.st.stm32cube.ide.mcu.externaltools.gnu-tools-for-stm32.12.3.rel1.win32_1.0.200.202406191623/tools/bin/../lib/gcc/arm-none-eabi/12.3.1/../../../../arm-none-eabi/lib/thumb/v7-m/nofp\libc_nano.a(libc_a-abort.o)
                0x08009b50                abort
 .text._malloc_usable_size_r
                0x08009b5e       0x10 C:/ST/STM32CubeIDE_1.16.0/STM32CubeIDE/plugins/com.st.stm32cube.ide.mcu.externaltools.gnu-tools-for-stm32.12.3.rel1.win32_1.0.200.202406191623/tools/bin/../lib/gcc/arm-none-eabi/12.3.1/../../../../arm-none-eabi/lib/thumb/v7-m/nofp\libc_nano.a(libc_a-msizer.o)
                0x08009b5e                _malloc_usable_size_r
 .text._raise_r
                0x08009b6e       0x50 C:/ST/STM32CubeIDE_1.16.0/STM32CubeIDE/plugins/com.st.stm32cube.ide.mcu.externaltools.gnu-tools-for-stm32.12.3.rel1.win32_1.0.200.202406191623/tools/bin/../lib/gcc/arm-none-eabi/12.3.1/../../../../arm-none-eabi/lib/thumb/v7-m/nofp\libc_nano.a(libc_a-signal.o)
                0x08009b6e                _raise_r
 *fill*         0x08009bbe        0x2 
 .text.raise    0x08009bc0       0x10 C:/ST/STM32CubeIDE_1.16.0/STM32CubeIDE/plugins/com.st.stm32cube.ide.mcu.externaltools.gnu-tools-for-stm32.12.3.rel1.win32_1.0.200.202406191623/tools/bin/../lib/gcc/arm-none-eabi/12.3.1/../../../../arm-none-eabi/lib/thumb/v7-m/nofp\libc_nano.a(libc_a-signal.o)
                0x08009bc0                raise
 .text._kill_r  0x08009bd0       0x24 C:/ST/STM32CubeIDE_1.16.0/STM32CubeIDE/plugins/com.st.stm32cube.ide.mcu.externaltools.gnu-tools-for-stm32.12.3.rel1.win32_1.0.200.202406191623/tools/bin/../lib/gcc/arm-none-eabi/12.3.1/../../../../arm-none-eabi/lib/thumb/v7-m/nofp\libc_nano.a(libc_a-signalr.o)
                0x08009bd0                _kill_r
 .text._getpid_r
                0x08009bf4        0x4 C:/ST/STM32CubeIDE_1.16.0/STM32CubeIDE/plugins/com.st.stm32cube.ide.mcu.externaltools.gnu-tools-for-stm32.12.3.rel1.win32_1.0.200.202406191623/tools/bin/../lib/gcc/arm-none-eabi/12.3.1/../../../../arm-none-eabi/lib/thumb/v7-m/nofp\libc_nano.a(libc_a-signalr.o)
                0x08009bf4                _getpid_r
 *(.glue_7)
 .glue_7        0x08009bf8        0x0 linker stubs
 *(.glue_7t)
 .glue_7t       0x08009bf8        0x0 linker stubs
 *(.eh_frame)
 .eh_frame      0x08009bf8        0x0 C:/ST/STM32CubeIDE_1.16.0/STM32CubeIDE/plugins/com.st.stm32cube.ide.mcu.externaltools.gnu-tools-for-stm32.12.3.rel1.win32_1.0.200.202406191623/tools/bin/../lib/gcc/arm-none-eabi/12.3.1/thumb/v7-m/nofp/crtbegin.o
 *(.init)
 .init          0x08009bf8        0x4 C:/ST/STM32CubeIDE_1.16.0/STM32CubeIDE/plugins/com.st.stm32cube.ide.mcu.externaltools.gnu-tools-for-stm32.12.3.rel1.win32_1.0.200.202406191623/tools/bin/../lib/gcc/arm-none-eabi/12.3.1/thumb/v7-m/nofp/crti.o
                0x08009bf8                _init
 .init          0x08009bfc        0x8 C:/ST/STM32CubeIDE_1.16.0/STM32CubeIDE/plugins/com.st.stm32cube.ide.mcu.externaltools.gnu-tools-for-stm32.12.3.rel1.win32_1.0.200.202406191623/tools/bin/../lib/gcc/arm-none-eabi/12.3.1/thumb/v7-m/nofp/crtn.o
 *(.fini)
 .fini          0x08009c04        0x4 C:/ST/STM32CubeIDE_1.16.0/STM32CubeIDE/plugins/com.st.stm32cube.ide.mcu.externaltools.gnu-tools-for-stm32.12.3.rel1.win32_1.0.200.202406191623/tools/bin/../lib/gcc/arm-none-eabi/12.3.1/thumb/v7-m/nofp/crti.o
                0x08009c04                _fini
 .fini          0x08009c08        0x8 C:/ST/STM32CubeIDE_1.16.0/STM32CubeIDE/plugins/com.st.stm32cube.ide.mcu.externaltools.gnu-tools-for-stm32.12.3.rel1.win32_1.0.200.202406191623/tools/bin/../lib/gcc/arm-none-eabi/12.3.1/thumb/v7-m/nofp/crtn.o
                0x08009c10                        . = ALIGN (0x4)
                0x08009c10                        _etext = .

.vfp11_veneer   0x08009c10        0x0
 .vfp11_veneer  0x08009c10        0x0 linker stubs

.v4_bx          0x08009c10        0x0
 .v4_bx         0x08009c10        0x0 linker stubs

.iplt           0x08009c10        0x0
 .iplt          0x08009c10        0x0 C:/ST/STM32CubeIDE_1.16.0/STM32CubeIDE/plugins/com.st.stm32cube.ide.mcu.externaltools.gnu-tools-for-stm32.12.3.rel1.win32_1.0.200.202406191623/tools/bin/../lib/gcc/arm-none-eabi/12.3.1/thumb/v7-m/nofp/crtbegin.o

.rodata         0x08009c10      0x648
                0x08009c10                        . = ALIGN (0x4)
 *(.rodata)
 .rodata        0x08009c10       0x18 ./Core/Src/main.o
 *(.rodata*)
 .rodata.sps_const
                0x08009c28       0x10 ./Core/Src/ads1256.o
                0x08009c28                sps_const
 .rodata.sps    0x08009c38       0x20 ./Core/Src/ads1256.o
                0x08009c38                sps
 .rodata.pga_const
                0x08009c58        0x7 ./Core/Src/ads1256.o
                0x08009c58                pga_const
 *fill*         0x08009c5f        0x1 
 .rodata.range  0x08009c60        0xe ./Core/Src/ads1256.o
                0x08009c60                range
 *fill*         0x08009c6e        0x2 
 .rodata.ROW_20
                0x08009c70        0x4 ./Core/Src/lcd.o
                0x08009c70                ROW_20
 .rodata.updateStates.str1.4
                0x08009c74       0x49 ./Core/Src/main.o
 *fill*         0x08009cbd        0x3 
 .rodata.main.str1.4
                0x08009cc0      0x135 ./Core/Src/main.o
 *fill*         0x08009df5        0x3 
 .rodata.bufferSizes
                0x08009df8       0x10 ./Core/Src/stm32f1xx_it.o
                0x08009df8                bufferSizes
 .rodata.APBPrescTable
                0x08009e08        0x8 ./Core/Src/system_stm32f1xx.o
                0x08009e08                APBPrescTable
 .rodata.AHBPrescTable
                0x08009e10       0x10 ./Core/Src/system_stm32f1xx.o
                0x08009e10                AHBPrescTable
 .rodata.aPredivFactorTable.0
                0x08009e20        0x2 ./Drivers/STM32F1xx_HAL_Driver/Src/stm32f1xx_hal_rcc.o
 *fill*         0x08009e22        0x2 
 .rodata.aPLLMULFactorTable.1
                0x08009e24       0x10 ./Drivers/STM32F1xx_HAL_Driver/Src/stm32f1xx_hal_rcc.o
 .rodata.aPredivFactorTable.0
                0x08009e34        0x2 ./Drivers/STM32F1xx_HAL_Driver/Src/stm32f1xx_hal_rcc_ex.o
 *fill*         0x08009e36        0x2 
 .rodata.aPLLMULFactorTable.1
                0x08009e38       0x10 ./Drivers/STM32F1xx_HAL_Driver/Src/stm32f1xx_hal_rcc_ex.o
 .rodata.USBD_Init.str1.4
                0x08009e48       0x1e ./Middlewares/ST/STM32_USB_Device_Library/Core/Src/usbd_core.o
 *fill*         0x08009e66        0x2 
 .rodata.USBD_RegisterClass.str1.4
                0x08009e68       0x15 ./Middlewares/ST/STM32_USB_Device_Library/Core/Src/usbd_core.o
 *fill*         0x08009e7d        0x3 
 .rodata.CDC_Receive_FS.str1.4
                0x08009e80       0x24 ./USB_DEVICE/App/usbd_cdc_if.o
 .rodata.USBD_FS_ProductStrDescriptor.str1.4
                0x08009ea4       0x16 ./USB_DEVICE/App/usbd_desc.o
 *fill*         0x08009eba        0x2 
 .rodata.USBD_FS_ManufacturerStrDescriptor.str1.4
                0x08009ebc       0x13 ./USB_DEVICE/App/usbd_desc.o
 *fill*         0x08009ecf        0x1 
 .rodata.USBD_FS_ConfigStrDescriptor.str1.4
                0x08009ed0        0xb ./USB_DEVICE/App/usbd_desc.o
 *fill*         0x08009edb        0x1 
 .rodata.USBD_FS_InterfaceStrDescriptor.str1.4
                0x08009edc        0xe ./USB_DEVICE/App/usbd_desc.o
 .rodata._printf_float.str1.1
                0x08009eea       0x12 C:/ST/STM32CubeIDE_1.16.0/STM32CubeIDE/plugins/com.st.stm32cube.ide.mcu.externaltools.gnu-tools-for-stm32.12.3.rel1.win32_1.0.200.202406191623/tools/bin/../lib/gcc/arm-none-eabi/12.3.1/../../../../arm-none-eabi/lib/thumb/v7-m/nofp\libc_nano.a(libc_a-nano-vfprintf_float.o)
 .rodata._printf_i.str1.1
                0x08009efc       0x22 C:/ST/STM32CubeIDE_1.16.0/STM32CubeIDE/plugins/com.st.stm32cube.ide.mcu.externaltools.gnu-tools-for-stm32.12.3.rel1.win32_1.0.200.202406191623/tools/bin/../lib/gcc/arm-none-eabi/12.3.1/../../../../arm-none-eabi/lib/thumb/v7-m/nofp\libc_nano.a(libc_a-nano-vfprintf_i.o)
 .rodata._dtoa_r.str1.1
                0x08009f1e       0x8d C:/ST/STM32CubeIDE_1.16.0/STM32CubeIDE/plugins/com.st.stm32cube.ide.mcu.externaltools.gnu-tools-for-stm32.12.3.rel1.win32_1.0.200.202406191623/tools/bin/../lib/gcc/arm-none-eabi/12.3.1/../../../../arm-none-eabi/lib/thumb/v7-m/nofp\libc_nano.a(libc_a-dtoa.o)
                                 0x8f (size before relaxing)
 .rodata._Balloc.str1.1
                0x08009fab       0x59 C:/ST/STM32CubeIDE_1.16.0/STM32CubeIDE/plugins/com.st.stm32cube.ide.mcu.externaltools.gnu-tools-for-stm32.12.3.rel1.win32_1.0.200.202406191623/tools/bin/../lib/gcc/arm-none-eabi/12.3.1/../../../../arm-none-eabi/lib/thumb/v7-m/nofp\libc_nano.a(libc_a-mprec.o)
                                 0x70 (size before relaxing)
 .rodata.__multadd.str1.1
                0x0800a004       0x11 C:/ST/STM32CubeIDE_1.16.0/STM32CubeIDE/plugins/com.st.stm32cube.ide.mcu.externaltools.gnu-tools-for-stm32.12.3.rel1.win32_1.0.200.202406191623/tools/bin/../lib/gcc/arm-none-eabi/12.3.1/../../../../arm-none-eabi/lib/thumb/v7-m/nofp\libc_nano.a(libc_a-mprec.o)
 .rodata.p05.0  0x0800a004        0xc C:/ST/STM32CubeIDE_1.16.0/STM32CubeIDE/plugins/com.st.stm32cube.ide.mcu.externaltools.gnu-tools-for-stm32.12.3.rel1.win32_1.0.200.202406191623/tools/bin/../lib/gcc/arm-none-eabi/12.3.1/../../../../arm-none-eabi/lib/thumb/v7-m/nofp\libc_nano.a(libc_a-mprec.o)
 .rodata.__mprec_bigtens
                0x0800a010       0x28 C:/ST/STM32CubeIDE_1.16.0/STM32CubeIDE/plugins/com.st.stm32cube.ide.mcu.externaltools.gnu-tools-for-stm32.12.3.rel1.win32_1.0.200.202406191623/tools/bin/../lib/gcc/arm-none-eabi/12.3.1/../../../../arm-none-eabi/lib/thumb/v7-m/nofp\libc_nano.a(libc_a-mprec.o)
                0x0800a010                __mprec_bigtens
 .rodata.__mprec_tens
                0x0800a038       0xc8 C:/ST/STM32CubeIDE_1.16.0/STM32CubeIDE/plugins/com.st.stm32cube.ide.mcu.externaltools.gnu-tools-for-stm32.12.3.rel1.win32_1.0.200.202406191623/tools/bin/../lib/gcc/arm-none-eabi/12.3.1/../../../../arm-none-eabi/lib/thumb/v7-m/nofp\libc_nano.a(libc_a-mprec.o)
                0x0800a038                __mprec_tens
 .rodata._svfprintf_r.str1.1
                0x0800a100       0x11 C:/ST/STM32CubeIDE_1.16.0/STM32CubeIDE/plugins/com.st.stm32cube.ide.mcu.externaltools.gnu-tools-for-stm32.12.3.rel1.win32_1.0.200.202406191623/tools/bin/../lib/gcc/arm-none-eabi/12.3.1/../../../../arm-none-eabi/lib/thumb/v7-m/nofp\libc_nano.a(libc_a-nano-svfprintf.o)
 .rodata._vfprintf_r.str1.1
                0x0800a111       0x11 C:/ST/STM32CubeIDE_1.16.0/STM32CubeIDE/plugins/com.st.stm32cube.ide.mcu.externaltools.gnu-tools-for-stm32.12.3.rel1.win32_1.0.200.202406191623/tools/bin/../lib/gcc/arm-none-eabi/12.3.1/../../../../arm-none-eabi/lib/thumb/v7-m/nofp\libc_nano.a(libc_a-nano-vfprintf.o)
 .rodata._setlocale_r.str1.1
                0x0800a111        0x8 C:/ST/STM32CubeIDE_1.16.0/STM32CubeIDE/plugins/com.st.stm32cube.ide.mcu.externaltools.gnu-tools-for-stm32.12.3.rel1.win32_1.0.200.202406191623/tools/bin/../lib/gcc/arm-none-eabi/12.3.1/../../../../arm-none-eabi/lib/thumb/v7-m/nofp\libc_nano.a(libc_a-locale.o)
                                  0x9 (size before relaxing)
 .rodata.str1.1
                0x0800a119        0x2 C:/ST/STM32CubeIDE_1.16.0/STM32CubeIDE/plugins/com.st.stm32cube.ide.mcu.externaltools.gnu-tools-for-stm32.12.3.rel1.win32_1.0.200.202406191623/tools/bin/../lib/gcc/arm-none-eabi/12.3.1/../../../../arm-none-eabi/lib/thumb/v7-m/nofp\libc_nano.a(libc_a-locale.o)
 .rodata.__assert_func.str1.1
                0x0800a11b       0x3c C:/ST/STM32CubeIDE_1.16.0/STM32CubeIDE/plugins/com.st.stm32cube.ide.mcu.externaltools.gnu-tools-for-stm32.12.3.rel1.win32_1.0.200.202406191623/tools/bin/../lib/gcc/arm-none-eabi/12.3.1/../../../../arm-none-eabi/lib/thumb/v7-m/nofp\libc_nano.a(libc_a-assert.o)
                                 0x3d (size before relaxing)
 .rodata._ctype_
                0x0800a157      0x101 C:/ST/STM32CubeIDE_1.16.0/STM32CubeIDE/plugins/com.st.stm32cube.ide.mcu.externaltools.gnu-tools-for-stm32.12.3.rel1.win32_1.0.200.202406191623/tools/bin/../lib/gcc/arm-none-eabi/12.3.1/../../../../arm-none-eabi/lib/thumb/v7-m/nofp\libc_nano.a(libc_a-ctype_.o)
                0x0800a157                _ctype_
                0x0800a258                        . = ALIGN (0x4)

.ARM.extab      0x0800a258        0x0
                0x0800a258                        . = ALIGN (0x4)
 *(.ARM.extab* .gnu.linkonce.armextab.*)
                0x0800a258                        . = ALIGN (0x4)

.ARM            0x0800a258        0x8
                0x0800a258                        . = ALIGN (0x4)
                0x0800a258                        __exidx_start = .
 *(.ARM.exidx*)
 .ARM.exidx     0x0800a258        0x8 C:/ST/STM32CubeIDE_1.16.0/STM32CubeIDE/plugins/com.st.stm32cube.ide.mcu.externaltools.gnu-tools-for-stm32.12.3.rel1.win32_1.0.200.202406191623/tools/bin/../lib/gcc/arm-none-eabi/12.3.1/../../../../arm-none-eabi/lib/thumb/v7-m/nofp\libc_nano.a(libc_a-strlen.o)
                0x0800a260                        __exidx_end = .
                0x0800a260                        . = ALIGN (0x4)

.preinit_array  0x0800a260        0x0
                0x0800a260                        . = ALIGN (0x4)
                0x0800a260                        PROVIDE (__preinit_array_start = .)
 *(.preinit_array*)
                0x0800a260                        PROVIDE (__preinit_array_end = .)
                0x0800a260                        . = ALIGN (0x4)

.init_array     0x0800a260        0x4
                0x0800a260                        . = ALIGN (0x4)
                0x0800a260                        PROVIDE (__init_array_start = .)
 *(SORT_BY_NAME(.init_array.*))
 *(.init_array*)
 .init_array    0x0800a260        0x4 C:/ST/STM32CubeIDE_1.16.0/STM32CubeIDE/plugins/com.st.stm32cube.ide.mcu.externaltools.gnu-tools-for-stm32.12.3.rel1.win32_1.0.200.202406191623/tools/bin/../lib/gcc/arm-none-eabi/12.3.1/thumb/v7-m/nofp/crtbegin.o
                0x0800a264                        PROVIDE (__init_array_end = .)
                0x0800a264                        . = ALIGN (0x4)

.fini_array     0x0800a264        0x4
                0x0800a264                        . = ALIGN (0x4)
                [!provide]                        PROVIDE (__fini_array_start = .)
 *(SORT_BY_NAME(.fini_array.*))
 *(.fini_array*)
 .fini_array    0x0800a264        0x4 C:/ST/STM32CubeIDE_1.16.0/STM32CubeIDE/plugins/com.st.stm32cube.ide.mcu.externaltools.gnu-tools-for-stm32.12.3.rel1.win32_1.0.200.202406191623/tools/bin/../lib/gcc/arm-none-eabi/12.3.1/thumb/v7-m/nofp/crtbegin.o
                [!provide]                        PROVIDE (__fini_array_end = .)
                0x0800a268                        . = ALIGN (0x4)
                0x0800a268                        _sidata = LOADADDR (.data)

.rel.dyn        0x0800a268        0x0
 .rel.iplt      0x0800a268        0x0 C:/ST/STM32CubeIDE_1.16.0/STM32CubeIDE/plugins/com.st.stm32cube.ide.mcu.externaltools.gnu-tools-for-stm32.12.3.rel1.win32_1.0.200.202406191623/tools/bin/../lib/gcc/arm-none-eabi/12.3.1/thumb/v7-m/nofp/crtbegin.o

.data           0x20000000      0x34c load address 0x0800a268
                0x20000000                        . = ALIGN (0x4)
                0x20000000                        _sdata = .
 *(.data)
 *(.data*)
 .data.GPS_state_past.0
                0x20000000        0x1 ./Core/Src/main.o
 .data.SD_state_past.1
                0x20000001        0x1 ./Core/Src/main.o
 .data.USB_state_past.2
                0x20000002        0x1 ./Core/Src/main.o
 .data.ADS_state_past.4
                0x20000003        0x1 ./Core/Src/main.o
 .data.USB_state
                0x20000004        0x1 ./Core/Src/main.o
 .data.sps_index
                0x20000005        0x1 ./Core/Src/stm32f1xx_it.o
                0x20000005                sps_index
 *fill*         0x20000006        0x2 
 .data.SystemCoreClock
                0x20000008        0x4 ./Core/Src/system_stm32f1xx.o
                0x20000008                SystemCoreClock
 .data.uwTickFreq
                0x2000000c        0x1 ./Drivers/STM32F1xx_HAL_Driver/Src/stm32f1xx_hal.o
                0x2000000c                uwTickFreq
 *fill*         0x2000000d        0x3 
 .data.uwTickPrio
                0x20000010        0x4 ./Drivers/STM32F1xx_HAL_Driver/Src/stm32f1xx_hal.o
                0x20000010                uwTickPrio
 .data.USBD_CDC_OtherSpeedCfgDesc
                0x20000014       0x43 ./Middlewares/ST/STM32_USB_Device_Library/Class/CDC/Src/usbd_cdc.o
                0x20000014                USBD_CDC_OtherSpeedCfgDesc