../Core/Src/main.c:22:16:startSampling	8	static
../Core/Src/main.c:41:13:keepBlueLEDFlashing	8	static
../Core/Src/main.c:67:5:main	16	static
../Core/Src/main.c:130:6:transmitArrayOverUSB	56	dynamic
../Core/Src/main.c:169:6:SystemClock_Config	88	static
../Core/Src/main.c:217:13:MX_IWDG_Init	8	static
../Core/Src/main.c:235:13:MX_SPI1_Init	8	static
../Core/Src/main.c:260:13:MX_GPIO_Init	40	static
../Core/Src/main.c:305:15:HAL_GPIO_GetOutputPin	24	static
../Core/Src/main.c:320:6:Error_Handler	4	static,ignoring_inline_asm
