../Core/Src/stm32f1xx_it.c:57:6:EXTI0_IRQHandler	8	static
../Core/Src/stm32f1xx_it.c:62:6:HAL_GPIO_EXTI_Callback	24	static
../Core/Src/stm32f1xx_it.c:101:6:NMI_Handler	4	static
../Core/Src/stm32f1xx_it.c:116:6:HardFault_Handler	4	static
../Core/Src/stm32f1xx_it.c:131:6:MemManage_Handler	4	static
../Core/Src/stm32f1xx_it.c:146:6:BusFault_Handler	4	static
../Core/Src/stm32f1xx_it.c:161:6:UsageFault_Handler	4	static
../Core/Src/stm32f1xx_it.c:176:6:SVC_Handler	4	static
../Core/Src/stm32f1xx_it.c:189:6:DebugMon_Handler	4	static
../Core/Src/stm32f1xx_it.c:202:6:PendSV_Handler	4	static
../Core/Src/stm32f1xx_it.c:215:6:SysTick_Handler	8	static
../Core/Src/stm32f1xx_it.c:236:6:USB_LP_CAN1_RX0_IRQHandler	8	static
