../Core/Src/stm32f1xx_it.c:75:6:EXTI0_IRQHandler	8	static
../Core/Src/stm32f1xx_it.c:80:6:HAL_GPIO_EXTI_Callback	24	static
../Core/Src/stm32f1xx_it.c:120:6:NMI_Handler	4	static
../Core/Src/stm32f1xx_it.c:135:6:HardFault_Handler	4	static
../Core/Src/stm32f1xx_it.c:150:6:MemManage_Handler	4	static
../Core/Src/stm32f1xx_it.c:165:6:BusFault_Handler	4	static
../Core/Src/stm32f1xx_it.c:180:6:UsageFault_Handler	4	static
../Core/Src/stm32f1xx_it.c:195:6:SVC_Handler	4	static
../Core/Src/stm32f1xx_it.c:208:6:DebugMon_Handler	4	static
../Core/Src/stm32f1xx_it.c:221:6:PendSV_Handler	4	static
../Core/Src/stm32f1xx_it.c:234:6:SysTick_Handler	8	static
../Core/Src/stm32f1xx_it.c:255:6:USB_LP_CAN1_RX0_IRQHandler	8	static
