04:41:33 **** Incremental Build of configuration Debug for project ADS1256 ****
make all 
arm-none-eabi-gcc "../Core/Src/main.c" -mcpu=cortex-m3 -std=gnu11 -g3 -DDEBUG -DUSE_HAL_DRIVER -DSTM32F103xB -c -I../Core/Inc -I../Drivers/STM32F1xx_HAL_Driver/Inc -I../Drivers/STM32F1xx_HAL_Driver/Inc/Legacy -I../Drivers/CMSIS/Device/ST/STM32F1xx/Include -I../Drivers/CMSIS/Include -I../USB_DEVICE/App -I../USB_DEVICE/Target -I../Middlewares/ST/STM32_USB_Device_Library/Core/Inc -I../Middlewares/ST/STM32_USB_Device_Library/Class/CDC/Inc -O0 -ffunction-sections -fdata-sections -Wall -fstack-usage -fcyclomatic-complexity -MMD -MP -MF"Core/Src/main.d" -MT"Core/Src/main.o" --specs=nano.specs -mfloat-abi=soft -mthumb -o "Core/Src/main.o"
arm-none-eabi-gcc -o "ADS1256.elf" @"objects.list"   -mcpu=cortex-m3 -T"D:\STM_blackpill\ADS1256\STM32F103C8TX_FLASH.ld" --specs=nosys.specs -Wl,-Map="ADS1256.map" -Wl,--gc-sections -static --specs=nano.specs -mfloat-abi=soft -mthumb -Wl,--start-group -lc -lm -Wl,--end-group
Finished building target: ADS1256.elf
 
arm-none-eabi-size  ADS1256.elf 
   text	   data	    bss	    dec	    hex	filename
  40084	    484	   7628	  48196	   bc44	ADS1256.elf
Finished building: default.size.stdout
 
arm-none-eabi-objdump -h -S ADS1256.elf  > "ADS1256.list"
Finished building: ADS1256.list
 

04:41:35 Build Finished. 0 errors, 0 warnings. (took 1s.962ms)

